C:/Users/razie/OneDrive/Documentos/PowerShell/STM32/deps/zephyr/kernel/include/kswap.h:209:19:z_swap_irqlock	0	static
C:/Users/razie/OneDrive/Documentos/PowerShell/STM32/deps/zephyr/kernel/sched.c:329:21:thread_active_elsewhere	0	static
C:/Users/razie/OneDrive/Documentos/PowerShell/STM32/deps/zephyr/kernel/sched.c:560:13:reschedule	8	static
C:/Users/razie/OneDrive/Documentos/PowerShell/STM32/deps/zephyr/kernel/sched.c:348:13:ready_thread	8	static
C:/Users/razie/OneDrive/Documentos/PowerShell/STM32/deps/zephyr/kernel/sched.c:599:13:unready_thread	8	static
C:/Users/razie/OneDrive/Documentos/PowerShell/STM32/deps/zephyr/kernel/sched.c:611:13:add_to_waitq_locked	16	static
C:/Users/razie/OneDrive/Documentos/PowerShell/STM32/deps/zephyr/kernel/sched.c:1306:20:unpend_all	16	static
C:/Users/razie/OneDrive/Documentos/PowerShell/STM32/deps/zephyr/kernel/sched.c:390:13:thread_halt_spin	32	static
C:/Users/razie/OneDrive/Documentos/PowerShell/STM32/deps/zephyr/kernel/sched.c:627:13:add_thread_timeout	8	static
C:/Users/razie/OneDrive/Documentos/PowerShell/STM32/deps/zephyr/kernel/sched.c:634:13:pend_locked	16	static
C:/Users/razie/OneDrive/Documentos/PowerShell/STM32/deps/zephyr/kernel/sched.c:145:6:z_requeue_current	0	static
C:/Users/razie/OneDrive/Documentos/PowerShell/STM32/deps/zephyr/kernel/sched.c:284:6:move_current_to_end_of_prio_q	8	static
C:/Users/razie/OneDrive/Documentos/PowerShell/STM32/deps/zephyr/kernel/sched.c:367:6:z_ready_thread	16	static
C:/Users/razie/OneDrive/Documentos/PowerShell/STM32/deps/zephyr/kernel/sched.c:377:6:z_yield_testing_only	8	static
C:/Users/razie/OneDrive/Documentos/PowerShell/STM32/deps/zephyr/kernel/sched.c:491:6:z_impl_k_thread_suspend	32	static
C:/Users/razie/OneDrive/Documentos/PowerShell/STM32/deps/zephyr/kernel/sched.c:570:6:z_impl_k_thread_resume	8	static
C:/Users/razie/OneDrive/Documentos/PowerShell/STM32/deps/zephyr/kernel/sched.c:644:6:z_pend_thread	32	static
C:/Users/razie/OneDrive/Documentos/PowerShell/STM32/deps/zephyr/kernel/sched.c:653:6:z_unpend_thread_no_timeout	0	static
C:/Users/razie/OneDrive/Documentos/PowerShell/STM32/deps/zephyr/kernel/sched.c:662:6:z_sched_wake_thread_locked	8	static
C:/Users/razie/OneDrive/Documentos/PowerShell/STM32/deps/zephyr/kernel/sched.c:680:6:z_thread_timeout	16	static
C:/Users/razie/OneDrive/Documentos/PowerShell/STM32/deps/zephyr/kernel/sched.c:691:5:z_pend_curr	8	static
C:/Users/razie/OneDrive/Documentos/PowerShell/STM32/deps/zephyr/kernel/sched.c:713:18:z_unpend1_no_timeout	0	static
C:/Users/razie/OneDrive/Documentos/PowerShell/STM32/deps/zephyr/kernel/sched.c:728:6:z_unpend_thread	8	static
C:/Users/razie/OneDrive/Documentos/PowerShell/STM32/deps/zephyr/kernel/sched.c:740:6:z_thread_prio_set	24	static
C:/Users/razie/OneDrive/Documentos/PowerShell/STM32/deps/zephyr/kernel/sched.c:799:6:z_reschedule	8	static
C:/Users/razie/OneDrive/Documentos/PowerShell/STM32/deps/zephyr/kernel/sched.c:804:6:z_reschedule_irqlock	8	static
C:/Users/razie/OneDrive/Documentos/PowerShell/STM32/deps/zephyr/kernel/include/ksched.h:98:20:z_reschedule_unlocked	8	static
C:/Users/razie/OneDrive/Documentos/PowerShell/STM32/deps/zephyr/kernel/sched.c:819:6:k_sched_lock	0	static
C:/Users/razie/OneDrive/Documentos/PowerShell/STM32/deps/zephyr/kernel/sched.c:836:6:k_sched_unlock	16	static
C:/Users/razie/OneDrive/Documentos/PowerShell/STM32/deps/zephyr/kernel/sched.c:852:18:z_swap_next_thread	0	static
C:/Users/razie/OneDrive/Documentos/PowerShell/STM32/deps/zephyr/kernel/sched.c:987:5:z_unpend_all_locked	16	static
C:/Users/razie/OneDrive/Documentos/PowerShell/STM32/deps/zephyr/kernel/sched.c:1006:5:z_unpend_all	8	static
C:/Users/razie/OneDrive/Documentos/PowerShell/STM32/deps/zephyr/kernel/sched.c:1015:6:init_ready_q	0	static
C:/Users/razie/OneDrive/Documentos/PowerShell/STM32/deps/zephyr/kernel/sched.c:1020:6:z_sched_init	8	static
C:/Users/razie/OneDrive/Documentos/PowerShell/STM32/deps/zephyr/kernel/sched.c:1031:6:z_impl_k_thread_priority_set	8	static
C:/Users/razie/OneDrive/Documentos/PowerShell/STM32/deps/zephyr/kernel/sched.c:1121:6:z_impl_k_reschedule	16	static
C:/Users/razie/OneDrive/Documentos/PowerShell/STM32/deps/zephyr/kernel/sched.c:1140:6:k_can_yield	8	static
C:/Users/razie/OneDrive/Documentos/PowerShell/STM32/deps/zephyr/kernel/sched.c:1150:6:z_impl_k_yield	16	static
C:/Users/razie/OneDrive/Documentos/PowerShell/STM32/deps/zephyr/kernel/sched.c:1172:16:z_tick_sleep	24	static
C:/Users/razie/OneDrive/Documentos/PowerShell/STM32/deps/zephyr/kernel/sched.c:1218:9:z_impl_k_sleep	16	static
C:/Users/razie/OneDrive/Documentos/PowerShell/STM32/deps/zephyr/kernel/sched.c:1244:9:z_impl_k_usleep	8	static
C:/Users/razie/OneDrive/Documentos/PowerShell/STM32/deps/zephyr/kernel/sched.c:1268:6:z_impl_k_wakeup	16	static
C:/Users/razie/OneDrive/Documentos/PowerShell/STM32/deps/zephyr/kernel/sched.c:1293:9:z_impl_k_sched_current_thread_query	0	static
C:/Users/razie/OneDrive/Documentos/PowerShell/STM32/deps/zephyr/kernel/sched.c:1429:6:z_thread_abort	32	static
C:/Users/razie/OneDrive/Documentos/PowerShell/STM32/deps/zephyr/kernel/sched.c:1460:5:z_impl_k_thread_join	16	static
C:/Users/razie/OneDrive/Documentos/PowerShell/STM32/deps/zephyr/kernel/sched.c:1555:6:z_sched_wake	24	static
C:/Users/razie/OneDrive/Documentos/PowerShell/STM32/deps/zephyr/kernel/sched.c:1577:5:z_sched_wait	24	static
C:/Users/razie/OneDrive/Documentos/PowerShell/STM32/deps/zephyr/kernel/sched.c:1588:5:z_sched_waitq_walk	32	static
C:/Users/razie/OneDrive/Documentos/PowerShell/STM32/deps/zephyr/kernel/sched.c:1632:6:z_unready_thread	16	static
