C:/Users/razie/OneDrive/Documentos/PowerShell/STM32/deps/zephyr/include/zephyr/sys/slist.h:363:1:sys_slist_insert	0	static
C:/Users/razie/OneDrive/Documentos/PowerShell/STM32/deps/zephyr/include/zephyr/sys/slist.h:406:1:sys_slist_remove	0	static
C:/Users/razie/OneDrive/Documentos/PowerShell/STM32/deps/zephyr/include/zephyr/sys/slist.h:448:1:sys_slist_find_and_remove	8	static
C:/Users/razie/OneDrive/Documentos/PowerShell/STM32/deps/zephyr/kernel/work.c:69:13:handle_flush	0	static
C:/Users/razie/OneDrive/Documentos/PowerShell/STM32/deps/zephyr/kernel/work.c:211:20:queue_remove_locked	8	static
C:/Users/razie/OneDrive/Documentos/PowerShell/STM32/deps/zephyr/kernel/work.c:501:12:cancel_async_locked	8	static
C:/Users/razie/OneDrive/Documentos/PowerShell/STM32/deps/zephyr/kernel/work.c:230:20:notify_queue_locked	8	static
C:/Users/razie/OneDrive/Documentos/PowerShell/STM32/deps/zephyr/kernel/work.c:260:19:queue_submit_locked	16	static
C:/Users/razie/OneDrive/Documentos/PowerShell/STM32/deps/zephyr/kernel/work.c:320:12:submit_to_queue_locked	16	static
C:/Users/razie/OneDrive/Documentos/PowerShell/STM32/deps/zephyr/kernel/work.c:999:13:work_timeout	16	static
C:/Users/razie/OneDrive/Documentos/PowerShell/STM32/deps/zephyr/kernel/include/ksched.h:98:20:z_reschedule_unlocked	8	static
C:/Users/razie/OneDrive/Documentos/PowerShell/STM32/deps/zephyr/kernel/work.c:90:20:init_work_cancel	16	static
C:/Users/razie/OneDrive/Documentos/PowerShell/STM32/deps/zephyr/kernel/work.c:537:13:cancel_sync_locked	8	static
C:/Users/razie/OneDrive/Documentos/PowerShell/STM32/deps/zephyr/kernel/work.c:108:13:finalize_flush_locked	8	static
C:/Users/razie/OneDrive/Documentos/PowerShell/STM32/deps/zephyr/kernel/work.c:128:13:finalize_cancel_locked	8	static
C:/Users/razie/OneDrive/Documentos/PowerShell/STM32/deps/zephyr/kernel/work.c:674:13:work_queue_main	32	static
C:/Users/razie/OneDrive/Documentos/PowerShell/STM32/deps/zephyr/kernel/work.c:1088:12:schedule_for_queue_locked	8	static
C:/Users/razie/OneDrive/Documentos/PowerShell/STM32/deps/zephyr/kernel/work.c:1120:20:unschedule_locked	8	static
C:/Users/razie/OneDrive/Documentos/PowerShell/STM32/deps/zephyr/kernel/work.c:1148:12:cancel_delayable_async_locked	8	static
C:/Users/razie/OneDrive/Documentos/PowerShell/STM32/deps/zephyr/kernel/work.c:153:6:k_work_init	0	static
C:/Users/razie/OneDrive/Documentos/PowerShell/STM32/deps/zephyr/kernel/work.c:71:20:init_flusher	8	static
C:/Users/razie/OneDrive/Documentos/PowerShell/STM32/deps/zephyr/kernel/work.c:190:13:queue_flusher_locked	16	static
C:/Users/razie/OneDrive/Documentos/PowerShell/STM32/deps/zephyr/kernel/work.c:440:13:work_flush_locked	16	static
C:/Users/razie/OneDrive/Documentos/PowerShell/STM32/deps/zephyr/kernel/work.c:169:5:k_work_busy_get	0	static
C:/Users/razie/OneDrive/Documentos/PowerShell/STM32/deps/zephyr/kernel/work.c:378:5:z_work_submit_to_queue	16	static
C:/Users/razie/OneDrive/Documentos/PowerShell/STM32/deps/zephyr/kernel/work.c:393:5:k_work_submit_to_queue	8	static
C:/Users/razie/OneDrive/Documentos/PowerShell/STM32/deps/zephyr/kernel/work.c:414:5:k_work_submit	8	static
C:/Users/razie/OneDrive/Documentos/PowerShell/STM32/deps/zephyr/kernel/work.c:458:6:k_work_flush	16	static
C:/Users/razie/OneDrive/Documentos/PowerShell/STM32/deps/zephyr/kernel/work.c:553:5:k_work_cancel	8	static
C:/Users/razie/OneDrive/Documentos/PowerShell/STM32/deps/zephyr/kernel/work.c:570:6:k_work_cancel_sync	24	static
C:/Users/razie/OneDrive/Documentos/PowerShell/STM32/deps/zephyr/kernel/work.c:804:6:k_work_queue_init	8	static
C:/Users/razie/OneDrive/Documentos/PowerShell/STM32/deps/zephyr/kernel/work.c:815:6:k_work_queue_run	16	static
C:/Users/razie/OneDrive/Documentos/PowerShell/STM32/deps/zephyr/kernel/work.c:845:6:k_work_queue_start	56	static
C:/Users/razie/OneDrive/Documentos/PowerShell/STM32/deps/zephyr/kernel/work.c:899:5:k_work_queue_drain	32	static
C:/Users/razie/OneDrive/Documentos/PowerShell/STM32/deps/zephyr/kernel/work.c:931:5:k_work_queue_unplug	0	static
C:/Users/razie/OneDrive/Documentos/PowerShell/STM32/deps/zephyr/kernel/work.c:951:5:k_work_queue_stop	24	static
C:/Users/razie/OneDrive/Documentos/PowerShell/STM32/deps/zephyr/kernel/work.c:1036:6:k_work_init_delayable	16	static
C:/Users/razie/OneDrive/Documentos/PowerShell/STM32/deps/zephyr/kernel/work.c:1054:5:k_work_delayable_busy_get	0	static
C:/Users/razie/OneDrive/Documentos/PowerShell/STM32/deps/zephyr/kernel/work.c:1155:5:k_work_schedule_for_queue	16	static
C:/Users/razie/OneDrive/Documentos/PowerShell/STM32/deps/zephyr/kernel/work.c:1179:5:k_work_schedule	8	static
C:/Users/razie/OneDrive/Documentos/PowerShell/STM32/deps/zephyr/kernel/work.c:1190:5:k_work_reschedule_for_queue	32	static
C:/Users/razie/OneDrive/Documentos/PowerShell/STM32/deps/zephyr/kernel/work.c:1214:5:k_work_reschedule	8	static
C:/Users/razie/OneDrive/Documentos/PowerShell/STM32/deps/zephyr/kernel/work.c:1225:5:k_work_cancel_delayable	8	static
C:/Users/razie/OneDrive/Documentos/PowerShell/STM32/deps/zephyr/kernel/work.c:1241:6:k_work_cancel_delayable_sync	24	static
C:/Users/razie/OneDrive/Documentos/PowerShell/STM32/deps/zephyr/kernel/work.c:1273:6:k_work_flush_delayable	24	static
