C:/Users/razie/OneDrive/Documentos/PowerShell/STM32/deps/zephyr/lib/heap/heap.c:77:14:chunk_mem	0	static
C:/Users/razie/OneDrive/Documentos/PowerShell/STM32/deps/zephyr/lib/heap/heap.c:87:13:free_list_remove_bidx	0	static
C:/Users/razie/OneDrive/Documentos/PowerShell/STM32/deps/zephyr/lib/heap/heap.c:127:13:free_list_add_bidx	8	static
C:/Users/razie/OneDrive/Documentos/PowerShell/STM32/deps/zephyr/lib/heap/heap.c:209:13:split_chunks	4	static
C:/Users/razie/OneDrive/Documentos/PowerShell/STM32/deps/zephyr/lib/heap/heap.c:225:13:merge_chunks	4	static
C:/Users/razie/OneDrive/Documentos/PowerShell/STM32/deps/zephyr/lib/heap/heap.c:270:18:mem_to_chunkid	0	static
C:/Users/razie/OneDrive/Documentos/PowerShell/STM32/deps/zephyr/lib/heap/heap.c:119:13:free_list_remove	8	static
C:/Users/razie/OneDrive/Documentos/PowerShell/STM32/deps/zephyr/lib/heap/heap.c:163:13:free_list_add	8	static
C:/Users/razie/OneDrive/Documentos/PowerShell/STM32/deps/zephyr/lib/heap/heap.c:233:13:free_chunk	24	static
C:/Users/razie/OneDrive/Documentos/PowerShell/STM32/deps/zephyr/lib/heap/heap.c:547:13:inplace_realloc	32	static
C:/Users/razie/OneDrive/Documentos/PowerShell/STM32/deps/zephyr/lib/heap/heap.c:358:18:alloc_chunk	16	static
C:/Users/razie/OneDrive/Documentos/PowerShell/STM32/deps/zephyr/lib/heap/heap.c:276:6:sys_heap_free	8	static
C:/Users/razie/OneDrive/Documentos/PowerShell/STM32/deps/zephyr/lib/heap/heap.c:346:8:sys_heap_usable_size	16	static
C:/Users/razie/OneDrive/Documentos/PowerShell/STM32/deps/zephyr/lib/heap/heap.c:417:7:sys_heap_alloc	24	static
C:/Users/razie/OneDrive/Documentos/PowerShell/STM32/deps/zephyr/lib/heap/heap.c:459:7:sys_heap_noalign_alloc	8	static
C:/Users/razie/OneDrive/Documentos/PowerShell/STM32/deps/zephyr/lib/heap/heap.c:466:7:sys_heap_aligned_alloc	24	static
C:/Users/razie/OneDrive/Documentos/PowerShell/STM32/deps/zephyr/lib/heap/heap.c:665:7:sys_heap_realloc	24	static
C:/Users/razie/OneDrive/Documentos/PowerShell/STM32/deps/zephyr/lib/heap/heap.c:692:7:sys_heap_aligned_realloc	24	static
C:/Users/razie/OneDrive/Documentos/PowerShell/STM32/deps/zephyr/lib/heap/heap.c:726:6:sys_heap_init	16	static
