C:/Users/razie/OneDrive/Documentos/PowerShell/STM32/deps/zephyr/lib/os/cbprintf_complete.c:317:15:extract_decimal	0	static
C:/Users/razie/OneDrive/Documentos/PowerShell/STM32/deps/zephyr/lib/os/cbprintf_complete.c:338:27:extract_flags	0	static
C:/Users/razie/OneDrive/Documentos/PowerShell/STM32/deps/zephyr/lib/os/cbprintf_complete.c:388:27:extract_width	24	static
C:/Users/razie/OneDrive/Documentos/PowerShell/STM32/deps/zephyr/lib/os/cbprintf_complete.c:420:27:extract_prec	16	static
C:/Users/razie/OneDrive/Documentos/PowerShell/STM32/deps/zephyr/lib/os/cbprintf_complete.c:453:27:extract_length	0	static
C:/Users/razie/OneDrive/Documentos/PowerShell/STM32/deps/zephyr/lib/os/cbprintf_complete.c:513:27:extract_specifier	4	static
C:/Users/razie/OneDrive/Documentos/PowerShell/STM32/deps/zephyr/lib/os/cbprintf_complete.c:643:27:extract_conversion	8	static
C:/Users/razie/OneDrive/Documentos/PowerShell/STM32/deps/zephyr/lib/os/cbprintf_complete.c:763:22:conversion_radix	0	static
C:/Users/razie/OneDrive/Documentos/PowerShell/STM32/deps/zephyr/lib/os/cbprintf_complete.c:790:14:encode_uint	40	static
C:/Users/razie/OneDrive/Documentos/PowerShell/STM32/deps/zephyr/lib/os/cbprintf_complete.c:1348:12:outs	24	static
C:/Users/razie/OneDrive/Documentos/PowerShell/STM32/deps/zephyr/lib/os/cbprintf_complete.c:1369:5:z_cbvprintf_impl	104	static
