C:/Users/razie/OneDrive/Documentos/PowerShell/STM32/deps/zephyr/lib/utils/bitarray.c:29:13:setup_bundle_data	8	static
C:/Users/razie/OneDrive/Documentos/PowerShell/STM32/deps/zephyr/lib/utils/bitarray.c:172:13:set_region	40	static
C:/Users/razie/OneDrive/Documentos/PowerShell/STM32/deps/zephyr/lib/utils/bitarray.c:736:12:set_clear_region	24	static
C:/Users/razie/OneDrive/Documentos/PowerShell/STM32/deps/zephyr/lib/utils/bitarray.c:65:13:match_region	24	static
C:/Users/razie/OneDrive/Documentos/PowerShell/STM32/deps/zephyr/lib/utils/bitarray.c:698:13:is_region_set_clear	48	static
C:/Users/razie/OneDrive/Documentos/PowerShell/STM32/deps/zephyr/lib/utils/bitarray.c:213:5:sys_bitarray_popcount_region	48	static
C:/Users/razie/OneDrive/Documentos/PowerShell/STM32/deps/zephyr/lib/utils/bitarray.c:262:5:sys_bitarray_xor	48	static
C:/Users/razie/OneDrive/Documentos/PowerShell/STM32/deps/zephyr/lib/utils/bitarray.c:320:5:sys_bitarray_set_bit	4	static
C:/Users/razie/OneDrive/Documentos/PowerShell/STM32/deps/zephyr/lib/utils/bitarray.c:348:5:sys_bitarray_clear_bit	4	static
C:/Users/razie/OneDrive/Documentos/PowerShell/STM32/deps/zephyr/lib/utils/bitarray.c:376:5:sys_bitarray_test_bit	4	static
C:/Users/razie/OneDrive/Documentos/PowerShell/STM32/deps/zephyr/lib/utils/bitarray.c:413:5:sys_bitarray_test_and_set_bit	8	static
C:/Users/razie/OneDrive/Documentos/PowerShell/STM32/deps/zephyr/lib/utils/bitarray.c:452:5:sys_bitarray_test_and_clear_bit	8	static
C:/Users/razie/OneDrive/Documentos/PowerShell/STM32/deps/zephyr/lib/utils/bitarray.c:491:5:sys_bitarray_alloc	72	static
C:/Users/razie/OneDrive/Documentos/PowerShell/STM32/deps/zephyr/lib/utils/bitarray.c:577:5:sys_bitarray_find_nth_set	56	static
C:/Users/razie/OneDrive/Documentos/PowerShell/STM32/deps/zephyr/lib/utils/bitarray.c:652:5:sys_bitarray_free	56	static
C:/Users/razie/OneDrive/Documentos/PowerShell/STM32/deps/zephyr/lib/utils/bitarray.c:724:6:sys_bitarray_is_region_set	8	static
C:/Users/razie/OneDrive/Documentos/PowerShell/STM32/deps/zephyr/lib/utils/bitarray.c:730:6:sys_bitarray_is_region_cleared	8	static
C:/Users/razie/OneDrive/Documentos/PowerShell/STM32/deps/zephyr/lib/utils/bitarray.c:762:5:sys_bitarray_test_and_set_region	56	static
C:/Users/razie/OneDrive/Documentos/PowerShell/STM32/deps/zephyr/lib/utils/bitarray.c:797:5:sys_bitarray_set_region	8	static
C:/Users/razie/OneDrive/Documentos/PowerShell/STM32/deps/zephyr/lib/utils/bitarray.c:803:5:sys_bitarray_clear_region	8	static
