C:/Users/razie/OneDrive/Documentos/PowerShell/STM32/deps/modules/hal/cmsis_6/CMSIS/Core/Include/core_cm4.h:2048:34:__NVIC_SystemReset	0	static
C:/Users/razie/OneDrive/Documentos/PowerShell/STM32/deps/zephyr/arch/arm/core/cortex_m/scb.c:41:13:sys_arch_reboot	8	static
C:/Users/razie/OneDrive/Documentos/PowerShell/STM32/deps/zephyr/arch/arm/core/cortex_m/scb.c:57:6:z_arm_clear_arm_mpu_config	0	static
C:/Users/razie/OneDrive/Documentos/PowerShell/STM32/deps/zephyr/arch/arm/core/cortex_m/scb.c:169:6:z_arm_save_scb_context	0	static
C:/Users/razie/OneDrive/Documentos/PowerShell/STM32/deps/zephyr/arch/arm/core/cortex_m/scb.c:211:6:z_arm_restore_scb_context	0	static
