C:/Users/razie/OneDrive/Documentos/PowerShell/STM32/deps/zephyr/drivers/console/uart_console.c:80:12:console_out	8	static
C:/Users/razie/OneDrive/Documentos/PowerShell/STM32/deps/zephyr/drivers/console/uart_console.c:582:13:uart_console_hook_install	8	static
C:/Users/razie/OneDrive/Documentos/PowerShell/STM32/deps/zephyr/drivers/console/uart_console.c:597:12:uart_console_init	8	static
C:/Users/razie/OneDrive/Documentos/PowerShell/STM32/deps/zephyr/drivers/console/uart_console.c:569:6:uart_register_input	0	static
