C:/Users/razie/OneDrive/Documentos/PowerShell/STM32/deps/modules/hal/stm32/stm32cube/stm32f4xx/drivers/src/stm32f4xx_ll_rcc.c:184:13:LL_RCC_DeInit	8	static
C:/Users/razie/OneDrive/Documentos/PowerShell/STM32/deps/modules/hal/stm32/stm32cube/stm32f4xx/drivers/src/stm32f4xx_ll_rcc.c:1157:10:RCC_GetHCLKClockFreq	0	static
C:/Users/razie/OneDrive/Documentos/PowerShell/STM32/deps/modules/hal/stm32/stm32cube/stm32f4xx/drivers/src/stm32f4xx_ll_rcc.c:1168:10:RCC_GetPCLK1ClockFreq	0	static
C:/Users/razie/OneDrive/Documentos/PowerShell/STM32/deps/modules/hal/stm32/stm32cube/stm32f4xx/drivers/src/stm32f4xx_ll_rcc.c:1179:10:RCC_GetPCLK2ClockFreq	0	static
C:/Users/razie/OneDrive/Documentos/PowerShell/STM32/deps/modules/hal/stm32/stm32cube/stm32f4xx/drivers/src/stm32f4xx_ll_rcc.c:1190:10:RCC_PLL_GetFreqDomain_SYS	0	static
C:/Users/razie/OneDrive/Documentos/PowerShell/STM32/deps/modules/hal/stm32/stm32cube/stm32f4xx/drivers/src/stm32f4xx_ll_rcc.c:1119:10:RCC_GetSystemClockFreq	8	static
C:/Users/razie/OneDrive/Documentos/PowerShell/STM32/deps/modules/hal/stm32/stm32cube/stm32f4xx/drivers/src/stm32f4xx_ll_rcc.c:303:6:LL_RCC_GetSystemClocksFreq	8	static
C:/Users/razie/OneDrive/Documentos/PowerShell/STM32/deps/modules/hal/stm32/stm32cube/stm32f4xx/drivers/src/stm32f4xx_ll_rcc.c:1236:10:RCC_PLL_GetFreqDomain_48M	0	static
C:/Users/razie/OneDrive/Documentos/PowerShell/STM32/deps/modules/hal/stm32/stm32cube/stm32f4xx/drivers/src/stm32f4xx_ll_rcc.c:682:10:LL_RCC_GetSDIOClockFreq	8	static
C:/Users/razie/OneDrive/Documentos/PowerShell/STM32/deps/modules/hal/stm32/stm32cube/stm32f4xx/drivers/src/stm32f4xx_ll_rcc.c:848:10:LL_RCC_GetUSBClockFreq	8	static
C:/Users/razie/OneDrive/Documentos/PowerShell/STM32/deps/modules/hal/stm32/stm32cube/stm32f4xx/drivers/src/stm32f4xx_ll_rcc.c:1588:10:RCC_PLLI2S_GetFreqDomain_I2S	0	static
C:/Users/razie/OneDrive/Documentos/PowerShell/STM32/deps/modules/hal/stm32/stm32cube/stm32f4xx/drivers/src/stm32f4xx_ll_rcc.c:370:10:LL_RCC_GetI2SClockFreq	8	static
