C:/Users/razie/OneDrive/Documentos/PowerShell/STM32/deps/zephyr/kernel/timeout.c:29:25:first	0	static
C:/Users/razie/OneDrive/Documentos/PowerShell/STM32/deps/zephyr/kernel/timeout.c:36:25:next	0	static
C:/Users/razie/OneDrive/Documentos/PowerShell/STM32/deps/zephyr/kernel/timeout.c:43:13:remove_timeout	8	static
C:/Users/razie/OneDrive/Documentos/PowerShell/STM32/deps/zephyr/kernel/timeout.c:73:16:next_timeout	8	static
C:/Users/razie/OneDrive/Documentos/PowerShell/STM32/deps/zephyr/kernel/timeout.c:170:18:timeout_rem	16	static
C:/Users/razie/OneDrive/Documentos/PowerShell/STM32/deps/zephyr/kernel/timeout.c:52:16:elapsed	8	static
C:/Users/razie/OneDrive/Documentos/PowerShell/STM32/deps/zephyr/kernel/timeout.c:88:11:z_add_timeout	48	static
C:/Users/razie/OneDrive/Documentos/PowerShell/STM32/deps/zephyr/kernel/timeout.c:147:5:z_abort_timeout	24	static
C:/Users/razie/OneDrive/Documentos/PowerShell/STM32/deps/zephyr/kernel/timeout.c:184:11:z_timeout_remaining	24	static
C:/Users/razie/OneDrive/Documentos/PowerShell/STM32/deps/zephyr/kernel/timeout.c:198:11:z_timeout_expires	24	static
C:/Users/razie/OneDrive/Documentos/PowerShell/STM32/deps/zephyr/kernel/timeout.c:213:9:z_get_next_timeout_expiry	8	static
C:/Users/razie/OneDrive/Documentos/PowerShell/STM32/deps/zephyr/kernel/timeout.c:223:6:sys_clock_announce_locked	16	static
C:/Users/razie/OneDrive/Documentos/PowerShell/STM32/deps/zephyr/kernel/timeout.c:285:9:sys_clock_tick_get	8	static
C:/Users/razie/OneDrive/Documentos/PowerShell/STM32/deps/zephyr/kernel/timeout.c:295:10:sys_clock_tick_get_32	8	static
C:/Users/razie/OneDrive/Documentos/PowerShell/STM32/deps/zephyr/kernel/timeout.c:304:9:z_impl_k_uptime_ticks	8	static
C:/Users/razie/OneDrive/Documentos/PowerShell/STM32/deps/zephyr/kernel/timeout.c:317:15:sys_timepoint_calc	16	static
C:/Users/razie/OneDrive/Documentos/PowerShell/STM32/deps/zephyr/kernel/timeout.c:338:13:sys_timepoint_timeout	24	static
