C:/Users/razie/OneDrive/Documentos/PowerShell/STM32/deps/zephyr/kernel/thread.c:216:15:copy_bytes	8	static
C:/Users/razie/OneDrive/Documentos/PowerShell/STM32/deps/zephyr/kernel/thread.c:383:14:setup_thread_stack	24	static
C:/Users/razie/OneDrive/Documentos/PowerShell/STM32/deps/zephyr/kernel/include/kthread.h:51:20:thread_schedule_new	8	static
C:/Users/razie/OneDrive/Documentos/PowerShell/STM32/deps/zephyr/kernel/thread.c:76:6:k_is_in_isr	0	static
C:/Users/razie/OneDrive/Documentos/PowerShell/STM32/deps/zephyr/kernel/thread.c:111:5:z_impl_k_is_preempt_thread	0	static
C:/Users/razie/OneDrive/Documentos/PowerShell/STM32/deps/zephyr/kernel/thread.c:124:5:z_impl_k_thread_priority_get	0	static
C:/Users/razie/OneDrive/Documentos/PowerShell/STM32/deps/zephyr/kernel/thread.c:138:5:z_impl_k_thread_name_set	8	static
C:/Users/razie/OneDrive/Documentos/PowerShell/STM32/deps/zephyr/kernel/thread.c:193:13:k_thread_name_get	0	static
C:/Users/razie/OneDrive/Documentos/PowerShell/STM32/deps/zephyr/kernel/thread.c:203:5:z_impl_k_thread_name_copy	8	static
C:/Users/razie/OneDrive/Documentos/PowerShell/STM32/deps/zephyr/kernel/thread.c:226:13:k_thread_state_str	32	static
C:/Users/razie/OneDrive/Documentos/PowerShell/STM32/deps/zephyr/kernel/thread.c:876:6:z_init_thread_base	4	static
C:/Users/razie/OneDrive/Documentos/PowerShell/STM32/deps/zephyr/kernel/thread.c:579:7:z_setup_new_thread	56	static
C:/Users/razie/OneDrive/Documentos/PowerShell/STM32/deps/zephyr/kernel/thread.c:785:9:z_impl_k_thread_create	48	static
C:/Users/razie/OneDrive/Documentos/PowerShell/STM32/deps/zephyr/kernel/thread.c:908:20:k_thread_user_mode_enter	8	static
C:/Users/razie/OneDrive/Documentos/PowerShell/STM32/deps/zephyr/kernel/thread.c:1157:5:k_thread_runtime_stats_get	0	static
C:/Users/razie/OneDrive/Documentos/PowerShell/STM32/deps/zephyr/kernel/thread.c:1173:5:k_thread_runtime_stats_all_get	0	static
C:/Users/razie/OneDrive/Documentos/PowerShell/STM32/deps/zephyr/kernel/thread.c:1207:5:k_thread_runtime_stats_cpu_get	0	static
C:/Users/razie/OneDrive/Documentos/PowerShell/STM32/deps/zephyr/kernel/thread.c:1338:6:z_dummy_thread_init	0	static
