Archive member included to satisfy reference by file (symbol)

app/libapp.a(main.c.obj)      (--whole-archive)
app/libapp.a(tm1638.c.obj)    (--whole-archive)
zephyr/libzephyr.a(validate_libc.c.obj)
                              (--whole-archive)
zephyr/libzephyr.a(heap.c.obj)
                              (--whole-archive)
zephyr/libzephyr.a(cbprintf_packaged.c.obj)
                              (--whole-archive)
zephyr/libzephyr.a(clock.c.obj)
                              (--whole-archive)
zephyr/libzephyr.a(printk.c.obj)
                              (--whole-archive)
zephyr/libzephyr.a(sem.c.obj)
                              (--whole-archive)
zephyr/libzephyr.a(thread_entry.c.obj)
                              (--whole-archive)
zephyr/libzephyr.a(cbprintf_complete.c.obj)
                              (--whole-archive)
zephyr/libzephyr.a(assert.c.obj)
                              (--whole-archive)
zephyr/libzephyr.a(dec.c.obj)
                              (--whole-archive)
zephyr/libzephyr.a(hex.c.obj)
                              (--whole-archive)
zephyr/libzephyr.a(rb.c.obj)  (--whole-archive)
zephyr/libzephyr.a(set.c.obj)
                              (--whole-archive)
zephyr/libzephyr.a(timeutil.c.obj)
                              (--whole-archive)
zephyr/libzephyr.a(bitarray.c.obj)
                              (--whole-archive)
zephyr/libzephyr.a(bitmask.c.obj)
                              (--whole-archive)
zephyr/libzephyr.a(getopt.c.obj)
                              (--whole-archive)
zephyr/libzephyr.a(getopt_common.c.obj)
                              (--whole-archive)
zephyr/libzephyr.a(ring_buffer.c.obj)
                              (--whole-archive)
zephyr/libzephyr.a(last_section_id.c.obj)
                              (--whole-archive)
zephyr/libzephyr.a(configs.c.obj)
                              (--whole-archive)
zephyr/libzephyr.a(stm32cube_hal.c.obj)
                              (--whole-archive)
zephyr/libzephyr.a(soc_config.c.obj)
                              (--whole-archive)
zephyr/libzephyr.a(gpioport_mgr.c.obj)
                              (--whole-archive)
zephyr/libzephyr.a(stm32_backup_domain.c.obj)
                              (--whole-archive)
zephyr/libzephyr.a(soc.c.obj)
                              (--whole-archive)
zephyr/libzephyr.a(thread_info.c.obj)
                              (--whole-archive)
zephyr/libzephyr.a(mem_attr.c.obj)
                              (--whole-archive)
zephyr/libzephyr.a(tracing_none.c.obj)
                              (--whole-archive)
zephyr/arch/common/libarch__common.a(sw_isr_common.c.obj)
                              (--whole-archive)
zephyr/arch/common/libarch__common.a(init.c.obj)
                              (--whole-archive)
zephyr/arch/common/libarch__common.a(xip.c.obj)
                              (--whole-archive)
zephyr/arch/arch/arm/core/libarch__arm__core.a(fatal.c.obj)
                              (--whole-archive)
zephyr/arch/arch/arm/core/libarch__arm__core.a(nmi.c.obj)
                              (--whole-archive)
zephyr/arch/arch/arm/core/libarch__arm__core.a(nmi_on_reset.S.obj)
                              (--whole-archive)
zephyr/arch/arch/arm/core/libarch__arm__core.a(tls.c.obj)
                              (--whole-archive)
zephyr/arch/arch/arm/core/cortex_m/libarch__arm__core__cortex_m.a(fault.c.obj)
                              (--whole-archive)
zephyr/arch/arch/arm/core/cortex_m/libarch__arm__core__cortex_m.a(fault_s.S.obj)
                              (--whole-archive)
zephyr/arch/arch/arm/core/cortex_m/libarch__arm__core__cortex_m.a(fpu.c.obj)
                              (--whole-archive)
zephyr/arch/arch/arm/core/cortex_m/libarch__arm__core__cortex_m.a(reset.S.obj)
                              (--whole-archive)
zephyr/arch/arch/arm/core/cortex_m/libarch__arm__core__cortex_m.a(scb.c.obj)
                              (--whole-archive)
zephyr/arch/arch/arm/core/cortex_m/libarch__arm__core__cortex_m.a(vector_table.S.obj)
                              (--whole-archive)
zephyr/arch/arch/arm/core/cortex_m/libarch__arm__core__cortex_m.a(svc.S.obj)
                              (--whole-archive)
zephyr/arch/arch/arm/core/cortex_m/libarch__arm__core__cortex_m.a(irq_manage.c.obj)
                              (--whole-archive)
zephyr/arch/arch/arm/core/cortex_m/libarch__arm__core__cortex_m.a(prep_c.c.obj)
                              (--whole-archive)
zephyr/arch/arch/arm/core/cortex_m/libarch__arm__core__cortex_m.a(thread.c.obj)
                              (--whole-archive)
zephyr/arch/arch/arm/core/cortex_m/libarch__arm__core__cortex_m.a(cpu_idle.c.obj)
                              (--whole-archive)
zephyr/arch/arch/arm/core/cortex_m/libarch__arm__core__cortex_m.a(exc_exit.c.obj)
                              (--whole-archive)
zephyr/arch/arch/arm/core/cortex_m/libarch__arm__core__cortex_m.a(thread_abort.c.obj)
                              (--whole-archive)
[...]
Memory Configuration

Name             Origin             Length             Attributes
FLASH            0x08000000         0x00080000         xr
RAM              0x20000000         0x00018000         xw
SRAM0            0x20000000         0x00018000         rw
IDT_LIST         0xffff7fff         0x00008000         xw
*default*        0x00000000         0xffffffff

Linker script and memory map

                0x08003594                        vfprintf = __l_vfprintf
                0x00000000                        vfscanf = __l_vfscanf
LOAD zephyr/CMakeFiles/zephyr_pre0.dir/misc/empty_file.c.obj
LOAD zephyr/CMakeFiles/offsets.dir/./arch/arm/core/offsets/offsets.c.obj
LOAD app/libapp.a
LOAD zephyr/libzephyr.a
LOAD zephyr/arch/common/libarch__common.a
LOAD zephyr/arch/arch/arm/core/libarch__arm__core.a
LOAD zephyr/arch/arch/arm/core/cortex_m/libarch__arm__core__cortex_m.a
LOAD zephyr/arch/arch/arm/core/mpu/libarch__arm__core__mpu.a
LOAD zephyr/lib/libc/picolibc/liblib__libc__picolibc.a
LOAD zephyr/lib/libc/common/liblib__libc__common.a
LOAD zephyr/lib/posix/c_lib_ext/liblib__posix__c_lib_ext.a
LOAD zephyr/drivers/interrupt_controller/libdrivers__interrupt_controller.a
LOAD zephyr/drivers/clock_control/libdrivers__clock_control.a
LOAD zephyr/drivers/console/libdrivers__console.a
LOAD zephyr/drivers/gpio/libdrivers__gpio.a
LOAD zephyr/drivers/pinctrl/libdrivers__pinctrl.a
LOAD zephyr/drivers/reset/libdrivers__reset.a
LOAD zephyr/drivers/serial/libdrivers__serial.a
LOAD zephyr/drivers/timer/libdrivers__timer.a
LOAD modules/hal_stm32/stm32cube/lib..__modules__hal__stm32__stm32cube.a
LOAD zephyr/kernel/libkernel.a
LOAD zephyr/arch/common/libisr_tables.a
LOAD C:/Users/razie/zephyr-sdk-1.0.1/gnu/arm-zephyr-eabi/bin/../lib/gcc/arm-zephyr-eabi/14.3.0/../../../../arm-zephyr-eabi/lib/thumb/v7e-m/nofp\libc.a
LOAD C:/Users/razie/zephyr-sdk-1.0.1/gnu/arm-zephyr-eabi/bin/../lib/gcc/arm-zephyr-eabi/14.3.0/thumb/v7e-m/nofp\libgcc.a
                0x00000020                        _region_min_align = 0x20

.rel.plt        0x08000000        0x0
 *(SORT_BY_ALIGNMENT(.rel.plt))
                [!provide]                        PROVIDE (__rel_iplt_start = .)
 *(SORT_BY_ALIGNMENT(.rel.iplt))
 .rel.iplt      0x08000000        0x0 app/libapp.a(main.c.obj)
                [!provide]                        PROVIDE (__rel_iplt_end = .)

.rela.plt       0x00000000        0x0
 *(SORT_BY_ALIGNMENT(.rela.plt))
                [!provide]                        PROVIDE (__rela_iplt_start = .)
 *(SORT_BY_ALIGNMENT(.rela.iplt))
                [!provide]                        PROVIDE (__rela_iplt_end = .)

.rel.dyn
 *(SORT_BY_ALIGNMENT(.rel.*))

.rela.dyn
 *(SORT_BY_ALIGNMENT(.rela.*))

/DISCARD/
 *(SORT_BY_ALIGNMENT(.plt))

/DISCARD/
 *(SORT_BY_ALIGNMENT(.iplt))
                0x08000000                        __rom_region_start = 0x8000000

rom_start       0x08000000      0x168
                0x08000000                        __rom_start_address = .
 FILL mask 0x00
                0x08000000                        . = (. + (0x0 - (. - __rom_start_address)))
                0x08000000                        . = ALIGN (0x4)
                0x08000000                        . = ALIGN (0x80)
                0x08000000                        . = ALIGN (0x200)
                0x08000000                        _vector_start = .
 *(SORT_BY_ALIGNMENT(.exc_vector_table))
 *(SORT_BY_ALIGNMENT(.exc_vector_table.*))
 .exc_vector_table._vector_table_section
                0x08000000       0x40 zephyr/arch/arch/arm/core/cortex_m/libarch__arm__core__cortex_m.a(vector_table.S.obj)
                0x08000000                _vector_table
 *(SORT_BY_ALIGNMENT(.vectors))
                0x08000168                        _vector_end = .
                0x08000040                        . = ALIGN (0x4)
 *(SORT_BY_ALIGNMENT(.gnu.linkonce.irq_vector_table*))
 .gnu.linkonce.irq_vector_table
                0x08000040      0x128 zephyr/arch/common/libisr_tables.a(isr_tables.c.obj)
                0x08000040                _irq_vector_table
                0x08000168                        _vector_end = .

text            0x08000168     0x51d0
                0x08000168                        __text_region_start = .
 *(SORT_BY_ALIGNMENT(.text))
 .text          0x08000168      0x134 C:/Users/razie/zephyr-sdk-1.0.1/gnu/arm-zephyr-eabi/bin/../lib/gcc/arm-zephyr-eabi/14.3.0/../../../../arm-zephyr-eabi/lib/thumb/v7e-m/nofp\libc.a(memcpy.S.o)
                0x08000168                __aeabi_memcpy
                0x08000168                __aeabi_memcpy4
                0x08000168                __aeabi_memcpy8
                0x08000168                memcpy
 .text          0x0800029c       0x30 C:/Users/razie/zephyr-sdk-1.0.1/gnu/arm-zephyr-eabi/bin/../lib/gcc/arm-zephyr-eabi/14.3.0/thumb/v7e-m/nofp\libgcc.a(_aeabi_uldivmod.o)
                0x0800029c                __aeabi_uldivmod
 .text          0x080002cc        0x4 C:/Users/razie/zephyr-sdk-1.0.1/gnu/arm-zephyr-eabi/bin/../lib/gcc/arm-zephyr-eabi/14.3.0/thumb/v7e-m/nofp\libgcc.a(_dvmd_tls.o)
                0x080002cc                __aeabi_idiv0
                0x080002cc                __aeabi_ldiv0
 .text          0x080002d0      0x2bc C:/Users/razie/zephyr-sdk-1.0.1/gnu/arm-zephyr-eabi/bin/../lib/gcc/arm-zephyr-eabi/14.3.0/thumb/v7e-m/nofp\libgcc.a(_udivmoddi4.o)
                0x080002d0                __udivmoddi4
 *(SORT_BY_ALIGNMENT(.text.*))
 .text.main     0x0800058c      0x138 app/libapp.a(main.c.obj)
                0x0800058c                main
 .text.send_byte
                0x080006c4       0x54 app/libapp.a(tm1638.c.obj)
 .text.write_at
                0x08000718       0x54 app/libapp.a(tm1638.c.obj)
 .text.recv_byte
                0x0800076c       0x60 app/libapp.a(tm1638.c.obj)
 .text.scan_keys_raw
                0x080007cc       0x88 app/libapp.a(tm1638.c.obj)
 .text.tm1638_set_brightness
                0x08000854       0x40 app/libapp.a(tm1638.c.obj)
                0x08000854                tm1638_set_brightness
 .text.tm1638_set_digit
                0x08000894       0x2c app/libapp.a(tm1638.c.obj)
                0x08000894                tm1638_set_digit
 .text.tm1638_clear
                0x080008c0       0x2c app/libapp.a(tm1638.c.obj)
                0x080008c0                tm1638_clear
 .text.tm1638_init
                0x080008ec       0xf0 app/libapp.a(tm1638.c.obj)
                0x080008ec                tm1638_init
 .text.tm1638_clear_digits
                0x080009dc       0x30 app/libapp.a(tm1638.c.obj)
                0x080009dc                tm1638_clear_digits
 .text.tm1638_display
                0x08000a0c       0x78 app/libapp.a(tm1638.c.obj)
                0x08000a0c                tm1638_display
 .text.tm1638_clear_leds
                0x08000a84       0x30 app/libapp.a(tm1638.c.obj)
                0x08000a84                tm1638_clear_leds
 .text.tm1638_set_led
                0x08000ab4       0x3c app/libapp.a(tm1638.c.obj)
                0x08000ab4                tm1638_set_led
 .text.tm1638_get_button
                0x08000af0       0xb4 app/libapp.a(tm1638.c.obj)
                0x08000af0                tm1638_get_button
 .text.char_out
                0x08000ba4       0x10 zephyr/libzephyr.a(printk.c.obj)
 .text.__printk_hook_install
                0x08000bb4        0xc zephyr/libzephyr.a(printk.c.obj)
                0x08000bb4                __printk_hook_install
 .text.vprintk  0x08000bc0       0x30 zephyr/libzephyr.a(printk.c.obj)
                0x08000bc0                vprintk
 .text.z_thread_entry
                0x08000bf0       0x34 zephyr/libzephyr.a(thread_entry.c.obj)
                0x08000bf0                z_thread_entry
 .text.st_stm32_common_config
                0x08000c24       0x14 zephyr/libzephyr.a(soc_config.c.obj)
 .text.stm32_gpioport_pm_action
                0x08000c38       0x54 zephyr/libzephyr.a(gpioport_mgr.c.obj)
 .text.stm32_gpioport_init
                0x08000c8c       0x10 zephyr/libzephyr.a(gpioport_mgr.c.obj)
 .text.stm32_gpioport_get
                0x08000c9c       0x24 zephyr/libzephyr.a(gpioport_mgr.c.obj)
                0x08000c9c                stm32_gpioport_get
 .text.soc_early_init_hook
                0x08000cc0       0x30 zephyr/libzephyr.a(soc.c.obj)
                0x08000cc0                soc_early_init_hook
 .text.mem_attr_get_regions
                0x08000cf0        0xc zephyr/libzephyr.a(mem_attr.c.obj)
                0x08000cf0                mem_attr_get_regions
 .text.arch_bss_zero
                0x08000cfc       0x18 zephyr/arch/common/libarch__common.a(init.c.obj)
                0x08000cfc                arch_bss_zero
 .text.arch_data_copy
                0x08000d14       0x34 zephyr/arch/common/libarch__common.a(xip.c.obj)
                0x08000d14                arch_data_copy
 .text.esf_dump
                0x08000d48       0x40 zephyr/arch/arch/arm/core/libarch__arm__core.a(fatal.c.obj)
 .text.z_arm_fatal_error
                0x08000d88       0x30 zephyr/arch/arch/arm/core/libarch__arm__core.a(fatal.c.obj)
                0x08000d88                z_arm_fatal_error
 .text.z_SysNmiOnReset
                0x08000db8        0x8 zephyr/arch/arch/arm/core/libarch__arm__core.a(nmi_on_reset.S.obj)
                0x08000db8                z_SysNmiOnReset
 .text.z_tls_copy
                0x08000dc0       0x28 zephyr/arch/arch/arm/core/libarch__arm__core.a(tls.c.obj)
 .text.arch_tls_stack_setup
                0x08000de8       0x28 zephyr/arch/arch/arm/core/libarch__arm__core.a(tls.c.obj)
                0x08000de8                arch_tls_stack_setup
 .text.z_arm_is_synchronous_svc
                0x08000e10       0x48 zephyr/arch/arch/arm/core/cortex_m/libarch__arm__core__cortex_m.a(fault.c.obj)
 .text.get_esf  0x08000e58       0x40 zephyr/arch/arch/arm/core/cortex_m/libarch__arm__core__cortex_m.a(fault.c.obj)
 .text.bus_fault
                0x08000e98       0xec zephyr/arch/arch/arm/core/cortex_m/libarch__arm__core__cortex_m.a(fault.c.obj)
 .text.usage_fault
                0x08000f84       0xb4 zephyr/arch/arch/arm/core/cortex_m/libarch__arm__core__cortex_m.a(fault.c.obj)
 .text.debug_monitor
                0x08001038       0x14 zephyr/arch/arch/arm/core/cortex_m/libarch__arm__core__cortex_m.a(fault.c.obj)
 .text.reserved_exception
                0x0800104c       0x24 zephyr/arch/arch/arm/core/cortex_m/libarch__arm__core__cortex_m.a(fault.c.obj)
 .text.mem_manage_fault
                0x08001070      0x128 zephyr/arch/arch/arm/core/cortex_m/libarch__arm__core__cortex_m.a(fault.c.obj)
 .text.hard_fault
                0x08001198       0xb8 zephyr/arch/arch/arm/core/cortex_m/libarch__arm__core__cortex_m.a(fault.c.obj)
 .text.z_arm_fault
                0x08001250       0x84 zephyr/arch/arch/arm/core/cortex_m/libarch__arm__core__cortex_m.a(fault.c.obj)
                0x08001250                z_arm_fault
 .text.z_arm_fault_init
                0x080012d4       0x18 zephyr/arch/arch/arm/core/cortex_m/libarch__arm__core__cortex_m.a(fault.c.obj)
                0x080012d4                z_arm_fault_init
 .text.__fault  0x080012ec       0x14 zephyr/arch/arch/arm/core/cortex_m/libarch__arm__core__cortex_m.a(fault_s.S.obj)
                0x080012ec                z_arm_usage_fault
                0x080012ec                z_arm_mpu_fault
                0x080012ec                z_arm_exc_spurious
                0x080012ec                z_arm_debug_monitor
                0x080012ec                z_arm_hard_fault
                0x080012ec                z_arm_bus_fault
 .text._reset_section
                0x08001300       0x40 zephyr/arch/arch/arm/core/cortex_m/libarch__arm__core__cortex_m.a(reset.S.obj)
                0x08001300                __start
                0x08001300                z_arm_reset
 .text.z_arm_svc
                0x08001340       0x24 zephyr/arch/arch/arm/core/cortex_m/libarch__arm__core__cortex_m.a(svc.S.obj)
                0x08001340                z_arm_svc
 .text.__NVIC_EnableIRQ
                0x08001364       0x1c zephyr/arch/arch/arm/core/cortex_m/libarch__arm__core__cortex_m.a(irq_manage.c.obj)
 .text.__NVIC_SetPriority
                0x08001380       0x28 zephyr/arch/arch/arm/core/cortex_m/libarch__arm__core__cortex_m.a(irq_manage.c.obj)
 .text.relocate_vector_table
                0x080013a8       0x1c zephyr/arch/arch/arm/core/cortex_m/libarch__arm__core__cortex_m.a(prep_c.c.obj)
                0x080013a8                relocate_vector_table
 .text.z_prep_c
                0x080013c4       0x38 zephyr/arch/arch/arm/core/cortex_m/libarch__arm__core__cortex_m.a(prep_c.c.obj)
                0x080013c4                z_prep_c
 .text.min_stack
                0x080013fc       0x48 zephyr/arch/arch/arm/core/cortex_m/libarch__arm__core__cortex_m.a(thread.c.obj)
 .text.arch_new_thread
                0x08001444       0x44 zephyr/arch/arch/arm/core/cortex_m/libarch__arm__core__cortex_m.a(thread.c.obj)
                0x08001444                arch_new_thread
 .text.arch_switch_to_main_thread
                0x08001488       0x40 zephyr/arch/arch/arm/core/cortex_m/libarch__arm__core__cortex_m.a(thread.c.obj)
                0x08001488                arch_switch_to_main_thread
 .text.z_arm_cpu_idle_init
                0x080014c8        0xc zephyr/arch/arch/arm/core/cortex_m/libarch__arm__core__cortex_m.a(cpu_idle.c.obj)
                0x080014c8                z_arm_cpu_idle_init
 .text._HandlerModeExit
                0x080014d4       0x20 zephyr/arch/arch/arm/core/cortex_m/libarch__arm__core__cortex_m.a(exc_exit.c.obj)
                0x080014d4                z_arm_int_exit
                0x080014d4                z_arm_exc_exit
 .text.z_impl_k_thread_abort
                0x080014f4       0x34 zephyr/arch/arch/arm/core/cortex_m/libarch__arm__core__cortex_m.a(thread_abort.c.obj)
                0x080014f4                z_impl_k_thread_abort
 .text.z_arm_pendsv
                0x08001528       0x64 zephyr/arch/arch/arm/core/cortex_m/libarch__arm__core__cortex_m.a(swap_helper.S.obj)
                0x08001528                z_arm_pendsv
 .text.z_arm_interrupt_init
                0x0800158c       0x34 zephyr/arch/arch/arm/core/cortex_m/libarch__arm__core__cortex_m.a(irq_init.c.obj)
                0x0800158c                z_arm_interrupt_init
 .text._isr_wrapper
                0x080015c0       0x20 zephyr/arch/arch/arm/core/cortex_m/libarch__arm__core__cortex_m.a(isr_wrapper.c.obj)
                0x080015c0                _isr_wrapper
 .text.__aeabi_read_tp
                0x080015e0        0xc zephyr/arch/arch/arm/core/cortex_m/libarch__arm__core__cortex_m.a(__aeabi_read_tp.S.obj)
                0x080015e0                __aeabi_read_tp
 .text.z_arm_configure_static_mpu_regions
                0x080015ec       0x1c zephyr/arch/arch/arm/core/mpu/libarch__arm__core__mpu.a(arm_core_mpu.c.obj)
                0x080015ec                z_arm_configure_static_mpu_regions
 .text.z_arm_configure_dynamic_mpu_regions
                0x08001608       0x24 zephyr/arch/arch/arm/core/mpu/libarch__arm__core__mpu.a(arm_core_mpu.c.obj)
                0x08001608                z_arm_configure_dynamic_mpu_regions
 .text.region_init
                0x0800162c       0x28 zephyr/arch/arch/arm/core/mpu/libarch__arm__core__mpu.a(arm_mpu.c.obj)
 .text.region_allocate_and_init
                0x08001654       0x28 zephyr/arch/arch/arm/core/mpu/libarch__arm__core__mpu.a(arm_mpu.c.obj)
 .text.mpu_configure_static_mpu_regions
                0x0800167c       0x14 zephyr/arch/arch/arm/core/mpu/libarch__arm__core__mpu.a(arm_mpu.c.obj)
 .text.mpu_configure_dynamic_mpu_regions
                0x08001690       0x3c zephyr/arch/arch/arm/core/mpu/libarch__arm__core__mpu.a(arm_mpu.c.obj)
 .text.arm_core_mpu_enable
                0x080016cc       0x18 zephyr/arch/arch/arm/core/mpu/libarch__arm__core__mpu.a(arm_mpu.c.obj)
                0x080016cc                arm_core_mpu_enable
 .text.arm_core_mpu_disable
                0x080016e4       0x14 zephyr/arch/arch/arm/core/mpu/libarch__arm__core__mpu.a(arm_mpu.c.obj)
                0x080016e4                arm_core_mpu_disable
 .text.z_arm_mpu_init
                0x080016f8       0x80 zephyr/arch/arch/arm/core/mpu/libarch__arm__core__mpu.a(arm_mpu.c.obj)
                0x080016f8                z_arm_mpu_init
 .text.z_impl_zephyr_fputc
                0x08001778       0x10 zephyr/lib/libc/picolibc/liblib__libc__picolibc.a(stdio.c.obj)
                0x08001778                z_impl_zephyr_fputc
 .text.__stdout_hook_install
                0x08001788       0x18 zephyr/lib/libc/picolibc/liblib__libc__picolibc.a(stdio.c.obj)
                0x08001788                __stdout_hook_install
 .text.malloc_prepare
                0x080017a0       0x24 zephyr/lib/libc/common/liblib__libc__common.a(malloc.c.obj)
 .text.stm32_exti_enable_clocks
                0x080017c4       0x34 zephyr/drivers/interrupt_controller/libdrivers__interrupt_controller.a(intc_exti_stm32.c.obj)
 .text.stm32_exti_is_pending
                0x080017f8       0x24 zephyr/drivers/interrupt_controller/libdrivers__interrupt_controller.a(intc_exti_stm32.c.obj)
                0x080017f8                stm32_exti_is_pending
 .text.stm32_exti_clear_pending
                0x0800181c       0x20 zephyr/drivers/interrupt_controller/libdrivers__interrupt_controller.a(intc_exti_stm32.c.obj)
                0x0800181c                stm32_exti_clear_pending
 .text.stm32_fill_irq_table
                0x0800183c       0x24 zephyr/drivers/interrupt_controller/libdrivers__interrupt_controller.a(intc_gpio_stm32.c.obj)
 .text.stm32_intc_gpio_isr
                0x08001860       0x48 zephyr/drivers/interrupt_controller/libdrivers__interrupt_controller.a(intc_gpio_stm32.c.obj)
 .text.LL_SYSCFG_SetEXTISource
                0x080018a8       0x38 zephyr/drivers/interrupt_controller/libdrivers__interrupt_controller.a(intc_gpio_stm32.c.obj)
 .text.LL_SYSCFG_GetEXTISource
                0x080018e0       0x28 zephyr/drivers/interrupt_controller/libdrivers__interrupt_controller.a(intc_gpio_stm32.c.obj)
 .text.stm32_gpio_intc_enable_line
                0x08001908       0x30 zephyr/drivers/interrupt_controller/libdrivers__interrupt_controller.a(intc_gpio_stm32.c.obj)
                0x08001908                stm32_gpio_intc_enable_line
 .text.stm32_gpio_intc_disable_line
                0x08001938       0x10 zephyr/drivers/interrupt_controller/libdrivers__interrupt_controller.a(intc_gpio_stm32.c.obj)
                0x08001938                stm32_gpio_intc_disable_line
 .text.stm32_gpio_intc_select_line_trigger
                0x08001948       0x58 zephyr/drivers/interrupt_controller/libdrivers__interrupt_controller.a(intc_gpio_stm32.c.obj)
                0x08001948                stm32_gpio_intc_select_line_trigger
 .text.stm32_gpio_intc_set_irq_callback
                0x080019a0       0x4c zephyr/drivers/interrupt_controller/libdrivers__interrupt_controller.a(intc_gpio_stm32.c.obj)
                0x080019a0                stm32_gpio_intc_set_irq_callback
 .text.stm32_gpio_intc_remove_irq_callback
                0x080019ec       0x24 zephyr/drivers/interrupt_controller/libdrivers__interrupt_controller.a(intc_gpio_stm32.c.obj)
                0x080019ec                stm32_gpio_intc_remove_irq_callback
 .text.stm32_clock_switch_to_hsi
                0x08001a10       0x38 zephyr/drivers/clock_control/libdrivers__clock_control.a(clock_stm32_ll_common.c.obj)
 .text.set_up_fixed_clock_sources
                0x08001a48       0x38 zephyr/drivers/clock_control/libdrivers__clock_control.a(clock_stm32_ll_common.c.obj)
 .text.stm32_clock_control_get_subsys_rate
                0x08001a80      0x118 zephyr/drivers/clock_control/libdrivers__clock_control.a(clock_stm32_ll_common.c.obj)
 .text.set_up_plls
                0x08001b98       0x78 zephyr/drivers/clock_control/libdrivers__clock_control.a(clock_stm32_ll_common.c.obj)
 .text.enabled_clock
                0x08001c10       0x24 zephyr/drivers/clock_control/libdrivers__clock_control.a(clock_stm32_ll_common.c.obj)
                0x08001c10                enabled_clock
 .text.stm32_clock_control_init
                0x08001c34       0xa4 zephyr/drivers/clock_control/libdrivers__clock_control.a(clock_stm32_ll_common.c.obj)
                0x08001c34                stm32_clock_control_init
 .text.get_pllsrc_frequency
                0x08001cd8        0x8 zephyr/drivers/clock_control/libdrivers__clock_control.a(clock_stm32f2_f4_f7.c.obj)
                0x08001cd8                get_pllsrc_frequency
 .text.config_pll_sysclock
                0x08001ce0       0x48 zephyr/drivers/clock_control/libdrivers__clock_control.a(clock_stm32f2_f4_f7.c.obj)
                0x08001ce0                config_pll_sysclock
 .text.config_enable_default_clocks
                0x08001d28       0x20 zephyr/drivers/clock_control/libdrivers__clock_control.a(clock_stm32f2_f4_f7.c.obj)
                0x08001d28                config_enable_default_clocks
 .text.console_out
                0x08001d48       0x28 zephyr/drivers/console/libdrivers__console.a(uart_console.c.obj)
 .text.uart_console_hook_install
                0x08001d70       0x18 zephyr/drivers/console/libdrivers__console.a(uart_console.c.obj)
 .text.uart_console_init
                0x08001d88       0x1c zephyr/drivers/console/libdrivers__console.a(uart_console.c.obj)
 .text.gpio_stm32_pin_interrupt_configure
                0x08001da4       0x94 zephyr/drivers/gpio/libdrivers__gpio.a(gpio_stm32.c.obj)
 .text.LL_USART_SetBaudRate
                0x08001e38       0xcc zephyr/drivers/serial/libdrivers__serial.a(uart_stm32.c.obj)
 .text.uart_stm32_set_baudrate
                0x08001f04       0xa4 zephyr/drivers/serial/libdrivers__serial.a(uart_stm32.c.obj)
 .text.uart_stm32_configure
                0x08001fa8      0x130 zephyr/drivers/serial/libdrivers__serial.a(uart_stm32.c.obj)
 .text.uart_stm32_poll_in
                0x080020d8       0x10 zephyr/drivers/serial/libdrivers__serial.a(uart_stm32.c.obj)
 .text.uart_stm32_poll_out
                0x080020e8       0x10 zephyr/drivers/serial/libdrivers__serial.a(uart_stm32.c.obj)
 .text.elapsed  0x080020f8       0x48 zephyr/drivers/timer/libdrivers__timer.a(cortex_m_systick.c.obj)
 .text.sys_clock_driver_init
                0x08002140       0x34 zephyr/drivers/timer/libdrivers__timer.a(cortex_m_systick.c.obj)
 .text.sys_clock_isr
                0x08002174       0x68 zephyr/drivers/timer/libdrivers__timer.a(cortex_m_systick.c.obj)
                0x08002174                sys_clock_isr
 .text.sys_clock_set_timeout
                0x080021dc      0x124 zephyr/drivers/timer/libdrivers__timer.a(cortex_m_systick.c.obj)
                0x080021dc                sys_clock_set_timeout
 .text.sys_clock_elapsed
                0x08002300       0x40 zephyr/drivers/timer/libdrivers__timer.a(cortex_m_systick.c.obj)
                0x08002300                sys_clock_elapsed
 .text.sys_clock_cycle_get_32
                0x08002340       0x28 zephyr/drivers/timer/libdrivers__timer.a(cortex_m_systick.c.obj)
                0x08002340                sys_clock_cycle_get_32
 .text.HAL_RCC_GetSysClockFreq
                0x08002368       0xdc modules/hal_stm32/stm32cube/lib..__modules__hal__stm32__stm32cube.a(stm32f4xx_hal_rcc.c.obj)
                0x08002368                HAL_RCC_GetSysClockFreq
 .text.LL_SetFlashLatency
                0x08002444       0x98 modules/hal_stm32/stm32cube/lib..__modules__hal__stm32__stm32cube.a(stm32f4xx_ll_utils.c.obj)
                0x08002444                LL_SetFlashLatency
 .text.z_fatal_error
                0x080024dc       0x2c zephyr/kernel/libkernel.a(fatal.c.obj)
                0x080024dc                z_fatal_error
 .text.init_idle_thread
                0x08002508       0x60 zephyr/kernel/libkernel.a(init.c.obj)
 .text.z_sys_init_run_level
                0x08002568       0x38 zephyr/kernel/libkernel.a(init.c.obj)
 .text.thread_schedule_new
                0x080025a0       0x1c zephyr/kernel/libkernel.a(init.c.obj)
 .text.z_init_static_threads
                0x080025bc       0x70 zephyr/kernel/libkernel.a(init.c.obj)
 .text.bg_thread_main
                0x0800262c       0x34 zephyr/kernel/libkernel.a(init.c.obj)
 .text.switch_to_main_thread
                0x08002660       0x14 zephyr/kernel/libkernel.a(init.c.obj)
 .text.z_init_cpu
                0x08002674       0x44 zephyr/kernel/libkernel.a(init.c.obj)
                0x08002674                z_init_cpu
 .text.prepare_multithreading
                0x080026b8       0x60 zephyr/kernel/libkernel.a(init.c.obj)
 .text.z_cstart
                0x08002718       0x78 zephyr/kernel/libkernel.a(init.c.obj)
                0x08002718                z_cstart
 .text.z_setup_new_thread
                0x08002790       0xc4 zephyr/kernel/libkernel.a(thread.c.obj)
                0x08002790                z_setup_new_thread
 .text.z_dummy_thread_init
                0x08002854       0x20 zephyr/kernel/libkernel.a(thread.c.obj)
                0x08002854                z_dummy_thread_init
 .text.z_swap_irqlock
                0x08002874       0x34 zephyr/kernel/libkernel.a(sched.c.obj)
 .text.reschedule
                0x080028a8       0x34 zephyr/kernel/libkernel.a(sched.c.obj)
 .text.ready_thread
                0x080028dc       0xb0 zephyr/kernel/libkernel.a(sched.c.obj)
 .text.unready_thread
                0x0800298c       0x68 zephyr/kernel/libkernel.a(sched.c.obj)
 .text.thread_halt_spin
                0x080029f4      0x11c zephyr/kernel/libkernel.a(sched.c.obj)
 .text.move_current_to_end_of_prio_q
                0x08002b10       0x88 zephyr/kernel/libkernel.a(sched.c.obj)
                0x08002b10                move_current_to_end_of_prio_q
 .text.k_sched_lock
                0x08002b98       0x30 zephyr/kernel/libkernel.a(sched.c.obj)
                0x08002b98                k_sched_lock
 .text.k_sched_unlock
                0x08002bc8       0x64 zephyr/kernel/libkernel.a(sched.c.obj)
                0x08002bc8                k_sched_unlock
 .text.z_sched_init
                0x08002c2c       0x10 zephyr/kernel/libkernel.a(sched.c.obj)
                0x08002c2c                z_sched_init
 .text.z_impl_k_yield
                0x08002c3c       0x9c zephyr/kernel/libkernel.a(sched.c.obj)
                0x08002c3c                z_impl_k_yield
 .text.z_tick_sleep
                0x08002cd8       0x7c zephyr/kernel/libkernel.a(sched.c.obj)
 .text.z_impl_k_sleep
                0x08002d54       0x78 zephyr/kernel/libkernel.a(sched.c.obj)
                0x08002d54                z_impl_k_sleep
 .text.z_impl_k_wakeup
                0x08002dcc       0x48 zephyr/kernel/libkernel.a(sched.c.obj)
                0x08002dcc                z_impl_k_wakeup
 .text.z_impl_k_sched_current_thread_query
                0x08002e14        0xc zephyr/kernel/libkernel.a(sched.c.obj)
                0x08002e14                z_impl_k_sched_current_thread_query
 .text.z_thread_abort
                0x08002e20      0x16c zephyr/kernel/libkernel.a(sched.c.obj)
                0x08002e20                z_thread_abort
 .text.z_time_slice_size
                0x08002f8c       0x44 zephyr/kernel/libkernel.a(timeslicing.c.obj)
 .text.slice_timeout
                0x08002fd0       0x20 zephyr/kernel/libkernel.a(timeslicing.c.obj)
 .text.z_reset_time_slice
                0x08002ff0       0x44 zephyr/kernel/libkernel.a(timeslicing.c.obj)
                0x08002ff0                z_reset_time_slice
 .text.z_time_slice
                0x08003034       0x70 zephyr/kernel/libkernel.a(timeslicing.c.obj)
                0x08003034                z_time_slice
 .text.z_thread_monitor_exit
                0x080030a4       0x3c zephyr/kernel/libkernel.a(thread_monitor.c.obj)
                0x080030a4                z_thread_monitor_exit
 .text.first    0x080030e0       0x14 zephyr/kernel/libkernel.a(timeout.c.obj)
 .text.next     0x080030f4       0x18 zephyr/kernel/libkernel.a(timeout.c.obj)
 .text.elapsed  0x0800310c       0x18 zephyr/kernel/libkernel.a(timeout.c.obj)
 .text.z_add_timeout
                0x08003124      0x134 zephyr/kernel/libkernel.a(timeout.c.obj)
                0x08003124                z_add_timeout
 .text.sys_clock_announce_locked
                0x08003258       0xc4 zephyr/kernel/libkernel.a(timeout.c.obj)
                0x08003258                sys_clock_announce_locked
 .text.sys_clock_tick_get
                0x0800331c       0x40 zephyr/kernel/libkernel.a(timeout.c.obj)
                0x0800331c                sys_clock_tick_get
 .text.boot_banner
                0x0800335c       0x10 zephyr/kernel/libkernel.a(banner.c.obj)
                0x0800335c                boot_banner
 .text.memset   0x0800336c       0xb0 C:/Users/razie/zephyr-sdk-1.0.1/gnu/arm-zephyr-eabi/bin/../lib/gcc/arm-zephyr-eabi/14.3.0/../../../../arm-zephyr-eabi/lib/thumb/v7e-m/nofp\libc.a(memset.c.o)
                0x0800336c                memset
 .text.strncpy  0x0800341c       0x58 C:/Users/razie/zephyr-sdk-1.0.1/gnu/arm-zephyr-eabi/bin/../lib/gcc/arm-zephyr-eabi/14.3.0/../../../../arm-zephyr-eabi/lib/thumb/v7e-m/nofp\libc.a(libc_string_strncpy.c.o)
                0x0800341c                strncpy
 .text.strnlen  0x08003474       0x24 C:/Users/razie/zephyr-sdk-1.0.1/gnu/arm-zephyr-eabi/bin/../lib/gcc/arm-zephyr-eabi/14.3.0/../../../../arm-zephyr-eabi/lib/thumb/v7e-m/nofp\libc.a(libc_string_strnlen.c.o)
                0x08003474                strnlen
 .text.__ultoa_invert
                0x08003498       0xfc C:/Users/razie/zephyr-sdk-1.0.1/gnu/arm-zephyr-eabi/bin/../lib/gcc/arm-zephyr-eabi/14.3.0/../../../../arm-zephyr-eabi/lib/thumb/v7e-m/nofp\libc.a(libc_tinystdio_vflprintf.c.o)
 .text.__l_vfprintf
                0x08003594      0x9b4 C:/Users/razie/zephyr-sdk-1.0.1/gnu/arm-zephyr-eabi/bin/../lib/gcc/arm-zephyr-eabi/14.3.0/../../../../arm-zephyr-eabi/lib/thumb/v7e-m/nofp\libc.a(libc_tinystdio_vflprintf.c.o)
                0x08003594                __l_vfprintf
 .text._OffsetAbsSyms
                0x08003f48        0x2 zephyr/CMakeFiles/offsets.dir/./arch/arm/core/offsets/offsets.c.obj
                0x08003f48                _OffsetAbsSyms
 .text.k_msleep
                0x08003f4a       0x20 app/libapp.a(main.c.obj)
 .text.z_impl_gpio_pin_configure
                0x08003f6a       0x50 app/libapp.a(tm1638.c.obj)
 .text.gpio_pin_configure_dt
                0x08003fba       0x16 app/libapp.a(tm1638.c.obj)
 .text.gpio_port_get
                0x08003fd0       0x18 app/libapp.a(tm1638.c.obj)
 .text.gpio_pin_get
                0x08003fe8       0x24 app/libapp.a(tm1638.c.obj)
 .text.gpio_pin_set_raw
                0x0800400c       0x20 app/libapp.a(tm1638.c.obj)
 .text.gpio_pin_set
                0x0800402c       0x1a app/libapp.a(tm1638.c.obj)
 .text.free_list_add_bidx
                0x08004046       0x4e zephyr/libzephyr.a(heap.c.obj)
 .text.free_list_add
                0x08004094       0x18 zephyr/libzephyr.a(heap.c.obj)
 .text.sys_heap_init
                0x080040ac       0x8a zephyr/libzephyr.a(heap.c.obj)
                0x080040ac                sys_heap_init
 .text.arch_printk_char_out
                0x08004136        0x4 zephyr/libzephyr.a(printk.c.obj)
                0x08004136                arch_printk_char_out
 .text.printk   0x0800413a       0x1c zephyr/libzephyr.a(printk.c.obj)
                0x0800413a                printk
 .text._ConfigAbsSyms
                0x08004156        0x2 zephyr/libzephyr.a(configs.c.obj)
                0x08004156                _ConfigAbsSyms
 .text.pm_device_driver_init
                0x08004158       0x24 zephyr/libzephyr.a(gpioport_mgr.c.obj)
 .text.LL_GPIO_SetPinSpeed
                0x0800417c       0x3a zephyr/libzephyr.a(gpioport_mgr.c.obj)
 .text.LL_GPIO_SetPinPull
                0x080041b6       0x3a zephyr/libzephyr.a(gpioport_mgr.c.obj)
 .text.ll_gpio_set_pin_pull
                0x080041f0        0x8 zephyr/libzephyr.a(gpioport_mgr.c.obj)
 .text.LL_GPIO_SetAFPin_0_7
                0x080041f8       0x3a zephyr/libzephyr.a(gpioport_mgr.c.obj)
 .text.LL_GPIO_SetAFPin_8_15
                0x08004232       0x3c zephyr/libzephyr.a(gpioport_mgr.c.obj)
 .text.LL_GPIO_SetPinMode
                0x0800426e       0x3a zephyr/libzephyr.a(gpioport_mgr.c.obj)
 .text.stm32_gpioport_configure_pin
                0x080042a8       0x72 zephyr/libzephyr.a(gpioport_mgr.c.obj)
                0x080042a8                stm32_gpioport_configure_pin
 .text.arch_early_memset
                0x0800431a        0x8 zephyr/arch/common/libarch__common.a(init.c.obj)
                0x0800431a                arch_early_memset
 .text.arch_early_memcpy
                0x08004322        0x8 zephyr/arch/common/libarch__common.a(init.c.obj)
                0x08004322                arch_early_memcpy
 .text.z_do_kernel_oops
                0x0800432a        0xc zephyr/arch/arch/arm/core/libarch__arm__core.a(fatal.c.obj)
                0x0800432a                z_do_kernel_oops
 .text.z_arm_nmi
                0x08004336        0xc zephyr/arch/arch/arm/core/libarch__arm__core.a(nmi.c.obj)
                0x08004336                z_arm_nmi
 .text.memory_fault_recoverable
                0x08004342        0x4 zephyr/arch/arch/arm/core/cortex_m/libarch__arm__core__cortex_m.a(fault.c.obj)
 .text.fault_handle
                0x08004346       0x4a zephyr/arch/arch/arm/core/cortex_m/libarch__arm__core__cortex_m.a(fault.c.obj)
 .text.arm_irq_enable
                0x08004390        0xa zephyr/arch/arch/arm/core/cortex_m/libarch__arm__core__cortex_m.a(irq_manage.c.obj)
                0x08004390                arm_irq_enable
 .text.arm_irq_priority_set
                0x0800439a        0xc zephyr/arch/arch/arm/core/cortex_m/libarch__arm__core__cortex_m.a(irq_manage.c.obj)
                0x0800439a                arm_irq_priority_set
 .text.z_irq_spurious
                0x080043a6        0xc zephyr/arch/arch/arm/core/cortex_m/libarch__arm__core__cortex_m.a(irq_manage.c.obj)
                0x080043a6                z_irq_spurious
 .text.z_check_thread_stack_fail
                0x080043b2        0x8 zephyr/arch/arch/arm/core/cortex_m/libarch__arm__core__cortex_m.a(thread.c.obj)
                0x080043b2                z_check_thread_stack_fail
 .text.arch_coprocessors_disable
                0x080043ba        0x6 zephyr/arch/arch/arm/core/cortex_m/libarch__arm__core__cortex_m.a(thread.c.obj)
                0x080043ba                arch_coprocessors_disable
 .text.arch_irq_unlock_outlined
                0x080043c0        0xe zephyr/arch/arch/arm/core/cortex_m/libarch__arm__core__cortex_m.a(thread.c.obj)
                0x080043c0                arch_irq_unlock_outlined
 .text.arch_cpu_idle
                0x080043ce       0x1a zephyr/arch/arch/arm/core/cortex_m/libarch__arm__core__cortex_m.a(cpu_idle.c.obj)
                0x080043ce                arch_cpu_idle
 .text.mpu_partition_is_valid
                0x080043e8       0x22 zephyr/arch/arch/arm/core/mpu/libarch__arm__core__mpu.a(arm_mpu.c.obj)
 .text.mpu_configure_region
                0x0800440a       0x3e zephyr/arch/arch/arm/core/mpu/libarch__arm__core__mpu.a(arm_mpu.c.obj)
 .text.mpu_configure_regions
                0x08004448       0x50 zephyr/arch/arch/arm/core/mpu/libarch__arm__core__mpu.a(arm_mpu.c.obj)
 .text.mpu_configure_regions_from_dt
                0x08004498      0x1f6 zephyr/arch/arch/arm/core/mpu/libarch__arm__core__mpu.a(arm_mpu.c.obj)
 .text.arm_core_mpu_configure_static_mpu_regions
                0x0800468e        0x8 zephyr/arch/arch/arm/core/mpu/libarch__arm__core__mpu.a(arm_mpu.c.obj)
                0x0800468e                arm_core_mpu_configure_static_mpu_regions
 .text.arm_core_mpu_configure_dynamic_mpu_regions
                0x08004696        0x8 zephyr/arch/arch/arm/core/mpu/libarch__arm__core__mpu.a(arm_mpu.c.obj)
                0x08004696                arm_core_mpu_configure_dynamic_mpu_regions
 .text.picolibc_put
                0x0800469e        0xa zephyr/lib/libc/picolibc/liblib__libc__picolibc.a(stdio.c.obj)
 .text.stm32_exti_init
                0x080046a8        0x8 zephyr/drivers/interrupt_controller/libdrivers__interrupt_controller.a(intc_exti_stm32.c.obj)
 .text.stm32_exti_gpio_intc_init
                0x080046b0       0x92 zephyr/drivers/interrupt_controller/libdrivers__interrupt_controller.a(intc_gpio_stm32.c.obj)
 .text.stm32_gpio_intc_get_pin_irq_line
                0x08004742        0xa zephyr/drivers/interrupt_controller/libdrivers__interrupt_controller.a(intc_gpio_stm32.c.obj)
                0x08004742                stm32_gpio_intc_get_pin_irq_line
 .text.stm32_exti_set_line_src_port
                0x0800474c       0x1c zephyr/drivers/interrupt_controller/libdrivers__interrupt_controller.a(intc_gpio_stm32.c.obj)
                0x0800474c                stm32_exti_set_line_src_port
 .text.stm32_exti_get_line_src_port
                0x08004768       0x1a zephyr/drivers/interrupt_controller/libdrivers__interrupt_controller.a(intc_gpio_stm32.c.obj)
                0x08004768                stm32_exti_get_line_src_port
 .text.get_pll_div_frequency
                0x08004782        0xe zephyr/drivers/clock_control/libdrivers__clock_control.a(clock_stm32_ll_common.c.obj)
 .text.get_bus_clock
                0x08004790        0x6 zephyr/drivers/clock_control/libdrivers__clock_control.a(clock_stm32_ll_common.c.obj)
 .text.stm32_clock_control_on
                0x08004796       0x44 zephyr/drivers/clock_control/libdrivers__clock_control.a(clock_stm32_ll_common.c.obj)
 .text.stm32_clock_control_off
                0x080047da       0x2e zephyr/drivers/clock_control/libdrivers__clock_control.a(clock_stm32_ll_common.c.obj)
 .text.stm32_clock_control_configure
                0x08004808       0x48 zephyr/drivers/clock_control/libdrivers__clock_control.a(clock_stm32_ll_common.c.obj)
 .text.stm32_clock_control_get_status
                0x08004850       0x3a zephyr/drivers/clock_control/libdrivers__clock_control.a(clock_stm32_ll_common.c.obj)
 .text.config_regulator_voltage
                0x0800488a        0x2 zephyr/drivers/clock_control/libdrivers__clock_control.a(clock_stm32_ll_common.c.obj)
                0x0800488a                config_regulator_voltage
 .text.get_pll_source
                0x0800488c        0x6 zephyr/drivers/clock_control/libdrivers__clock_control.a(clock_stm32f2_f4_f7.c.obj)
 .text.sys_slist_remove
                0x08004892       0x26 zephyr/drivers/gpio/libdrivers__gpio.a(gpio_stm32.c.obj)
 .text.sys_slist_find_and_remove
                0x080048b8       0x20 zephyr/drivers/gpio/libdrivers__gpio.a(gpio_stm32.c.obj)
 .text.gpio_manage_callback
                0x080048d8       0x3e zephyr/drivers/gpio/libdrivers__gpio.a(gpio_stm32.c.obj)
 .text.gpio_fire_callbacks
                0x08004916       0x40 zephyr/drivers/gpio/libdrivers__gpio.a(gpio_stm32.c.obj)
 .text.gpio_stm32_isr
                0x08004956        0xe zephyr/drivers/gpio/libdrivers__gpio.a(gpio_stm32.c.obj)
 .text.gpio_stm32_flags_to_conf
                0x08004964       0x82 zephyr/drivers/gpio/libdrivers__gpio.a(gpio_stm32.c.obj)
 .text.gpio_stm32_port_get_raw
                0x080049e6        0xc zephyr/drivers/gpio/libdrivers__gpio.a(gpio_stm32.c.obj)
 .text.gpio_stm32_port_set_masked_raw
                0x080049f2       0x12 zephyr/drivers/gpio/libdrivers__gpio.a(gpio_stm32.c.obj)
 .text.gpio_stm32_port_set_bits_raw
                0x08004a04        0xa zephyr/drivers/gpio/libdrivers__gpio.a(gpio_stm32.c.obj)
 .text.gpio_stm32_port_clear_bits_raw
                0x08004a0e        0xc zephyr/drivers/gpio/libdrivers__gpio.a(gpio_stm32.c.obj)
 .text.gpio_stm32_port_toggle_bits
                0x08004a1a        0xe zephyr/drivers/gpio/libdrivers__gpio.a(gpio_stm32.c.obj)
 .text.gpio_stm32_manage_callback
                0x08004a28        0xc zephyr/drivers/gpio/libdrivers__gpio.a(gpio_stm32.c.obj)
 .text.gpio_stm32_disable_pin_irqs
                0x08004a34       0x30 zephyr/drivers/gpio/libdrivers__gpio.a(gpio_stm32.c.obj)
 .text.gpio_stm32_config
                0x08004a64       0x98 zephyr/drivers/gpio/libdrivers__gpio.a(gpio_stm32.c.obj)
 .text.pinctrl_lookup_state
                0x08004afc       0x32 zephyr/drivers/pinctrl/libdrivers__pinctrl.a(common.c.obj)
                0x08004afc                pinctrl_lookup_state
 .text.pinctrl_configure_pins
                0x08004b2e       0x94 zephyr/drivers/pinctrl/libdrivers__pinctrl.a(pinctrl_stm32.c.obj)
                0x08004b2e                pinctrl_configure_pins
 .text.reset_stm32_status
                0x08004bc2       0x22 zephyr/drivers/reset/libdrivers__reset.a(reset_stm32.c.obj)
 .text.reset_stm32_line_assert
                0x08004be4       0x1e zephyr/drivers/reset/libdrivers__reset.a(reset_stm32.c.obj)
 .text.reset_stm32_line_deassert
                0x08004c02       0x20 zephyr/drivers/reset/libdrivers__reset.a(reset_stm32.c.obj)
 .text.reset_stm32_line_toggle
                0x08004c22       0x16 zephyr/drivers/reset/libdrivers__reset.a(reset_stm32.c.obj)
 .text.reset_line_toggle
                0x08004c38       0x12 zephyr/drivers/serial/libdrivers__serial.a(uart_stm32.c.obj)
 .text.uart_stm32_parameters_set
                0x08004c4a      0x122 zephyr/drivers/serial/libdrivers__serial.a(uart_stm32.c.obj)
 .text.uart_stm32_config_get
                0x08004d6c       0x94 zephyr/drivers/serial/libdrivers__serial.a(uart_stm32.c.obj)
 .text.uart_stm32_poll_in_visitor
                0x08004e00       0x34 zephyr/drivers/serial/libdrivers__serial.a(uart_stm32.c.obj)
 .text.uart_stm32_poll_out_visitor
                0x08004e34       0x3a zephyr/drivers/serial/libdrivers__serial.a(uart_stm32.c.obj)
 .text.poll_in_u8
                0x08004e6e        0x6 zephyr/drivers/serial/libdrivers__serial.a(uart_stm32.c.obj)
 .text.poll_out_u8
                0x08004e74        0x6 zephyr/drivers/serial/libdrivers__serial.a(uart_stm32.c.obj)
 .text.uart_stm32_err_check
                0x08004e7a       0x9a zephyr/drivers/serial/libdrivers__serial.a(uart_stm32.c.obj)
 .text.uart_stm32_clocks_enable
                0x08004f14       0x18 zephyr/drivers/serial/libdrivers__serial.a(uart_stm32.c.obj)
 .text.pinctrl_apply_state
                0x08004f2c       0x20 zephyr/drivers/serial/libdrivers__serial.a(uart_stm32.c.obj)
 .text.uart_stm32_registers_configure
                0x08004f4c       0x6c zephyr/drivers/serial/libdrivers__serial.a(uart_stm32.c.obj)
 .text.uart_stm32_init
                0x08004fb8       0x28 zephyr/drivers/serial/libdrivers__serial.a(uart_stm32.c.obj)
 .text.sys_clock_announce
                0x08004fe0       0x16 zephyr/drivers/timer/libdrivers__timer.a(cortex_m_systick.c.obj)
 .text.z_impl_k_busy_wait
                0x08004ff6       0x20 zephyr/kernel/libkernel.a(busy_wait.c.obj)
                0x08004ff6                z_impl_k_busy_wait
 .text.do_device_init
                0x08005016       0x32 zephyr/kernel/libkernel.a(device.c.obj)
                0x08005016                do_device_init
 .text.z_impl_device_is_ready
                0x08005048       0x20 zephyr/kernel/libkernel.a(device.c.obj)
                0x08005048                z_impl_device_is_ready
 .text.arch_system_halt
                0x08005068       0x10 zephyr/kernel/libkernel.a(fatal.c.obj)
                0x08005068                arch_system_halt
 .text.k_sys_fatal_error_handler
                0x08005078        0x6 zephyr/kernel/libkernel.a(fatal.c.obj)
                0x08005078                k_sys_fatal_error_handler
 .text.idle     0x0800507e       0x16 zephyr/kernel/libkernel.a(idle.c.obj)
                0x0800507e                idle
 .text.arch_spin_relax
                0x08005094        0x4 zephyr/kernel/libkernel.a(idle.c.obj)
                0x08005094                arch_spin_relax
 .text.setup_thread_stack
                0x08005098       0x4c zephyr/kernel/libkernel.a(thread.c.obj)
 .text.z_init_thread_base
                0x080050e4       0x16 zephyr/kernel/libkernel.a(thread.c.obj)
                0x080050e4                z_init_thread_base
 .text.thread_active_elsewhere
                0x080050fa        0x4 zephyr/kernel/libkernel.a(sched.c.obj)
 .text.add_to_waitq_locked
                0x080050fe       0x60 zephyr/kernel/libkernel.a(sched.c.obj)
 .text.unpend_all
                0x0800515e       0x46 zephyr/kernel/libkernel.a(sched.c.obj)
 .text.z_ready_thread
                0x080051a4       0x36 zephyr/kernel/libkernel.a(sched.c.obj)
                0x080051a4                z_ready_thread
 .text.z_sched_wake_thread_locked
                0x080051da       0x34 zephyr/kernel/libkernel.a(sched.c.obj)
                0x080051da                z_sched_wake_thread_locked
 .text.z_thread_timeout
                0x0800520e       0x2e zephyr/kernel/libkernel.a(sched.c.obj)
                0x0800520e                z_thread_timeout
 .text.init_ready_q
                0x0800523c        0x8 zephyr/kernel/libkernel.a(sched.c.obj)
                0x0800523c                init_ready_q
 .text.remove_timeout
                0x08005244       0x2e zephyr/kernel/libkernel.a(timeout.c.obj)
 .text.next_timeout
                0x08005272       0x36 zephyr/kernel/libkernel.a(timeout.c.obj)
 .text.z_abort_timeout
                0x080052a8       0x7e zephyr/kernel/libkernel.a(timeout.c.obj)
                0x080052a8                z_abort_timeout
 .text.sys_clock_tick_get_32
                0x08005326        0x8 zephyr/kernel/libkernel.a(timeout.c.obj)
                0x08005326                sys_clock_tick_get_32
 .text.z_impl_k_uptime_ticks
                0x0800532e        0x8 zephyr/kernel/libkernel.a(timeout.c.obj)
                0x0800532e                z_impl_k_uptime_ticks
 *(SORT_BY_ALIGNMENT(.gnu.linkonce.t.*))
 *(SORT_BY_ALIGNMENT(.glue_7t))
 .glue_7t       0x08005336        0x0 linker stubs
 *(SORT_BY_ALIGNMENT(.glue_7))
 .glue_7        0x08005336        0x0 linker stubs
 *(SORT_BY_ALIGNMENT(.vfp11_veneer))
 .vfp11_veneer  0x08005336        0x0 linker stubs
 *(SORT_BY_ALIGNMENT(.v4_bx))
 .v4_bx         0x08005336        0x0 linker stubs
                0x08005338                        . = ALIGN (0x4)
 *fill*         0x08005336        0x2 
                0x08005338                        __text_region_end = .

.ARM.exidx      0x08005338        0x8
                0x08005338                        __exidx_start = .
 *(SORT_BY_ALIGNMENT(.ARM.exidx*) SORT_BY_ALIGNMENT(gnu.linkonce.armexidx.*))
 .ARM.exidx     0x08005338        0x8 C:/Users/razie/zephyr-sdk-1.0.1/gnu/arm-zephyr-eabi/bin/../lib/gcc/arm-zephyr-eabi/14.3.0/thumb/v7e-m/nofp\libgcc.a(_udivmoddi4.o)
                0x08005340                        __exidx_end = .
                0x08005340                        __rodata_region_start = .

initlevel       0x08005340       0x90
                0x08005340                        __init_start = .
                0x08005340                        __init_EARLY_start = .
 *(SORT_BY_NAME(SORT_BY_ALIGNMENT(.z_init_EARLY_P_?_*)))
 *(SORT_BY_NAME(SORT_BY_ALIGNMENT(.z_init_EARLY_P_??_*)))
 *(SORT_BY_NAME(SORT_BY_ALIGNMENT(.z_init_EARLY_P_???_*)))
                0x08005340                        __init_PRE_KERNEL_1_start = .
 *(SORT_BY_NAME(SORT_BY_ALIGNMENT(.z_init_PRE_KERNEL_1_P_?_*)))
 .z_init_PRE_KERNEL_1_P_1_SUB_00009_
                0x08005340        0x8 zephyr/drivers/clock_control/libdrivers__clock_control.a(clock_stm32_ll_common.c.obj)
 .z_init_PRE_KERNEL_1_P_1_SUB_0_
                0x08005348        0x8 zephyr/libzephyr.a(soc_config.c.obj)
 *(SORT_BY_NAME(SORT_BY_ALIGNMENT(.z_init_PRE_KERNEL_1_P_??_*)))
 .z_init_PRE_KERNEL_1_P_35_SUB_00054_
                0x08005350        0x8 zephyr/drivers/reset/libdrivers__reset.a(reset_stm32.c.obj)
 .z_init_PRE_KERNEL_1_P_40_SUB_00034_
                0x08005358        0x8 zephyr/libzephyr.a(gpioport_mgr.c.obj)
 .z_init_PRE_KERNEL_1_P_40_SUB_00035_
                0x08005360        0x8 zephyr/libzephyr.a(gpioport_mgr.c.obj)
 .z_init_PRE_KERNEL_1_P_40_SUB_00064_
                0x08005368        0x8 zephyr/drivers/interrupt_controller/libdrivers__interrupt_controller.a(intc_exti_stm32.c.obj)
 .z_init_PRE_KERNEL_1_P_40_SUB_00079_
                0x08005370        0x8 zephyr/libzephyr.a(gpioport_mgr.c.obj)
 .z_init_PRE_KERNEL_1_P_40_SUB_00097_
                0x08005378        0x8 zephyr/libzephyr.a(gpioport_mgr.c.obj)
 .z_init_PRE_KERNEL_1_P_40_SUB_00098_
                0x08005380        0x8 zephyr/libzephyr.a(gpioport_mgr.c.obj)
 .z_init_PRE_KERNEL_1_P_40_SUB_00099_
                0x08005388        0x8 zephyr/libzephyr.a(gpioport_mgr.c.obj)
 .z_init_PRE_KERNEL_1_P_40_SUB_00100_
                0x08005390        0x8 zephyr/libzephyr.a(gpioport_mgr.c.obj)
 .z_init_PRE_KERNEL_1_P_40_SUB_00101_
                0x08005398        0x8 zephyr/libzephyr.a(gpioport_mgr.c.obj)
 .z_init_PRE_KERNEL_1_P_40_SUB_0_
                0x080053a0        0x8 zephyr/drivers/interrupt_controller/libdrivers__interrupt_controller.a(intc_gpio_stm32.c.obj)
 .z_init_PRE_KERNEL_1_P_50_SUB_00068_
                0x080053a8        0x8 zephyr/drivers/serial/libdrivers__serial.a(uart_stm32.c.obj)
 .z_init_PRE_KERNEL_1_P_50_SUB_00071_
                0x080053b0        0x8 zephyr/drivers/serial/libdrivers__serial.a(uart_stm32.c.obj)
 .z_init_PRE_KERNEL_1_P_60_SUB_0_
                0x080053b8        0x8 zephyr/drivers/console/libdrivers__console.a(uart_console.c.obj)
 *(SORT_BY_NAME(SORT_BY_ALIGNMENT(.z_init_PRE_KERNEL_1_P_???_*)))
                0x080053c0                        __init_PRE_KERNEL_2_start = .
 *(SORT_BY_NAME(SORT_BY_ALIGNMENT(.z_init_PRE_KERNEL_2_P_?_*)))
 .z_init_PRE_KERNEL_2_P_0_SUB_0_
                0x080053c0        0x8 zephyr/drivers/timer/libdrivers__timer.a(cortex_m_systick.c.obj)
 *(SORT_BY_NAME(SORT_BY_ALIGNMENT(.z_init_PRE_KERNEL_2_P_??_*)))
 *(SORT_BY_NAME(SORT_BY_ALIGNMENT(.z_init_PRE_KERNEL_2_P_???_*)))
                0x080053c8                        __init_POST_KERNEL_start = .
 *(SORT_BY_NAME(SORT_BY_ALIGNMENT(.z_init_POST_KERNEL_P_?_*)))
 *(SORT_BY_NAME(SORT_BY_ALIGNMENT(.z_init_POST_KERNEL_P_??_*)))
 .z_init_POST_KERNEL_P_35_SUB_0_
                0x080053c8        0x8 zephyr/lib/libc/common/liblib__libc__common.a(malloc.c.obj)
 *(SORT_BY_NAME(SORT_BY_ALIGNMENT(.z_init_POST_KERNEL_P_???_*)))
                0x080053d0                        __init_APPLICATION_start = .
 *(SORT_BY_NAME(SORT_BY_ALIGNMENT(.z_init_APPLICATION_P_?_*)))
 *(SORT_BY_NAME(SORT_BY_ALIGNMENT(.z_init_APPLICATION_P_??_*)))
 *(SORT_BY_NAME(SORT_BY_ALIGNMENT(.z_init_APPLICATION_P_???_*)))
                0x080053d0                        __init_SMP_start = .
 *(SORT_BY_NAME(SORT_BY_ALIGNMENT(.z_init_SMP_P_?_*)))
 *(SORT_BY_NAME(SORT_BY_ALIGNMENT(.z_init_SMP_P_??_*)))
 *(SORT_BY_NAME(SORT_BY_ALIGNMENT(.z_init_SMP_P_???_*)))
                0x080053d0                        __init_end = .

device_area     0x080053d0      0x16c
                0x080053d0                        _device_list_start = .
 *(SORT_BY_NAME(SORT_BY_ALIGNMENT(._device.static.*_?_*)))
 ._device.static.1_1_
                0x080053d0       0x1c zephyr/drivers/clock_control/libdrivers__clock_control.a(clock_stm32_ll_common.c.obj)
                0x080053d0                __device_dts_ord_9
 *(SORT_BY_NAME(SORT_BY_ALIGNMENT(._device.static.*_??_*)))
 ._device.static.1_35_
                0x080053ec       0x1c zephyr/drivers/reset/libdrivers__reset.a(reset_stm32.c.obj)
                0x080053ec                __device_dts_ord_54
 ._device.static.1_40_
                0x08005408       0xe0 zephyr/libzephyr.a(gpioport_mgr.c.obj)
                0x08005408                __device_dts_ord_101
                0x08005424                __device_dts_ord_100
                0x08005440                __device_dts_ord_99
                0x0800545c                __device_dts_ord_98
                0x08005478                __device_dts_ord_97
                0x08005494                __device_dts_ord_35
                0x080054b0                __device_dts_ord_79
                0x080054cc                __device_dts_ord_34
 ._device.static.1_40_
                0x080054e8       0x1c zephyr/drivers/interrupt_controller/libdrivers__interrupt_controller.a(intc_exti_stm32.c.obj)
                0x080054e8                __device_dts_ord_64
 ._device.static.1_50_
                0x08005504       0x38 zephyr/drivers/serial/libdrivers__serial.a(uart_stm32.c.obj)
                0x08005504                __device_dts_ord_68
                0x08005520                __device_dts_ord_71
 *(SORT_BY_NAME(SORT_BY_ALIGNMENT(._device.static.*_???_*)))
 *(SORT_BY_NAME(SORT_BY_ALIGNMENT(._device.static.*_????_*)))
 *(SORT_BY_NAME(SORT_BY_ALIGNMENT(._device.static.*_?????_*)))
                0x0800553c                        _device_list_end = .

sw_isr_table    0x0800553c      0x250
                0x0800553c                        . = ALIGN (0x4)
 *(SORT_BY_ALIGNMENT(.gnu.linkonce.sw_isr_table*))
 .gnu.linkonce.sw_isr_table
                0x0800553c      0x250 zephyr/arch/common/libisr_tables.a(isr_tables.c.obj)
                0x0800553c                _sw_isr_table

initlevel_error
 *(SORT_BY_NAME(SORT_BY_ALIGNMENT(.z_init_*)))
                0x00000001                        ASSERT ((SIZEOF (initlevel_error) == 0x0), Undefined initialization levels used.)

app_shmem_regions
                0x0800578c        0x0
                0x0800578c                        __app_shmem_regions_start = .
 *(SORT_BY_NAME(SORT_BY_ALIGNMENT(.app_regions.*)))
                0x0800578c                        __app_shmem_regions_end = .

k_p4wq_initparam_area
                0x0800578c        0x0
                0x0800578c                        _k_p4wq_initparam_list_start = .
 *(SORT_BY_NAME(SORT_BY_ALIGNMENT(._k_p4wq_initparam.static.*)))
                0x0800578c                        _k_p4wq_initparam_list_end = .

_static_thread_data_area
                0x0800578c        0x0
                0x0800578c                        __static_thread_data_list_start = .
 *(SORT_BY_NAME(SORT_BY_ALIGNMENT(.__static_thread_data.static.*)))
                0x0800578c                        __static_thread_data_list_end = .

device_deps     0x0800578c        0x0
                0x0800578c                        __device_deps_start = .
 *(SORT_BY_NAME(SORT_BY_ALIGNMENT(.__device_deps_pass2*)))
                0x0800578c                        __device_deps_end = .

gpio_driver_api_area
                0x0800578c       0x24
                0x0800578c                        _gpio_driver_api_list_start = .
 *(SORT_BY_NAME(SORT_BY_ALIGNMENT(._gpio_driver_api.static.*)))
 ._gpio_driver_api.static.gpio_stm32_driver_
                0x0800578c       0x24 zephyr/drivers/gpio/libdrivers__gpio.a(gpio_stm32.c.obj)
                0x0800578c                gpio_stm32_driver
                0x080057b0                        _gpio_driver_api_list_end = .

reset_driver_api_area
                0x080057b0       0x10
                0x080057b0                        _reset_driver_api_list_start = .
 *(SORT_BY_NAME(SORT_BY_ALIGNMENT(._reset_driver_api.static.*)))
 ._reset_driver_api.static.reset_stm32_driver_api_
                0x080057b0       0x10 zephyr/drivers/reset/libdrivers__reset.a(reset_stm32.c.obj)
                0x080057c0                        _reset_driver_api_list_end = .

shared_irq_driver_api_area
                0x080057c0        0x0
                0x080057c0                        _shared_irq_driver_api_list_start = .
 *(SORT_BY_NAME(SORT_BY_ALIGNMENT(._shared_irq_driver_api.static.*)))
                0x080057c0                        _shared_irq_driver_api_list_end = .

crypto_driver_api_area
                0x080057c0        0x0
                0x080057c0                        _crypto_driver_api_list_start = .
 *(SORT_BY_NAME(SORT_BY_ALIGNMENT(._crypto_driver_api.static.*)))
                0x080057c0                        _crypto_driver_api_list_end = .

adc_driver_api_area
                0x080057c0        0x0
                0x080057c0                        _adc_driver_api_list_start = .
 *(SORT_BY_NAME(SORT_BY_ALIGNMENT(._adc_driver_api.static.*)))
                0x080057c0                        _adc_driver_api_list_end = .

auxdisplay_driver_api_area
                0x080057c0        0x0
                0x080057c0                        _auxdisplay_driver_api_list_start = .
 *(SORT_BY_NAME(SORT_BY_ALIGNMENT(._auxdisplay_driver_api.static.*)))
                0x080057c0                        _auxdisplay_driver_api_list_end = .

bbram_driver_api_area
                0x080057c0        0x0
                0x080057c0                        _bbram_driver_api_list_start = .
 *(SORT_BY_NAME(SORT_BY_ALIGNMENT(._bbram_driver_api.static.*)))
                0x080057c0                        _bbram_driver_api_list_end = .

biometric_driver_api_area
                0x080057c0        0x0
                0x080057c0                        _biometric_driver_api_list_start = .
 *(SORT_BY_NAME(SORT_BY_ALIGNMENT(._biometric_driver_api.static.*)))
                0x080057c0                        _biometric_driver_api_list_end = .

bt_hci_driver_api_area
                0x080057c0        0x0
                0x080057c0                        _bt_hci_driver_api_list_start = .
 *(SORT_BY_NAME(SORT_BY_ALIGNMENT(._bt_hci_driver_api.static.*)))
                0x080057c0                        _bt_hci_driver_api_list_end = .

can_driver_api_area
                0x080057c0        0x0
                0x080057c0                        _can_driver_api_list_start = .
 *(SORT_BY_NAME(SORT_BY_ALIGNMENT(._can_driver_api.static.*)))
                0x080057c0                        _can_driver_api_list_end = .

cellular_driver_api_area
                0x080057c0        0x0
                0x080057c0                        _cellular_driver_api_list_start = .
 *(SORT_BY_NAME(SORT_BY_ALIGNMENT(._cellular_driver_api.static.*)))
                0x080057c0                        _cellular_driver_api_list_end = .

charger_driver_api_area
                0x080057c0        0x0
                0x080057c0                        _charger_driver_api_list_start = .
 *(SORT_BY_NAME(SORT_BY_ALIGNMENT(._charger_driver_api.static.*)))
                0x080057c0                        _charger_driver_api_list_end = .

clock_control_driver_api_area
                0x080057c0       0x1c
                0x080057c0                        _clock_control_driver_api_list_start = .
 *(SORT_BY_NAME(SORT_BY_ALIGNMENT(._clock_control_driver_api.static.*)))
 ._clock_control_driver_api.static.stm32_clock_control_api_
                0x080057c0       0x1c zephyr/drivers/clock_control/libdrivers__clock_control.a(clock_stm32_ll_common.c.obj)
                0x080057dc                        _clock_control_driver_api_list_end = .

comparator_driver_api_area
                0x080057dc        0x0
                0x080057dc                        _comparator_driver_api_list_start = .
 *(SORT_BY_NAME(SORT_BY_ALIGNMENT(._comparator_driver_api.static.*)))
                0x080057dc                        _comparator_driver_api_list_end = .

coredump_driver_api_area
                0x080057dc        0x0
                0x080057dc                        _coredump_driver_api_list_start = .
 *(SORT_BY_NAME(SORT_BY_ALIGNMENT(._coredump_driver_api.static.*)))
                0x080057dc                        _coredump_driver_api_list_end = .

counter_driver_api_area
                0x080057dc        0x0
                0x080057dc                        _counter_driver_api_list_start = .
 *(SORT_BY_NAME(SORT_BY_ALIGNMENT(._counter_driver_api.static.*)))
                0x080057dc                        _counter_driver_api_list_end = .

crc_driver_api_area
                0x080057dc        0x0
                0x080057dc                        _crc_driver_api_list_start = .
 *(SORT_BY_NAME(SORT_BY_ALIGNMENT(._crc_driver_api.static.*)))
                0x080057dc                        _crc_driver_api_list_end = .

dac_driver_api_area
                0x080057dc        0x0
                0x080057dc                        _dac_driver_api_list_start = .
 *(SORT_BY_NAME(SORT_BY_ALIGNMENT(._dac_driver_api.static.*)))
                0x080057dc                        _dac_driver_api_list_end = .

dai_driver_api_area
                0x080057dc        0x0
                0x080057dc                        _dai_driver_api_list_start = .
 *(SORT_BY_NAME(SORT_BY_ALIGNMENT(._dai_driver_api.static.*)))
                0x080057dc                        _dai_driver_api_list_end = .

display_driver_api_area
                0x080057dc        0x0
                0x080057dc                        _display_driver_api_list_start = .
 *(SORT_BY_NAME(SORT_BY_ALIGNMENT(._display_driver_api.static.*)))
                0x080057dc                        _display_driver_api_list_end = .

dma_driver_api_area
                0x080057dc        0x0
                0x080057dc                        _dma_driver_api_list_start = .
 *(SORT_BY_NAME(SORT_BY_ALIGNMENT(._dma_driver_api.static.*)))
                0x080057dc                        _dma_driver_api_list_end = .

edac_driver_api_area
                0x080057dc        0x0
                0x080057dc                        _edac_driver_api_list_start = .
 *(SORT_BY_NAME(SORT_BY_ALIGNMENT(._edac_driver_api.static.*)))
                0x080057dc                        _edac_driver_api_list_end = .

eeprom_driver_api_area
                0x080057dc        0x0
                0x080057dc                        _eeprom_driver_api_list_start = .
 *(SORT_BY_NAME(SORT_BY_ALIGNMENT(._eeprom_driver_api.static.*)))
                0x080057dc                        _eeprom_driver_api_list_end = .

emul_bbram_driver_api_area
                0x080057dc        0x0
                0x080057dc                        _emul_bbram_driver_api_list_start = .
 *(SORT_BY_NAME(SORT_BY_ALIGNMENT(._emul_bbram_driver_api.static.*)))
                0x080057dc                        _emul_bbram_driver_api_list_end = .

fuel_gauge_emul_driver_api_area
                0x080057dc        0x0
                0x080057dc                        _fuel_gauge_emul_driver_api_list_start = .
 *(SORT_BY_NAME(SORT_BY_ALIGNMENT(._fuel_gauge_emul_driver_api.static.*)))
                0x080057dc                        _fuel_gauge_emul_driver_api_list_end = .

emul_sensor_driver_api_area
                0x080057dc        0x0
                0x080057dc                        _emul_sensor_driver_api_list_start = .
 *(SORT_BY_NAME(SORT_BY_ALIGNMENT(._emul_sensor_driver_api.static.*)))
                0x080057dc                        _emul_sensor_driver_api_list_end = .

entropy_driver_api_area
                0x080057dc        0x0
                0x080057dc                        _entropy_driver_api_list_start = .
 *(SORT_BY_NAME(SORT_BY_ALIGNMENT(._entropy_driver_api.static.*)))
                0x080057dc                        _entropy_driver_api_list_end = .

espi_driver_api_area
                0x080057dc        0x0
                0x080057dc                        _espi_driver_api_list_start = .
 *(SORT_BY_NAME(SORT_BY_ALIGNMENT(._espi_driver_api.static.*)))
                0x080057dc                        _espi_driver_api_list_end = .

espi_saf_driver_api_area
                0x080057dc        0x0
                0x080057dc                        _espi_saf_driver_api_list_start = .
 *(SORT_BY_NAME(SORT_BY_ALIGNMENT(._espi_saf_driver_api.static.*)))
                0x080057dc                        _espi_saf_driver_api_list_end = .

flash_driver_api_area
                0x080057dc        0x0
                0x080057dc                        _flash_driver_api_list_start = .
 *(SORT_BY_NAME(SORT_BY_ALIGNMENT(._flash_driver_api.static.*)))
                0x080057dc                        _flash_driver_api_list_end = .

fpga_driver_api_area
                0x080057dc        0x0
                0x080057dc                        _fpga_driver_api_list_start = .
 *(SORT_BY_NAME(SORT_BY_ALIGNMENT(._fpga_driver_api.static.*)))
                0x080057dc                        _fpga_driver_api_list_end = .

fuel_gauge_driver_api_area
                0x080057dc        0x0
                0x080057dc                        _fuel_gauge_driver_api_list_start = .
 *(SORT_BY_NAME(SORT_BY_ALIGNMENT(._fuel_gauge_driver_api.static.*)))
                0x080057dc                        _fuel_gauge_driver_api_list_end = .

gnss_driver_api_area
                0x080057dc        0x0
                0x080057dc                        _gnss_driver_api_list_start = .
 *(SORT_BY_NAME(SORT_BY_ALIGNMENT(._gnss_driver_api.static.*)))
                0x080057dc                        _gnss_driver_api_list_end = .

haptics_driver_api_area
                0x080057dc        0x0
                0x080057dc                        _haptics_driver_api_list_start = .
 *(SORT_BY_NAME(SORT_BY_ALIGNMENT(._haptics_driver_api.static.*)))
                0x080057dc                        _haptics_driver_api_list_end = .

hwspinlock_driver_api_area
                0x080057dc        0x0
                0x080057dc                        _hwspinlock_driver_api_list_start = .
 *(SORT_BY_NAME(SORT_BY_ALIGNMENT(._hwspinlock_driver_api.static.*)))
                0x080057dc                        _hwspinlock_driver_api_list_end = .

i2c_driver_api_area
                0x080057dc        0x0
                0x080057dc                        _i2c_driver_api_list_start = .
 *(SORT_BY_NAME(SORT_BY_ALIGNMENT(._i2c_driver_api.static.*)))
                0x080057dc                        _i2c_driver_api_list_end = .

i2c_target_driver_api_area
                0x080057dc        0x0
                0x080057dc                        _i2c_target_driver_api_list_start = .
 *(SORT_BY_NAME(SORT_BY_ALIGNMENT(._i2c_target_driver_api.static.*)))
                0x080057dc                        _i2c_target_driver_api_list_end = .

i2s_driver_api_area
                0x080057dc        0x0
                0x080057dc                        _i2s_driver_api_list_start = .
 *(SORT_BY_NAME(SORT_BY_ALIGNMENT(._i2s_driver_api.static.*)))
                0x080057dc                        _i2s_driver_api_list_end = .

i3c_driver_api_area
                0x080057dc        0x0
                0x080057dc                        _i3c_driver_api_list_start = .
 *(SORT_BY_NAME(SORT_BY_ALIGNMENT(._i3c_driver_api.static.*)))
                0x080057dc                        _i3c_driver_api_list_end = .

ipm_driver_api_area
                0x080057dc        0x0
                0x080057dc                        _ipm_driver_api_list_start = .
 *(SORT_BY_NAME(SORT_BY_ALIGNMENT(._ipm_driver_api.static.*)))
                0x080057dc                        _ipm_driver_api_list_end = .

led_driver_api_area
                0x080057dc        0x0
                0x080057dc                        _led_driver_api_list_start = .
 *(SORT_BY_NAME(SORT_BY_ALIGNMENT(._led_driver_api.static.*)))
                0x080057dc                        _led_driver_api_list_end = .

led_strip_driver_api_area
                0x080057dc        0x0
                0x080057dc                        _led_strip_driver_api_list_start = .
 *(SORT_BY_NAME(SORT_BY_ALIGNMENT(._led_strip_driver_api.static.*)))
                0x080057dc                        _led_strip_driver_api_list_end = .

lora_driver_api_area
                0x080057dc        0x0
                0x080057dc                        _lora_driver_api_list_start = .
 *(SORT_BY_NAME(SORT_BY_ALIGNMENT(._lora_driver_api.static.*)))
                0x080057dc                        _lora_driver_api_list_end = .

mbox_driver_api_area
                0x080057dc        0x0
                0x080057dc                        _mbox_driver_api_list_start = .
 *(SORT_BY_NAME(SORT_BY_ALIGNMENT(._mbox_driver_api.static.*)))
                0x080057dc                        _mbox_driver_api_list_end = .

mdio_driver_api_area
                0x080057dc        0x0
                0x080057dc                        _mdio_driver_api_list_start = .
 *(SORT_BY_NAME(SORT_BY_ALIGNMENT(._mdio_driver_api.static.*)))
                0x080057dc                        _mdio_driver_api_list_end = .

mipi_dbi_driver_api_area
                0x080057dc        0x0
                0x080057dc                        _mipi_dbi_driver_api_list_start = .
 *(SORT_BY_NAME(SORT_BY_ALIGNMENT(._mipi_dbi_driver_api.static.*)))
                0x080057dc                        _mipi_dbi_driver_api_list_end = .

mipi_dsi_driver_api_area
                0x080057dc        0x0
                0x080057dc                        _mipi_dsi_driver_api_list_start = .
 *(SORT_BY_NAME(SORT_BY_ALIGNMENT(._mipi_dsi_driver_api.static.*)))
                0x080057dc                        _mipi_dsi_driver_api_list_end = .

mspi_driver_api_area
                0x080057dc        0x0
                0x080057dc                        _mspi_driver_api_list_start = .
 *(SORT_BY_NAME(SORT_BY_ALIGNMENT(._mspi_driver_api.static.*)))
                0x080057dc                        _mspi_driver_api_list_end = .

opamp_driver_api_area
                0x080057dc        0x0
                0x080057dc                        _opamp_driver_api_list_start = .
 *(SORT_BY_NAME(SORT_BY_ALIGNMENT(._opamp_driver_api.static.*)))
                0x080057dc                        _opamp_driver_api_list_end = .

otp_driver_api_area
                0x080057dc        0x0
                0x080057dc                        _otp_driver_api_list_start = .
 *(SORT_BY_NAME(SORT_BY_ALIGNMENT(._otp_driver_api.static.*)))
                0x080057dc                        _otp_driver_api_list_end = .

peci_driver_api_area
                0x080057dc        0x0
                0x080057dc                        _peci_driver_api_list_start = .
 *(SORT_BY_NAME(SORT_BY_ALIGNMENT(._peci_driver_api.static.*)))
                0x080057dc                        _peci_driver_api_list_end = .

ps2_driver_api_area
                0x080057dc        0x0
                0x080057dc                        _ps2_driver_api_list_start = .
 *(SORT_BY_NAME(SORT_BY_ALIGNMENT(._ps2_driver_api.static.*)))
                0x080057dc                        _ps2_driver_api_list_end = .

ptp_clock_driver_api_area
                0x080057dc        0x0
                0x080057dc                        _ptp_clock_driver_api_list_start = .
 *(SORT_BY_NAME(SORT_BY_ALIGNMENT(._ptp_clock_driver_api.static.*)))
                0x080057dc                        _ptp_clock_driver_api_list_end = .

pwm_driver_api_area
                0x080057dc        0x0
                0x080057dc                        _pwm_driver_api_list_start = .
 *(SORT_BY_NAME(SORT_BY_ALIGNMENT(._pwm_driver_api.static.*)))
                0x080057dc                        _pwm_driver_api_list_end = .

regulator_parent_driver_api_area
                0x080057dc        0x0
                0x080057dc                        _regulator_parent_driver_api_list_start = .
 *(SORT_BY_NAME(SORT_BY_ALIGNMENT(._regulator_parent_driver_api.static.*)))
                0x080057dc                        _regulator_parent_driver_api_list_end = .

regulator_driver_api_area
                0x080057dc        0x0
                0x080057dc                        _regulator_driver_api_list_start = .
 *(SORT_BY_NAME(SORT_BY_ALIGNMENT(._regulator_driver_api.static.*)))
                0x080057dc                        _regulator_driver_api_list_end = .

retained_mem_driver_api_area
                0x080057dc        0x0
                0x080057dc                        _retained_mem_driver_api_list_start = .
 *(SORT_BY_NAME(SORT_BY_ALIGNMENT(._retained_mem_driver_api.static.*)))
                0x080057dc                        _retained_mem_driver_api_list_end = .

rtc_driver_api_area
                0x080057dc        0x0
                0x080057dc                        _rtc_driver_api_list_start = .
 *(SORT_BY_NAME(SORT_BY_ALIGNMENT(._rtc_driver_api.static.*)))
                0x080057dc                        _rtc_driver_api_list_end = .

sdhc_driver_api_area
                0x080057dc        0x0
                0x080057dc                        _sdhc_driver_api_list_start = .
 *(SORT_BY_NAME(SORT_BY_ALIGNMENT(._sdhc_driver_api.static.*)))
                0x080057dc                        _sdhc_driver_api_list_end = .

sensor_driver_api_area
                0x080057dc        0x0
                0x080057dc                        _sensor_driver_api_list_start = .
 *(SORT_BY_NAME(SORT_BY_ALIGNMENT(._sensor_driver_api.static.*)))
                0x080057dc                        _sensor_driver_api_list_end = .

smbus_driver_api_area
                0x080057dc        0x0
                0x080057dc                        _smbus_driver_api_list_start = .
 *(SORT_BY_NAME(SORT_BY_ALIGNMENT(._smbus_driver_api.static.*)))
                0x080057dc                        _smbus_driver_api_list_end = .

spi_driver_api_area
                0x080057dc        0x0
                0x080057dc                        _spi_driver_api_list_start = .
 *(SORT_BY_NAME(SORT_BY_ALIGNMENT(._spi_driver_api.static.*)))
                0x080057dc                        _spi_driver_api_list_end = .

syscon_driver_api_area
                0x080057dc        0x0
                0x080057dc                        _syscon_driver_api_list_start = .
 *(SORT_BY_NAME(SORT_BY_ALIGNMENT(._syscon_driver_api.static.*)))
                0x080057dc                        _syscon_driver_api_list_end = .

tee_driver_api_area
                0x080057dc        0x0
                0x080057dc                        _tee_driver_api_list_start = .
 *(SORT_BY_NAME(SORT_BY_ALIGNMENT(._tee_driver_api.static.*)))
                0x080057dc                        _tee_driver_api_list_end = .

uaol_driver_api_area
                0x080057dc        0x0
                0x080057dc                        _uaol_driver_api_list_start = .
 *(SORT_BY_NAME(SORT_BY_ALIGNMENT(._uaol_driver_api.static.*)))
                0x080057dc                        _uaol_driver_api_list_end = .

video_driver_api_area
                0x080057dc        0x0
                0x080057dc                        _video_driver_api_list_start = .
 *(SORT_BY_NAME(SORT_BY_ALIGNMENT(._video_driver_api.static.*)))
                0x080057dc                        _video_driver_api_list_end = .

virtio_driver_api_area
                0x080057dc        0x0
                0x080057dc                        _virtio_driver_api_list_start = .
 *(SORT_BY_NAME(SORT_BY_ALIGNMENT(._virtio_driver_api.static.*)))
                0x080057dc                        _virtio_driver_api_list_end = .

w1_driver_api_area
                0x080057dc        0x0
                0x080057dc                        _w1_driver_api_list_start = .
 *(SORT_BY_NAME(SORT_BY_ALIGNMENT(._w1_driver_api.static.*)))
                0x080057dc                        _w1_driver_api_list_end = .

wdt_driver_api_area
                0x080057dc        0x0
                0x080057dc                        _wdt_driver_api_list_start = .
 *(SORT_BY_NAME(SORT_BY_ALIGNMENT(._wdt_driver_api.static.*)))
                0x080057dc                        _wdt_driver_api_list_end = .

wuc_driver_api_area
                0x080057dc        0x0
                0x080057dc                        _wuc_driver_api_list_start = .
 *(SORT_BY_NAME(SORT_BY_ALIGNMENT(._wuc_driver_api.static.*)))
                0x080057dc                        _wuc_driver_api_list_end = .

can_transceiver_driver_api_area
                0x080057dc        0x0
                0x080057dc                        _can_transceiver_driver_api_list_start = .
 *(SORT_BY_NAME(SORT_BY_ALIGNMENT(._can_transceiver_driver_api.static.*)))
                0x080057dc                        _can_transceiver_driver_api_list_end = .

nrf_clock_control_driver_api_area
                0x080057dc        0x0
                0x080057dc                        _nrf_clock_control_driver_api_list_start = .
 *(SORT_BY_NAME(SORT_BY_ALIGNMENT(._nrf_clock_control_driver_api.static.*)))
                0x080057dc                        _nrf_clock_control_driver_api_list_end = .

i3c_target_driver_api_area
                0x080057dc        0x0
                0x080057dc                        _i3c_target_driver_api_list_start = .
 *(SORT_BY_NAME(SORT_BY_ALIGNMENT(._i3c_target_driver_api.static.*)))
                0x080057dc                        _i3c_target_driver_api_list_end = .

its_driver_api_area
                0x080057dc        0x0
                0x080057dc                        _its_driver_api_list_start = .
 *(SORT_BY_NAME(SORT_BY_ALIGNMENT(._its_driver_api.static.*)))
                0x080057dc                        _its_driver_api_list_end = .

vtd_driver_api_area
                0x080057dc        0x0
                0x080057dc                        _vtd_driver_api_list_start = .
 *(SORT_BY_NAME(SORT_BY_ALIGNMENT(._vtd_driver_api.static.*)))
                0x080057dc                        _vtd_driver_api_list_end = .

renesas_elc_driver_api_area
                0x080057dc        0x0
                0x080057dc                        _renesas_elc_driver_api_list_start = .
 *(SORT_BY_NAME(SORT_BY_ALIGNMENT(._renesas_elc_driver_api.static.*)))
                0x080057dc                        _renesas_elc_driver_api_list_end = .

tgpio_driver_api_area
                0x080057dc        0x0
                0x080057dc                        _tgpio_driver_api_list_start = .
 *(SORT_BY_NAME(SORT_BY_ALIGNMENT(._tgpio_driver_api.static.*)))
                0x080057dc                        _tgpio_driver_api_list_end = .

pcie_ctrl_driver_api_area
                0x080057dc        0x0
                0x080057dc                        _pcie_ctrl_driver_api_list_start = .
 *(SORT_BY_NAME(SORT_BY_ALIGNMENT(._pcie_ctrl_driver_api.static.*)))
                0x080057dc                        _pcie_ctrl_driver_api_list_end = .

pcie_ep_driver_api_area
                0x080057dc        0x0
                0x080057dc                        _pcie_ep_driver_api_list_start = .
 *(SORT_BY_NAME(SORT_BY_ALIGNMENT(._pcie_ep_driver_api.static.*)))
                0x080057dc                        _pcie_ep_driver_api_list_end = .

psi5_driver_api_area
                0x080057dc        0x0
                0x080057dc                        _psi5_driver_api_list_start = .
 *(SORT_BY_NAME(SORT_BY_ALIGNMENT(._psi5_driver_api.static.*)))
                0x080057dc                        _psi5_driver_api_list_end = .

sent_driver_api_area
                0x080057dc        0x0
                0x080057dc                        _sent_driver_api_list_start = .
 *(SORT_BY_NAME(SORT_BY_ALIGNMENT(._sent_driver_api.static.*)))
                0x080057dc                        _sent_driver_api_list_end = .

svc_driver_api_area
                0x080057dc        0x0
                0x080057dc                        _svc_driver_api_list_start = .
 *(SORT_BY_NAME(SORT_BY_ALIGNMENT(._svc_driver_api.static.*)))
                0x080057dc                        _svc_driver_api_list_end = .

stepper_driver_api_area
                0x080057dc        0x0
                0x080057dc                        _stepper_driver_api_list_start = .
 *(SORT_BY_NAME(SORT_BY_ALIGNMENT(._stepper_driver_api.static.*)))
                0x080057dc                        _stepper_driver_api_list_end = .

stepper_ctrl_driver_api_area
                0x080057dc        0x0
                0x080057dc                        _stepper_ctrl_driver_api_list_start = .
 *(SORT_BY_NAME(SORT_BY_ALIGNMENT(._stepper_ctrl_driver_api.static.*)))
                0x080057dc                        _stepper_ctrl_driver_api_list_end = .

uart_driver_api_area
                0x080057dc       0x14
                0x080057dc                        _uart_driver_api_list_start = .
 *(SORT_BY_NAME(SORT_BY_ALIGNMENT(._uart_driver_api.static.*)))
 ._uart_driver_api.static.uart_stm32_driver_api_
                0x080057dc       0x14 zephyr/drivers/serial/libdrivers__serial.a(uart_stm32.c.obj)
                0x080057f0                        _uart_driver_api_list_end = .

bc12_emul_driver_api_area
                0x080057f0        0x0
                0x080057f0                        _bc12_emul_driver_api_list_start = .
 *(SORT_BY_NAME(SORT_BY_ALIGNMENT(._bc12_emul_driver_api.static.*)))
                0x080057f0                        _bc12_emul_driver_api_list_end = .

bc12_driver_api_area
                0x080057f0        0x0
                0x080057f0                        _bc12_driver_api_list_start = .
 *(SORT_BY_NAME(SORT_BY_ALIGNMENT(._bc12_driver_api.static.*)))
                0x080057f0                        _bc12_driver_api_list_end = .

usbc_ppc_driver_api_area
                0x080057f0        0x0
                0x080057f0                        _usbc_ppc_driver_api_list_start = .
 *(SORT_BY_NAME(SORT_BY_ALIGNMENT(._usbc_ppc_driver_api.static.*)))
                0x080057f0                        _usbc_ppc_driver_api_list_end = .

tcpc_driver_api_area
                0x080057f0        0x0
                0x080057f0                        _tcpc_driver_api_list_start = .
 *(SORT_BY_NAME(SORT_BY_ALIGNMENT(._tcpc_driver_api.static.*)))
                0x080057f0                        _tcpc_driver_api_list_end = .

usbc_vbus_driver_api_area
                0x080057f0        0x0
                0x080057f0                        _usbc_vbus_driver_api_list_start = .
 *(SORT_BY_NAME(SORT_BY_ALIGNMENT(._usbc_vbus_driver_api.static.*)))
                0x080057f0                        _usbc_vbus_driver_api_list_end = .

ivshmem_driver_api_area
                0x080057f0        0x0
                0x080057f0                        _ivshmem_driver_api_list_start = .
 *(SORT_BY_NAME(SORT_BY_ALIGNMENT(._ivshmem_driver_api.static.*)))
                0x080057f0                        _ivshmem_driver_api_list_end = .

ethphy_driver_api_area
                0x080057f0        0x0
                0x080057f0                        _ethphy_driver_api_list_start = .
 *(SORT_BY_NAME(SORT_BY_ALIGNMENT(._ethphy_driver_api.static.*)))
                0x080057f0                        _ethphy_driver_api_list_end = .

ztest           0x080057f0        0x0
                0x080057f0                        _ztest_expected_result_entry_list_start = .
 *(SORT_BY_NAME(SORT_BY_ALIGNMENT(._ztest_expected_result_entry.static.*)))
                0x080057f0                        _ztest_expected_result_entry_list_end = .
                0x080057f0                        _ztest_suite_node_list_start = .
 *(SORT_BY_NAME(SORT_BY_ALIGNMENT(._ztest_suite_node.static.*)))
                0x080057f0                        _ztest_suite_node_list_end = .
                0x080057f0                        _ztest_unit_test_list_start = .
 *(SORT_BY_NAME(SORT_BY_ALIGNMENT(._ztest_unit_test.static.*)))
                0x080057f0                        _ztest_unit_test_list_end = .
                0x080057f0                        _ztest_test_rule_list_start = .
 *(SORT_BY_NAME(SORT_BY_ALIGNMENT(._ztest_test_rule.static.*)))
                0x080057f0                        _ztest_test_rule_list_end = .

init_array      0x080057f0        0x0
                0x080057f0                        __zephyr_init_array_start = .
 *(SORT_BY_INIT_PRIORITY(.init_array.*) SORT_BY_INIT_PRIORITY(.ctors.*))
 *(SORT_BY_ALIGNMENT(.init_array) SORT_BY_ALIGNMENT(.ctors))
                0x080057f0                        __zephyr_init_array_end = .
                0x00000001                        ASSERT ((__zephyr_init_array_start == __zephyr_init_array_end), GNU-style constructors required but STATIC_INIT_GNU not enabled)

bt_l2cap_fixed_chan_area
                0x080057f0        0x0
                0x080057f0                        _bt_l2cap_fixed_chan_list_start = .
 *(SORT_BY_NAME(SORT_BY_ALIGNMENT(._bt_l2cap_fixed_chan.static.*)))
                0x080057f0                        _bt_l2cap_fixed_chan_list_end = .

bt_gatt_service_static_area
                0x080057f0        0x0
                0x080057f0                        _bt_gatt_service_static_list_start = .
 *(SORT_BY_NAME(SORT_BY_ALIGNMENT(._bt_gatt_service_static.static.*)))
                0x080057f0                        _bt_gatt_service_static_list_end = .

log_strings_area
                0x080057f0        0x0
                0x080057f0                        _log_strings_list_start = .
 *(SORT_BY_NAME(SORT_BY_ALIGNMENT(._log_strings.static.*)))
                0x080057f0                        _log_strings_list_end = .

log_stmesp_ptr_area
                0x080057f0        0x0
                0x080057f0                        _log_stmesp_ptr_list_start = .
 *(SORT_BY_NAME(SORT_BY_ALIGNMENT(._log_stmesp_ptr.static.*)))
                0x080057f0                        _log_stmesp_ptr_list_end = .

log_stmesp_str_area
                0x080057f0        0x0
                0x080057f0                        _log_stmesp_str_list_start = .
 *(SORT_BY_NAME(SORT_BY_ALIGNMENT(._log_stmesp_str.static.*)))
                0x080057f0                        _log_stmesp_str_list_end = .

log_const_area  0x080057f0        0x0
                0x080057f0                        _log_const_list_start = .
 *(SORT_BY_NAME(SORT_BY_ALIGNMENT(._log_const.static.*)))
                0x080057f0                        _log_const_list_end = .

log_backend_area
                0x080057f0        0x0
                0x080057f0                        _log_backend_list_start = .
 *(SORT_BY_NAME(SORT_BY_ALIGNMENT(._log_backend.static.*)))
                0x080057f0                        _log_backend_list_end = .

log_link_area   0x080057f0        0x0
                0x080057f0                        _log_link_list_start = .
 *(SORT_BY_NAME(SORT_BY_ALIGNMENT(._log_link.static.*)))
                0x080057f0                        _log_link_list_end = .

tracing_backend_area
                0x080057f0        0x0
                0x080057f0                        _tracing_backend_list_start = .
 *(SORT_BY_NAME(SORT_BY_ALIGNMENT(._tracing_backend.static.*)))
                0x080057f0                        _tracing_backend_list_end = .

zephyr_dbg_info
                0x080057f0       0x44
 *(SORT_BY_ALIGNMENT(.dbg_thread_info))
 .dbg_thread_info
                0x080057f0       0x44 zephyr/libzephyr.a(thread_info.c.obj)
                0x080057f0                _kernel_openocd_size_t_size
                0x080057f0                _kernel_thread_info_size_t_size
                0x080057f4                _kernel_openocd_num_offsets
                0x080057f4                _kernel_thread_info_num_offsets
                0x080057f8                _kernel_openocd_offsets
                0x080057f8                _kernel_thread_info_offsets

intc_table_area
                0x08005834        0x0
                0x08005834                        _intc_table_list_start = .
 *(SORT_BY_NAME(SORT_BY_ALIGNMENT(._intc_table.static.*)))
                0x08005834                        _intc_table_list_end = .

symbol_to_keep  0x08005834        0x0
                0x08005834                        __symbol_to_keep_start = .
 *(SORT_BY_NAME(SORT_BY_ALIGNMENT(.symbol_to_keep*)))
                0x08005834                        __symbol_to_keep_end = .

shell_area      0x08005834        0x0
                0x08005834                        _shell_list_start = .
 *(SORT_BY_NAME(SORT_BY_ALIGNMENT(._shell.static.*)))
                0x08005834                        _shell_list_end = .

shell_root_cmds_area
                0x08005834        0x0
                0x08005834                        _shell_root_cmds_list_start = .
 *(SORT_BY_NAME(SORT_BY_ALIGNMENT(._shell_root_cmds.static.*)))
                0x08005834                        _shell_root_cmds_list_end = .

shell_subcmds_area
                0x08005834        0x0
                0x08005834                        _shell_subcmds_list_start = .
 *(SORT_BY_NAME(SORT_BY_ALIGNMENT(._shell_subcmds.static.*)))
                0x08005834                        _shell_subcmds_list_end = .

shell_dynamic_subcmds_area
                0x08005834        0x0
                0x08005834                        _shell_dynamic_subcmds_list_start = .
 *(SORT_BY_NAME(SORT_BY_ALIGNMENT(._shell_dynamic_subcmds.static.*)))
                0x08005834                        _shell_dynamic_subcmds_list_end = .

cfb_font_area   0x08005834        0x0
                0x08005834                        _cfb_font_list_start = .
 *(SORT_BY_NAME(SORT_BY_ALIGNMENT(._cfb_font.static.*)))
                0x08005834                        _cfb_font_list_end = .

tdata           0x08005834        0x0
 *(SORT_BY_ALIGNMENT(.tdata) SORT_BY_ALIGNMENT(.tdata.*) SORT_BY_ALIGNMENT(.gnu.linkonce.td.*))

tbss            0x08005834        0x4
 *(SORT_BY_ALIGNMENT(.tbss) SORT_BY_ALIGNMENT(.tbss.*) SORT_BY_ALIGNMENT(.gnu.linkonce.tb.*) SORT_BY_ALIGNMENT(.tcommon))
 .tbss.z_tls_current
                0x08005834        0x4 zephyr/libzephyr.a(thread_entry.c.obj)
                0x08005834                z_tls_current
                0x08005834                        PROVIDE (__tdata_start = LOADADDR (tdata))
                0x00000001                        PROVIDE (__tdata_align = ALIGNOF (tdata))
                0x00000000                        PROVIDE (__tdata_size = (((SIZEOF (tdata) + __tdata_align) - 0x1) & ~ ((__tdata_align - 0x1))))
                [!provide]                        PROVIDE (__tdata_end = (__tdata_start + __tdata_size))
                0x00000004                        PROVIDE (__tbss_align = ALIGNOF (tbss))
                [!provide]                        PROVIDE (__tbss_start = ADDR (tbss))
                0x00000004                        PROVIDE (__tbss_size = (((SIZEOF (tbss) + __tbss_align) - 0x1) & ~ ((__tbss_align - 0x1))))
                [!provide]                        PROVIDE (__tbss_end = (__tbss_start + __tbss_size))
                [!provide]                        PROVIDE (__tls_start = __tdata_start)
                [!provide]                        PROVIDE (__tls_end = __tbss_end)
                [!provide]                        PROVIDE (__tls_size = (__tbss_end - __tdata_start))

rodata          0x08005834      0x838
 *(SORT_BY_ALIGNMENT(.rodata))
 .rodata        0x08005834        0x8 zephyr/drivers/interrupt_controller/libdrivers__interrupt_controller.a(intc_exti_stm32.c.obj)
 *(SORT_BY_ALIGNMENT(.rodata.*))
 .rodata.main.str1.4
                0x0800583c      0x5f0 app/libapp.a(main.c.obj)
                                 0x7d (size before relaxing)
 .rodata.dio_pin
                0x08005e2c        0x8 app/libapp.a(main.c.obj)
 .rodata.clk_pin
                0x08005e34        0x8 app/libapp.a(main.c.obj)
 .rodata.stb_pin
                0x08005e3c        0x8 app/libapp.a(main.c.obj)
 .rodata.digit_font
                0x08005e44        0xa app/libapp.a(tm1638.c.obj)
 .rodata.str1.4
                0x08005e4e       0x7e zephyr/libzephyr.a(gpioport_mgr.c.obj)
 *fill*         0x08005e4e        0x2 
 .rodata.gpio_stm32_cfg_h
                0x08005e50       0x14 zephyr/libzephyr.a(gpioport_mgr.c.obj)
 .rodata.gpio_stm32_cfg_g
                0x08005e64       0x14 zephyr/libzephyr.a(gpioport_mgr.c.obj)
 .rodata.gpio_stm32_cfg_f
                0x08005e78       0x14 zephyr/libzephyr.a(gpioport_mgr.c.obj)
 .rodata.gpio_stm32_cfg_e
                0x08005e8c       0x14 zephyr/libzephyr.a(gpioport_mgr.c.obj)
 .rodata.gpio_stm32_cfg_d
                0x08005ea0       0x14 zephyr/libzephyr.a(gpioport_mgr.c.obj)
 .rodata.gpio_stm32_cfg_c
                0x08005eb4       0x14 zephyr/libzephyr.a(gpioport_mgr.c.obj)
 .rodata.gpio_stm32_cfg_b
                0x08005ec8       0x14 zephyr/libzephyr.a(gpioport_mgr.c.obj)
 .rodata.gpio_stm32_cfg_a
                0x08005edc       0x14 zephyr/libzephyr.a(gpioport_mgr.c.obj)
 .rodata.gpio_ports
                0x08005ef0       0x68 zephyr/libzephyr.a(gpioport_mgr.c.obj)
 .rodata.mem_attr_region
                0x08005f58        0x0 zephyr/libzephyr.a(mem_attr.c.obj)
 .rodata.esf_dump.str1.4
                0x08005f58       0x9f zephyr/arch/arch/arm/core/libarch__arm__core.a(fatal.c.obj)
 .rodata.z_arm_fatal_error.str1.4
                0x08005f58       0x14 zephyr/arch/arch/arm/core/libarch__arm__core.a(fatal.c.obj)
 .rodata.get_esf.str1.4
                0x08005f58       0x2c zephyr/arch/arch/arm/core/cortex_m/libarch__arm__core__cortex_m.a(fault.c.obj)
 .rodata.bus_fault.str1.4
                0x08005f58       0xdc zephyr/arch/arch/arm/core/cortex_m/libarch__arm__core__cortex_m.a(fault.c.obj)
 .rodata.usage_fault.str1.4
                0x08005f58       0xdc zephyr/arch/arch/arm/core/cortex_m/libarch__arm__core__cortex_m.a(fault.c.obj)
 .rodata.debug_monitor.str1.4
                0x08005f58       0x25 zephyr/arch/arch/arm/core/cortex_m/libarch__arm__core__cortex_m.a(fault.c.obj)
 .rodata.reserved_exception.str1.4
                0x08005f58       0x48 zephyr/arch/arch/arm/core/cortex_m/libarch__arm__core__cortex_m.a(fault.c.obj)
 .rodata.mem_manage_fault.str1.4
                0x08005f58       0xa0 zephyr/arch/arch/arm/core/cortex_m/libarch__arm__core__cortex_m.a(fault.c.obj)
 .rodata.hard_fault.str1.4
                0x08005f58       0x89 zephyr/arch/arch/arm/core/cortex_m/libarch__arm__core__cortex_m.a(fault.c.obj)
 .rodata.static_regions
                0x08005f58        0xc zephyr/arch/arch/arm/core/mpu/libarch__arm__core__mpu.a(arm_core_mpu.c.obj)
 .rodata.mpu_config
                0x08005f64        0x8 zephyr/arch/arch/arm/core/mpu/libarch__arm__core__mpu.a(arm_mpu_regions.c.obj)
                0x08005f64                mpu_config
 .rodata.str1.4
                0x08005f6c        0xf zephyr/arch/arch/arm/core/mpu/libarch__arm__core__mpu.a(arm_mpu_regions.c.obj)
 .rodata.mpu_regions
                0x08005f6c       0x18 zephyr/arch/arch/arm/core/mpu/libarch__arm__core__mpu.a(arm_mpu_regions.c.obj)
 .rodata.str1.4
                0x08005f84       0x1e zephyr/drivers/interrupt_controller/libdrivers__interrupt_controller.a(intc_exti_stm32.c.obj)
 .rodata.line_range_6.0
                0x08005f84        0x2 zephyr/drivers/interrupt_controller/libdrivers__interrupt_controller.a(intc_gpio_stm32.c.obj)
 *fill*         0x08005f86        0x2 
 .rodata.line_range_5.1
                0x08005f88        0x2 zephyr/drivers/interrupt_controller/libdrivers__interrupt_controller.a(intc_gpio_stm32.c.obj)
 *fill*         0x08005f8a        0x2 
 .rodata.line_range_4.2
                0x08005f8c        0x2 zephyr/drivers/interrupt_controller/libdrivers__interrupt_controller.a(intc_gpio_stm32.c.obj)