Archive member included to satisfy reference by file (symbol)

app/libapp.a(main.c.obj)      (--whole-archive)
app/libapp.a(tm1638.c.obj)    (--whole-archive)
zephyr/libzephyr.a(validate_libc.c.obj)
                              (--whole-archive)
zephyr/libzephyr.a(heap.c.obj)
                              (--whole-archive)
zephyr/libzephyr.a(cbprintf_packaged.c.obj)
                              (--whole-archive)
zephyr/libzephyr.a(clock.c.obj)
                              (--whole-archive)
zephyr/libzephyr.a(printk.c.obj)
                              (--whole-archive)
zephyr/libzephyr.a(sem.c.obj)
                              (--whole-archive)
zephyr/libzephyr.a(thread_entry.c.obj)
                              (--whole-archive)
zephyr/libzephyr.a(cbprintf_complete.c.obj)
                              (--whole-archive)
zephyr/libzephyr.a(assert.c.obj)
                              (--whole-archive)
zephyr/libzephyr.a(dec.c.obj)
                              (--whole-archive)
zephyr/libzephyr.a(hex.c.obj)
                              (--whole-archive)
zephyr/libzephyr.a(rb.c.obj)  (--whole-archive)
zephyr/libzephyr.a(set.c.obj)
                              (--whole-archive)
zephyr/libzephyr.a(timeutil.c.obj)
                              (--whole-archive)
zephyr/libzephyr.a(bitarray.c.obj)
                              (--whole-archive)
zephyr/libzephyr.a(bitmask.c.obj)
                              (--whole-archive)
zephyr/libzephyr.a(getopt.c.obj)
                              (--whole-archive)
zephyr/libzephyr.a(getopt_common.c.obj)
                              (--whole-archive)
zephyr/libzephyr.a(ring_buffer.c.obj)
                              (--whole-archive)
zephyr/libzephyr.a(last_section_id.c.obj)
                              (--whole-archive)
zephyr/libzephyr.a(configs.c.obj)
                              (--whole-archive)
zephyr/libzephyr.a(stm32cube_hal.c.obj)
                              (--whole-archive)
zephyr/libzephyr.a(soc_config.c.obj)
                              (--whole-archive)
zephyr/libzephyr.a(gpioport_mgr.c.obj)
                              (--whole-archive)
zephyr/libzephyr.a(stm32_backup_domain.c.obj)
                              (--whole-archive)
zephyr/libzephyr.a(soc.c.obj)
                              (--whole-archive)
zephyr/libzephyr.a(thread_info.c.obj)
                              (--whole-archive)
zephyr/libzephyr.a(mem_attr.c.obj)
                              (--whole-archive)
zephyr/libzephyr.a(tracing_none.c.obj)
                              (--whole-archive)
zephyr/arch/common/libarch__common.a(sw_isr_common.c.obj)
                              (--whole-archive)
zephyr/arch/common/libarch__common.a(init.c.obj)
                              (--whole-archive)
zephyr/arch/common/libarch__common.a(xip.c.obj)
                              (--whole-archive)
zephyr/arch/arch/arm/core/libarch__arm__core.a(fatal.c.obj)
                              (--whole-archive)
zephyr/arch/arch/arm/core/libarch__arm__core.a(nmi.c.obj)
                              (--whole-archive)
zephyr/arch/arch/arm/core/libarch__arm__core.a(nmi_on_reset.S.obj)
                              (--whole-archive)
zephyr/arch/arch/arm/core/libarch__arm__core.a(tls.c.obj)
                              (--whole-archive)
zephyr/arch/arch/arm/core/cortex_m/libarch__arm__core__cortex_m.a(fault.c.obj)
                              (--whole-archive)
zephyr/arch/arch/arm/core/cortex_m/libarch__arm__core__cortex_m.a(fault_s.S.obj)
                              (--whole-archive)
zephyr/arch/arch/arm/core/cortex_m/libarch__arm__core__cortex_m.a(fpu.c.obj)
                              (--whole-archive)
zephyr/arch/arch/arm/core/cortex_m/libarch__arm__core__cortex_m.a(reset.S.obj)
                              (--whole-archive)
zephyr/arch/arch/arm/core/cortex_m/libarch__arm__core__cortex_m.a(scb.c.obj)
                              (--whole-archive)
zephyr/arch/arch/arm/core/cortex_m/libarch__arm__core__cortex_m.a(vector_table.S.obj)
                              (--whole-archive)
zephyr/arch/arch/arm/core/cortex_m/libarch__arm__core__cortex_m.a(svc.S.obj)
                              (--whole-archive)
zephyr/arch/arch/arm/core/cortex_m/libarch__arm__core__cortex_m.a(irq_manage.c.obj)
                              (--whole-archive)
zephyr/arch/arch/arm/core/cortex_m/libarch__arm__core__cortex_m.a(prep_c.c.obj)
                              (--whole-archive)
zephyr/arch/arch/arm/core/cortex_m/libarch__arm__core__cortex_m.a(thread.c.obj)
                              (--whole-archive)
zephyr/arch/arch/arm/core/cortex_m/libarch__arm__core__cortex_m.a(cpu_idle.c.obj)
                              (--whole-archive)
zephyr/arch/arch/arm/core/cortex_m/libarch__arm__core__cortex_m.a(exc_exit.c.obj)
                              (--whole-archive)
zephyr/arch/arch/arm/core/cortex_m/libarch__arm__core__cortex_m.a(thread_abort.c.obj)
                              (--whole-archive)
[...]
Memory Configuration

Name             Origin             Length             Attributes
FLASH            0x08000000         0x00080000         xr
RAM              0x20000000         0x00018000         xw
SRAM0            0x20000000         0x00018000         rw
IDT_LIST         0xffff7fff         0x00008000         xw
*default*        0x00000000         0xffffffff

Linker script and memory map

                0x08003a7c                        vfprintf = __l_vfprintf
                0x00000000                        vfscanf = __l_vfscanf
LOAD zephyr/CMakeFiles/zephyr_final.dir/misc/empty_file.c.obj
LOAD zephyr/CMakeFiles/zephyr_final.dir/isr_tables.c.obj
LOAD zephyr/CMakeFiles/offsets.dir/./arch/arm/core/offsets/offsets.c.obj
LOAD app/libapp.a
LOAD zephyr/libzephyr.a
LOAD zephyr/arch/common/libarch__common.a
LOAD zephyr/arch/arch/arm/core/libarch__arm__core.a
LOAD zephyr/arch/arch/arm/core/cortex_m/libarch__arm__core__cortex_m.a
LOAD zephyr/arch/arch/arm/core/mpu/libarch__arm__core__mpu.a
LOAD zephyr/lib/libc/picolibc/liblib__libc__picolibc.a
LOAD zephyr/lib/libc/common/liblib__libc__common.a
LOAD zephyr/lib/posix/c_lib_ext/liblib__posix__c_lib_ext.a
LOAD zephyr/drivers/interrupt_controller/libdrivers__interrupt_controller.a
LOAD zephyr/drivers/clock_control/libdrivers__clock_control.a
LOAD zephyr/drivers/console/libdrivers__console.a
LOAD zephyr/drivers/gpio/libdrivers__gpio.a
LOAD zephyr/drivers/pinctrl/libdrivers__pinctrl.a
LOAD zephyr/drivers/reset/libdrivers__reset.a
LOAD zephyr/drivers/serial/libdrivers__serial.a
LOAD zephyr/drivers/timer/libdrivers__timer.a
LOAD modules/hal_stm32/stm32cube/lib..__modules__hal__stm32__stm32cube.a
LOAD zephyr/kernel/libkernel.a
LOAD zephyr/arch/common/libisr_tables.a
LOAD C:/Users/razie/zephyr-sdk-1.0.1/gnu/arm-zephyr-eabi/bin/../lib/gcc/arm-zephyr-eabi/14.3.0/../../../../arm-zephyr-eabi/lib/thumb/v7e-m/nofp\libc.a
LOAD C:/Users/razie/zephyr-sdk-1.0.1/gnu/arm-zephyr-eabi/bin/../lib/gcc/arm-zephyr-eabi/14.3.0/thumb/v7e-m/nofp\libgcc.a
                0x00000020                        _region_min_align = 0x20

.rel.plt        0x08000000        0x0
 *(SORT_BY_ALIGNMENT(.rel.plt))
                [!provide]                        PROVIDE (__rel_iplt_start = .)
 *(SORT_BY_ALIGNMENT(.rel.iplt))
 .rel.iplt      0x08000000        0x0 zephyr/CMakeFiles/zephyr_final.dir/isr_tables.c.obj
                [!provide]                        PROVIDE (__rel_iplt_end = .)

.rela.plt       0x00000000        0x0
 *(SORT_BY_ALIGNMENT(.rela.plt))
                [!provide]                        PROVIDE (__rela_iplt_start = .)
 *(SORT_BY_ALIGNMENT(.rela.iplt))
                [!provide]                        PROVIDE (__rela_iplt_end = .)

.rel.dyn
 *(SORT_BY_ALIGNMENT(.rel.*))

.rela.dyn
 *(SORT_BY_ALIGNMENT(.rela.*))

/DISCARD/
 *(SORT_BY_ALIGNMENT(.plt))

/DISCARD/
 *(SORT_BY_ALIGNMENT(.iplt))
                0x08000000                        __rom_region_start = 0x8000000

rom_start       0x08000000      0x168
                0x08000000                        __rom_start_address = .
 FILL mask 0x00
                0x08000000                        . = (. + (0x0 - (. - __rom_start_address)))
                0x08000000                        . = ALIGN (0x4)
                0x08000000                        . = ALIGN (0x80)
                0x08000000                        . = ALIGN (0x200)
                0x08000000                        _vector_start = .
 *(SORT_BY_ALIGNMENT(.exc_vector_table))
 *(SORT_BY_ALIGNMENT(.exc_vector_table.*))
 .exc_vector_table._vector_table_section
                0x08000000       0x40 zephyr/arch/arch/arm/core/cortex_m/libarch__arm__core__cortex_m.a(vector_table.S.obj)
                0x08000000                _vector_table
 *(SORT_BY_ALIGNMENT(.vectors))
                0x08000168                        _vector_end = .
                0x08000040                        . = ALIGN (0x4)
 *(SORT_BY_ALIGNMENT(.gnu.linkonce.irq_vector_table*))
 .gnu.linkonce.irq_vector_table
                0x08000040      0x128 zephyr/CMakeFiles/zephyr_final.dir/isr_tables.c.obj
                0x08000040                _irq_vector_table
                0x08000168                        _vector_end = .

text            0x08000168     0x56ec
                0x08000168                        __text_region_start = .
 *(SORT_BY_ALIGNMENT(.text))
 .text          0x08000168      0x134 C:/Users/razie/zephyr-sdk-1.0.1/gnu/arm-zephyr-eabi/bin/../lib/gcc/arm-zephyr-eabi/14.3.0/../../../../arm-zephyr-eabi/lib/thumb/v7e-m/nofp\libc.a(memcpy.S.o)
                0x08000168                __aeabi_memcpy
                0x08000168                __aeabi_memcpy4
                0x08000168                __aeabi_memcpy8
                0x08000168                memcpy
 .text          0x0800029c       0x30 C:/Users/razie/zephyr-sdk-1.0.1/gnu/arm-zephyr-eabi/bin/../lib/gcc/arm-zephyr-eabi/14.3.0/thumb/v7e-m/nofp\libgcc.a(_aeabi_uldivmod.o)
                0x0800029c                __aeabi_uldivmod
 .text          0x080002cc        0x4 C:/Users/razie/zephyr-sdk-1.0.1/gnu/arm-zephyr-eabi/bin/../lib/gcc/arm-zephyr-eabi/14.3.0/thumb/v7e-m/nofp\libgcc.a(_dvmd_tls.o)
                0x080002cc                __aeabi_idiv0
                0x080002cc                __aeabi_ldiv0
 .text          0x080002d0      0x2bc C:/Users/razie/zephyr-sdk-1.0.1/gnu/arm-zephyr-eabi/bin/../lib/gcc/arm-zephyr-eabi/14.3.0/thumb/v7e-m/nofp\libgcc.a(_udivmoddi4.o)
                0x080002d0                __udivmoddi4
 *(SORT_BY_ALIGNMENT(.text.*))
 .text.leer_botones
                0x0800058c       0x54 app/libapp.a(main.c.obj)
                0x0800058c                leer_botones
 .text.actualizar_tiempo
                0x080005e0       0xd4 app/libapp.a(main.c.obj)
                0x080005e0                actualizar_tiempo
 .text.iniciar_juego
                0x080006b4      0x134 app/libapp.a(main.c.obj)
                0x080006b4                iniciar_juego
 .text.autofan  0x080007e8       0x5c app/libapp.a(main.c.obj)
                0x080007e8                autofan
 .text.menu     0x08000844       0x38 app/libapp.a(main.c.obj)
                0x08000844                menu
 .text.ajustar_brillo
                0x0800087c       0x88 app/libapp.a(main.c.obj)
                0x0800087c                ajustar_brillo
 .text.mostrar_boton
                0x08000904       0xb0 app/libapp.a(main.c.obj)
                0x08000904                mostrar_boton
 .text.mainloop
                0x080009b4      0x1ac app/libapp.a(main.c.obj)
                0x080009b4                mainloop
 .text.send_byte
                0x08000b60       0x54 app/libapp.a(tm1638.c.obj)
 .text.write_at
                0x08000bb4       0x54 app/libapp.a(tm1638.c.obj)
 .text.recv_byte
                0x08000c08       0x60 app/libapp.a(tm1638.c.obj)
 .text.scan_keys_raw
                0x08000c68       0x88 app/libapp.a(tm1638.c.obj)
 .text.tm1638_set_brightness
                0x08000cf0       0x40 app/libapp.a(tm1638.c.obj)
                0x08000cf0                tm1638_set_brightness
 .text.tm1638_set_digit
                0x08000d30       0x2c app/libapp.a(tm1638.c.obj)
                0x08000d30                tm1638_set_digit
 .text.tm1638_clear
                0x08000d5c       0x2c app/libapp.a(tm1638.c.obj)
                0x08000d5c                tm1638_clear
 .text.tm1638_init
                0x08000d88       0xf0 app/libapp.a(tm1638.c.obj)
                0x08000d88                tm1638_init
 .text.tm1638_clear_digits
                0x08000e78       0x30 app/libapp.a(tm1638.c.obj)
                0x08000e78                tm1638_clear_digits
 .text.tm1638_display
                0x08000ea8       0x78 app/libapp.a(tm1638.c.obj)
                0x08000ea8                tm1638_display
 .text.tm1638_clear_leds
                0x08000f20       0x30 app/libapp.a(tm1638.c.obj)
                0x08000f20                tm1638_clear_leds
 .text.tm1638_set_led
                0x08000f50       0x3c app/libapp.a(tm1638.c.obj)
                0x08000f50                tm1638_set_led
 .text.tm1638_get_button
                0x08000f8c       0xb4 app/libapp.a(tm1638.c.obj)
                0x08000f8c                tm1638_get_button
 .text.char_out
                0x08001040       0x10 zephyr/libzephyr.a(printk.c.obj)
 .text.__printk_hook_install
                0x08001050        0xc zephyr/libzephyr.a(printk.c.obj)
                0x08001050                __printk_hook_install
 .text.vprintk  0x0800105c       0x30 zephyr/libzephyr.a(printk.c.obj)
                0x0800105c                vprintk
 .text.z_thread_entry
                0x0800108c       0x34 zephyr/libzephyr.a(thread_entry.c.obj)
                0x0800108c                z_thread_entry
 .text.st_stm32_common_config
                0x080010c0       0x14 zephyr/libzephyr.a(soc_config.c.obj)
 .text.stm32_gpioport_pm_action
                0x080010d4       0x54 zephyr/libzephyr.a(gpioport_mgr.c.obj)
 .text.stm32_gpioport_init
                0x08001128       0x10 zephyr/libzephyr.a(gpioport_mgr.c.obj)
 .text.stm32_gpioport_get
                0x08001138       0x24 zephyr/libzephyr.a(gpioport_mgr.c.obj)
                0x08001138                stm32_gpioport_get
 .text.soc_early_init_hook
                0x0800115c       0x30 zephyr/libzephyr.a(soc.c.obj)
                0x0800115c                soc_early_init_hook
 .text.mem_attr_get_regions
                0x0800118c        0xc zephyr/libzephyr.a(mem_attr.c.obj)
                0x0800118c                mem_attr_get_regions
 .text.arch_bss_zero
                0x08001198       0x18 zephyr/arch/common/libarch__common.a(init.c.obj)
                0x08001198                arch_bss_zero
 .text.arch_data_copy
                0x080011b0       0x34 zephyr/arch/common/libarch__common.a(xip.c.obj)
                0x080011b0                arch_data_copy
 .text.esf_dump
                0x080011e4       0x40 zephyr/arch/arch/arm/core/libarch__arm__core.a(fatal.c.obj)
 .text.z_arm_fatal_error
                0x08001224       0x30 zephyr/arch/arch/arm/core/libarch__arm__core.a(fatal.c.obj)
                0x08001224                z_arm_fatal_error
 .text.z_SysNmiOnReset
                0x08001254        0x8 zephyr/arch/arch/arm/core/libarch__arm__core.a(nmi_on_reset.S.obj)
                0x08001254                z_SysNmiOnReset
 .text.z_tls_copy
                0x0800125c       0x28 zephyr/arch/arch/arm/core/libarch__arm__core.a(tls.c.obj)
 .text.arch_tls_stack_setup
                0x08001284       0x28 zephyr/arch/arch/arm/core/libarch__arm__core.a(tls.c.obj)
                0x08001284                arch_tls_stack_setup
 .text.z_arm_is_synchronous_svc
                0x080012ac       0x48 zephyr/arch/arch/arm/core/cortex_m/libarch__arm__core__cortex_m.a(fault.c.obj)
 .text.get_esf  0x080012f4       0x40 zephyr/arch/arch/arm/core/cortex_m/libarch__arm__core__cortex_m.a(fault.c.obj)
 .text.bus_fault
                0x08001334       0xec zephyr/arch/arch/arm/core/cortex_m/libarch__arm__core__cortex_m.a(fault.c.obj)
 .text.usage_fault
                0x08001420       0xb4 zephyr/arch/arch/arm/core/cortex_m/libarch__arm__core__cortex_m.a(fault.c.obj)
 .text.debug_monitor
                0x080014d4       0x14 zephyr/arch/arch/arm/core/cortex_m/libarch__arm__core__cortex_m.a(fault.c.obj)
 .text.reserved_exception
                0x080014e8       0x24 zephyr/arch/arch/arm/core/cortex_m/libarch__arm__core__cortex_m.a(fault.c.obj)
 .text.mem_manage_fault
                0x0800150c      0x128 zephyr/arch/arch/arm/core/cortex_m/libarch__arm__core__cortex_m.a(fault.c.obj)
 .text.hard_fault
                0x08001634       0xb8 zephyr/arch/arch/arm/core/cortex_m/libarch__arm__core__cortex_m.a(fault.c.obj)
 .text.z_arm_fault
                0x080016ec       0x84 zephyr/arch/arch/arm/core/cortex_m/libarch__arm__core__cortex_m.a(fault.c.obj)
                0x080016ec                z_arm_fault
 .text.z_arm_fault_init
                0x08001770       0x18 zephyr/arch/arch/arm/core/cortex_m/libarch__arm__core__cortex_m.a(fault.c.obj)
                0x08001770                z_arm_fault_init
 .text.__fault  0x08001788       0x14 zephyr/arch/arch/arm/core/cortex_m/libarch__arm__core__cortex_m.a(fault_s.S.obj)
                0x08001788                z_arm_usage_fault
                0x08001788                z_arm_mpu_fault
                0x08001788                z_arm_exc_spurious
                0x08001788                z_arm_debug_monitor
                0x08001788                z_arm_hard_fault
                0x08001788                z_arm_bus_fault
 .text._reset_section
                0x0800179c       0x40 zephyr/arch/arch/arm/core/cortex_m/libarch__arm__core__cortex_m.a(reset.S.obj)
                0x0800179c                __start
                0x0800179c                z_arm_reset
 .text.z_arm_svc
                0x080017dc       0x24 zephyr/arch/arch/arm/core/cortex_m/libarch__arm__core__cortex_m.a(svc.S.obj)
                0x080017dc                z_arm_svc
 .text.__NVIC_EnableIRQ
                0x08001800       0x1c zephyr/arch/arch/arm/core/cortex_m/libarch__arm__core__cortex_m.a(irq_manage.c.obj)
 .text.__NVIC_SetPriority
                0x0800181c       0x28 zephyr/arch/arch/arm/core/cortex_m/libarch__arm__core__cortex_m.a(irq_manage.c.obj)
 .text.relocate_vector_table
                0x08001844       0x1c zephyr/arch/arch/arm/core/cortex_m/libarch__arm__core__cortex_m.a(prep_c.c.obj)
                0x08001844                relocate_vector_table
 .text.z_prep_c
                0x08001860       0x38 zephyr/arch/arch/arm/core/cortex_m/libarch__arm__core__cortex_m.a(prep_c.c.obj)
                0x08001860                z_prep_c
 .text.min_stack
                0x08001898       0x48 zephyr/arch/arch/arm/core/cortex_m/libarch__arm__core__cortex_m.a(thread.c.obj)
 .text.arch_new_thread
                0x080018e0       0x44 zephyr/arch/arch/arm/core/cortex_m/libarch__arm__core__cortex_m.a(thread.c.obj)
                0x080018e0                arch_new_thread
 .text.arch_switch_to_main_thread
                0x08001924       0x40 zephyr/arch/arch/arm/core/cortex_m/libarch__arm__core__cortex_m.a(thread.c.obj)
                0x08001924                arch_switch_to_main_thread
 .text.z_arm_cpu_idle_init
                0x08001964        0xc zephyr/arch/arch/arm/core/cortex_m/libarch__arm__core__cortex_m.a(cpu_idle.c.obj)
                0x08001964                z_arm_cpu_idle_init
 .text._HandlerModeExit
                0x08001970       0x20 zephyr/arch/arch/arm/core/cortex_m/libarch__arm__core__cortex_m.a(exc_exit.c.obj)
                0x08001970                z_arm_int_exit
                0x08001970                z_arm_exc_exit
 .text.z_impl_k_thread_abort
                0x08001990       0x34 zephyr/arch/arch/arm/core/cortex_m/libarch__arm__core__cortex_m.a(thread_abort.c.obj)
                0x08001990                z_impl_k_thread_abort
 .text.z_arm_pendsv
                0x080019c4       0x64 zephyr/arch/arch/arm/core/cortex_m/libarch__arm__core__cortex_m.a(swap_helper.S.obj)
                0x080019c4                z_arm_pendsv
 .text.z_arm_interrupt_init
                0x08001a28       0x34 zephyr/arch/arch/arm/core/cortex_m/libarch__arm__core__cortex_m.a(irq_init.c.obj)
                0x08001a28                z_arm_interrupt_init
 .text._isr_wrapper
                0x08001a5c       0x20 zephyr/arch/arch/arm/core/cortex_m/libarch__arm__core__cortex_m.a(isr_wrapper.c.obj)
                0x08001a5c                _isr_wrapper
 .text.__aeabi_read_tp
                0x08001a7c        0xc zephyr/arch/arch/arm/core/cortex_m/libarch__arm__core__cortex_m.a(__aeabi_read_tp.S.obj)
                0x08001a7c                __aeabi_read_tp
 .text.z_arm_configure_static_mpu_regions
                0x08001a88       0x1c zephyr/arch/arch/arm/core/mpu/libarch__arm__core__mpu.a(arm_core_mpu.c.obj)
                0x08001a88                z_arm_configure_static_mpu_regions
 .text.z_arm_configure_dynamic_mpu_regions
                0x08001aa4       0x24 zephyr/arch/arch/arm/core/mpu/libarch__arm__core__mpu.a(arm_core_mpu.c.obj)
                0x08001aa4                z_arm_configure_dynamic_mpu_regions
 .text.region_init
                0x08001ac8       0x28 zephyr/arch/arch/arm/core/mpu/libarch__arm__core__mpu.a(arm_mpu.c.obj)
 .text.region_allocate_and_init
                0x08001af0       0x28 zephyr/arch/arch/arm/core/mpu/libarch__arm__core__mpu.a(arm_mpu.c.obj)
 .text.mpu_configure_static_mpu_regions
                0x08001b18       0x14 zephyr/arch/arch/arm/core/mpu/libarch__arm__core__mpu.a(arm_mpu.c.obj)
 .text.mpu_configure_dynamic_mpu_regions
                0x08001b2c       0x3c zephyr/arch/arch/arm/core/mpu/libarch__arm__core__mpu.a(arm_mpu.c.obj)
 .text.arm_core_mpu_enable
                0x08001b68       0x18 zephyr/arch/arch/arm/core/mpu/libarch__arm__core__mpu.a(arm_mpu.c.obj)
                0x08001b68                arm_core_mpu_enable
 .text.arm_core_mpu_disable
                0x08001b80       0x14 zephyr/arch/arch/arm/core/mpu/libarch__arm__core__mpu.a(arm_mpu.c.obj)
                0x08001b80                arm_core_mpu_disable
 .text.z_arm_mpu_init
                0x08001b94       0x80 zephyr/arch/arch/arm/core/mpu/libarch__arm__core__mpu.a(arm_mpu.c.obj)
                0x08001b94                z_arm_mpu_init
 .text.z_impl_zephyr_fputc
                0x08001c14       0x10 zephyr/lib/libc/picolibc/liblib__libc__picolibc.a(stdio.c.obj)
                0x08001c14                z_impl_zephyr_fputc
 .text.__stdout_hook_install
                0x08001c24       0x18 zephyr/lib/libc/picolibc/liblib__libc__picolibc.a(stdio.c.obj)
                0x08001c24                __stdout_hook_install
 .text.malloc_prepare
                0x08001c3c       0x24 zephyr/lib/libc/common/liblib__libc__common.a(malloc.c.obj)
 .text.stm32_exti_enable_clocks
                0x08001c60       0x34 zephyr/drivers/interrupt_controller/libdrivers__interrupt_controller.a(intc_exti_stm32.c.obj)
 .text.stm32_exti_is_pending
                0x08001c94       0x24 zephyr/drivers/interrupt_controller/libdrivers__interrupt_controller.a(intc_exti_stm32.c.obj)
                0x08001c94                stm32_exti_is_pending
 .text.stm32_exti_clear_pending
                0x08001cb8       0x20 zephyr/drivers/interrupt_controller/libdrivers__interrupt_controller.a(intc_exti_stm32.c.obj)
                0x08001cb8                stm32_exti_clear_pending
 .text.stm32_fill_irq_table
                0x08001cd8       0x24 zephyr/drivers/interrupt_controller/libdrivers__interrupt_controller.a(intc_gpio_stm32.c.obj)
 .text.stm32_intc_gpio_isr
                0x08001cfc       0x48 zephyr/drivers/interrupt_controller/libdrivers__interrupt_controller.a(intc_gpio_stm32.c.obj)
 .text.LL_SYSCFG_SetEXTISource
                0x08001d44       0x38 zephyr/drivers/interrupt_controller/libdrivers__interrupt_controller.a(intc_gpio_stm32.c.obj)
 .text.LL_SYSCFG_GetEXTISource
                0x08001d7c       0x28 zephyr/drivers/interrupt_controller/libdrivers__interrupt_controller.a(intc_gpio_stm32.c.obj)
 .text.stm32_gpio_intc_enable_line
                0x08001da4       0x30 zephyr/drivers/interrupt_controller/libdrivers__interrupt_controller.a(intc_gpio_stm32.c.obj)
                0x08001da4                stm32_gpio_intc_enable_line
 .text.stm32_gpio_intc_disable_line
                0x08001dd4       0x10 zephyr/drivers/interrupt_controller/libdrivers__interrupt_controller.a(intc_gpio_stm32.c.obj)
                0x08001dd4                stm32_gpio_intc_disable_line
 .text.stm32_gpio_intc_select_line_trigger
                0x08001de4       0x58 zephyr/drivers/interrupt_controller/libdrivers__interrupt_controller.a(intc_gpio_stm32.c.obj)
                0x08001de4                stm32_gpio_intc_select_line_trigger
 .text.stm32_gpio_intc_set_irq_callback
                0x08001e3c       0x4c zephyr/drivers/interrupt_controller/libdrivers__interrupt_controller.a(intc_gpio_stm32.c.obj)
                0x08001e3c                stm32_gpio_intc_set_irq_callback
 .text.stm32_gpio_intc_remove_irq_callback
                0x08001e88       0x24 zephyr/drivers/interrupt_controller/libdrivers__interrupt_controller.a(intc_gpio_stm32.c.obj)
                0x08001e88                stm32_gpio_intc_remove_irq_callback
 .text.stm32_clock_switch_to_hsi
                0x08001eac       0x38 zephyr/drivers/clock_control/libdrivers__clock_control.a(clock_stm32_ll_common.c.obj)
 .text.set_up_fixed_clock_sources
                0x08001ee4       0x38 zephyr/drivers/clock_control/libdrivers__clock_control.a(clock_stm32_ll_common.c.obj)
 .text.stm32_clock_control_get_subsys_rate
                0x08001f1c      0x118 zephyr/drivers/clock_control/libdrivers__clock_control.a(clock_stm32_ll_common.c.obj)
 .text.set_up_plls
                0x08002034       0x78 zephyr/drivers/clock_control/libdrivers__clock_control.a(clock_stm32_ll_common.c.obj)
 .text.enabled_clock
                0x080020ac       0x24 zephyr/drivers/clock_control/libdrivers__clock_control.a(clock_stm32_ll_common.c.obj)
                0x080020ac                enabled_clock
 .text.stm32_clock_control_init
                0x080020d0       0xa4 zephyr/drivers/clock_control/libdrivers__clock_control.a(clock_stm32_ll_common.c.obj)
                0x080020d0                stm32_clock_control_init
 .text.get_pllsrc_frequency
                0x08002174        0x8 zephyr/drivers/clock_control/libdrivers__clock_control.a(clock_stm32f2_f4_f7.c.obj)
                0x08002174                get_pllsrc_frequency
 .text.config_pll_sysclock
                0x0800217c       0x48 zephyr/drivers/clock_control/libdrivers__clock_control.a(clock_stm32f2_f4_f7.c.obj)
                0x0800217c                config_pll_sysclock
 .text.config_enable_default_clocks
                0x080021c4       0x20 zephyr/drivers/clock_control/libdrivers__clock_control.a(clock_stm32f2_f4_f7.c.obj)
                0x080021c4                config_enable_default_clocks
 .text.console_out
                0x080021e4       0x28 zephyr/drivers/console/libdrivers__console.a(uart_console.c.obj)
 .text.uart_console_hook_install
                0x0800220c       0x18 zephyr/drivers/console/libdrivers__console.a(uart_console.c.obj)
 .text.uart_console_init
                0x08002224       0x1c zephyr/drivers/console/libdrivers__console.a(uart_console.c.obj)
 .text.gpio_stm32_pin_interrupt_configure
                0x08002240       0x94 zephyr/drivers/gpio/libdrivers__gpio.a(gpio_stm32.c.obj)
 .text.LL_USART_SetBaudRate
                0x080022d4       0xcc zephyr/drivers/serial/libdrivers__serial.a(uart_stm32.c.obj)
 .text.uart_stm32_set_baudrate
                0x080023a0       0xa4 zephyr/drivers/serial/libdrivers__serial.a(uart_stm32.c.obj)
 .text.uart_stm32_configure
                0x08002444      0x130 zephyr/drivers/serial/libdrivers__serial.a(uart_stm32.c.obj)
 .text.uart_stm32_poll_in
                0x08002574       0x10 zephyr/drivers/serial/libdrivers__serial.a(uart_stm32.c.obj)
 .text.uart_stm32_poll_out
                0x08002584       0x10 zephyr/drivers/serial/libdrivers__serial.a(uart_stm32.c.obj)
 .text.elapsed  0x08002594       0x48 zephyr/drivers/timer/libdrivers__timer.a(cortex_m_systick.c.obj)
 .text.sys_clock_driver_init
                0x080025dc       0x34 zephyr/drivers/timer/libdrivers__timer.a(cortex_m_systick.c.obj)
 .text.sys_clock_isr
                0x08002610       0x68 zephyr/drivers/timer/libdrivers__timer.a(cortex_m_systick.c.obj)
                0x08002610                sys_clock_isr
 .text.sys_clock_set_timeout
                0x08002678      0x124 zephyr/drivers/timer/libdrivers__timer.a(cortex_m_systick.c.obj)
                0x08002678                sys_clock_set_timeout
 .text.sys_clock_elapsed
                0x0800279c       0x40 zephyr/drivers/timer/libdrivers__timer.a(cortex_m_systick.c.obj)
                0x0800279c                sys_clock_elapsed
 .text.sys_clock_cycle_get_32
                0x080027dc       0x28 zephyr/drivers/timer/libdrivers__timer.a(cortex_m_systick.c.obj)
                0x080027dc                sys_clock_cycle_get_32
 .text.HAL_RCC_GetSysClockFreq
                0x08002804       0xdc modules/hal_stm32/stm32cube/lib..__modules__hal__stm32__stm32cube.a(stm32f4xx_hal_rcc.c.obj)
                0x08002804                HAL_RCC_GetSysClockFreq
 .text.LL_SetFlashLatency
                0x080028e0       0x98 modules/hal_stm32/stm32cube/lib..__modules__hal__stm32__stm32cube.a(stm32f4xx_ll_utils.c.obj)
                0x080028e0                LL_SetFlashLatency
 .text.z_fatal_error
                0x08002978       0x2c zephyr/kernel/libkernel.a(fatal.c.obj)
                0x08002978                z_fatal_error
 .text.init_idle_thread
                0x080029a4       0x60 zephyr/kernel/libkernel.a(init.c.obj)
 .text.z_sys_init_run_level
                0x08002a04       0x38 zephyr/kernel/libkernel.a(init.c.obj)
 .text.thread_schedule_new
                0x08002a3c       0x1c zephyr/kernel/libkernel.a(init.c.obj)
 .text.z_init_static_threads
                0x08002a58       0x70 zephyr/kernel/libkernel.a(init.c.obj)
 .text.bg_thread_main
                0x08002ac8       0x34 zephyr/kernel/libkernel.a(init.c.obj)
 .text.switch_to_main_thread
                0x08002afc       0x14 zephyr/kernel/libkernel.a(init.c.obj)
 .text.z_init_cpu
                0x08002b10       0x44 zephyr/kernel/libkernel.a(init.c.obj)
                0x08002b10                z_init_cpu
 .text.prepare_multithreading
                0x08002b54       0x60 zephyr/kernel/libkernel.a(init.c.obj)
 .text.z_cstart
                0x08002bb4       0x78 zephyr/kernel/libkernel.a(init.c.obj)
                0x08002bb4                z_cstart
 .text.z_setup_new_thread
                0x08002c2c       0xc4 zephyr/kernel/libkernel.a(thread.c.obj)
                0x08002c2c                z_setup_new_thread
 .text.z_dummy_thread_init
                0x08002cf0       0x20 zephyr/kernel/libkernel.a(thread.c.obj)
                0x08002cf0                z_dummy_thread_init
 .text.z_swap_irqlock
                0x08002d10       0x34 zephyr/kernel/libkernel.a(sched.c.obj)
 .text.reschedule
                0x08002d44       0x34 zephyr/kernel/libkernel.a(sched.c.obj)
 .text.ready_thread
                0x08002d78       0xb0 zephyr/kernel/libkernel.a(sched.c.obj)
 .text.unready_thread
                0x08002e28       0x68 zephyr/kernel/libkernel.a(sched.c.obj)
 .text.thread_halt_spin
                0x08002e90      0x11c zephyr/kernel/libkernel.a(sched.c.obj)
 .text.move_current_to_end_of_prio_q
                0x08002fac       0x88 zephyr/kernel/libkernel.a(sched.c.obj)
                0x08002fac                move_current_to_end_of_prio_q
 .text.k_sched_lock
                0x08003034       0x30 zephyr/kernel/libkernel.a(sched.c.obj)
                0x08003034                k_sched_lock
 .text.k_sched_unlock
                0x08003064       0x64 zephyr/kernel/libkernel.a(sched.c.obj)
                0x08003064                k_sched_unlock
 .text.z_sched_init
                0x080030c8       0x10 zephyr/kernel/libkernel.a(sched.c.obj)
                0x080030c8                z_sched_init
 .text.z_impl_k_yield
                0x080030d8       0x9c zephyr/kernel/libkernel.a(sched.c.obj)
                0x080030d8                z_impl_k_yield
 .text.z_tick_sleep
                0x08003174       0x7c zephyr/kernel/libkernel.a(sched.c.obj)
 .text.z_impl_k_sleep
                0x080031f0       0x78 zephyr/kernel/libkernel.a(sched.c.obj)
                0x080031f0                z_impl_k_sleep
 .text.z_impl_k_wakeup
                0x08003268       0x48 zephyr/kernel/libkernel.a(sched.c.obj)
                0x08003268                z_impl_k_wakeup
 .text.z_impl_k_sched_current_thread_query
                0x080032b0        0xc zephyr/kernel/libkernel.a(sched.c.obj)
                0x080032b0                z_impl_k_sched_current_thread_query
 .text.z_thread_abort
                0x080032bc      0x16c zephyr/kernel/libkernel.a(sched.c.obj)
                0x080032bc                z_thread_abort
 .text.z_time_slice_size
                0x08003428       0x44 zephyr/kernel/libkernel.a(timeslicing.c.obj)
 .text.slice_timeout
                0x0800346c       0x20 zephyr/kernel/libkernel.a(timeslicing.c.obj)
 .text.z_reset_time_slice
                0x0800348c       0x44 zephyr/kernel/libkernel.a(timeslicing.c.obj)
                0x0800348c                z_reset_time_slice
 .text.z_time_slice
                0x080034d0       0x70 zephyr/kernel/libkernel.a(timeslicing.c.obj)
                0x080034d0                z_time_slice
 .text.z_thread_monitor_exit
                0x08003540       0x3c zephyr/kernel/libkernel.a(thread_monitor.c.obj)
                0x08003540                z_thread_monitor_exit
 .text.first    0x0800357c       0x14 zephyr/kernel/libkernel.a(timeout.c.obj)
 .text.next     0x08003590       0x18 zephyr/kernel/libkernel.a(timeout.c.obj)
 .text.elapsed  0x080035a8       0x18 zephyr/kernel/libkernel.a(timeout.c.obj)
 .text.z_add_timeout
                0x080035c0      0x134 zephyr/kernel/libkernel.a(timeout.c.obj)
                0x080035c0                z_add_timeout
 .text.sys_clock_announce_locked
                0x080036f4       0xc4 zephyr/kernel/libkernel.a(timeout.c.obj)
                0x080036f4                sys_clock_announce_locked
 .text.sys_clock_tick_get
                0x080037b8       0x40 zephyr/kernel/libkernel.a(timeout.c.obj)
                0x080037b8                sys_clock_tick_get
 .text.boot_banner
                0x080037f8       0x10 zephyr/kernel/libkernel.a(banner.c.obj)
                0x080037f8                boot_banner
 .text.memset   0x08003808       0xb0 C:/Users/razie/zephyr-sdk-1.0.1/gnu/arm-zephyr-eabi/bin/../lib/gcc/arm-zephyr-eabi/14.3.0/../../../../arm-zephyr-eabi/lib/thumb/v7e-m/nofp\libc.a(memset.c.o)
                0x08003808                memset
 .text.rand     0x080038b8        0xc C:/Users/razie/zephyr-sdk-1.0.1/gnu/arm-zephyr-eabi/bin/../lib/gcc/arm-zephyr-eabi/14.3.0/../../../../arm-zephyr-eabi/lib/thumb/v7e-m/nofp\libc.a(libc_stdlib_rand.c.o)
                0x080038b8                rand
 .text.random   0x080038c4       0x40 C:/Users/razie/zephyr-sdk-1.0.1/gnu/arm-zephyr-eabi/bin/../lib/gcc/arm-zephyr-eabi/14.3.0/../../../../arm-zephyr-eabi/lib/thumb/v7e-m/nofp\libc.a(libc_stdlib_random.c.o)
                0x080038c4                random
 .text.strncpy  0x08003904       0x58 C:/Users/razie/zephyr-sdk-1.0.1/gnu/arm-zephyr-eabi/bin/../lib/gcc/arm-zephyr-eabi/14.3.0/../../../../arm-zephyr-eabi/lib/thumb/v7e-m/nofp\libc.a(libc_string_strncpy.c.o)
                0x08003904                strncpy
 .text.strnlen  0x0800395c       0x24 C:/Users/razie/zephyr-sdk-1.0.1/gnu/arm-zephyr-eabi/bin/../lib/gcc/arm-zephyr-eabi/14.3.0/../../../../arm-zephyr-eabi/lib/thumb/v7e-m/nofp\libc.a(libc_string_strnlen.c.o)
                0x0800395c                strnlen
 .text.__ultoa_invert
                0x08003980       0xfc C:/Users/razie/zephyr-sdk-1.0.1/gnu/arm-zephyr-eabi/bin/../lib/gcc/arm-zephyr-eabi/14.3.0/../../../../arm-zephyr-eabi/lib/thumb/v7e-m/nofp\libc.a(libc_tinystdio_vflprintf.c.o)
 .text.__l_vfprintf
                0x08003a7c      0x9b4 C:/Users/razie/zephyr-sdk-1.0.1/gnu/arm-zephyr-eabi/bin/../lib/gcc/arm-zephyr-eabi/14.3.0/../../../../arm-zephyr-eabi/lib/thumb/v7e-m/nofp\libc.a(libc_tinystdio_vflprintf.c.o)
                0x08003a7c                __l_vfprintf
 .text._OffsetAbsSyms
                0x08004430        0x2 zephyr/CMakeFiles/offsets.dir/./arch/arm/core/offsets/offsets.c.obj
                0x08004430                _OffsetAbsSyms
 .text.k_msleep
                0x08004432       0x20 app/libapp.a(main.c.obj)
 .text.mostrar_bienvenida
                0x08004452       0x30 app/libapp.a(main.c.obj)
                0x08004452                mostrar_bienvenida
 .text.z_impl_gpio_pin_configure
                0x08004482       0x50 app/libapp.a(tm1638.c.obj)
 .text.gpio_pin_configure_dt
                0x080044d2       0x16 app/libapp.a(tm1638.c.obj)
 .text.gpio_port_get
                0x080044e8       0x18 app/libapp.a(tm1638.c.obj)
 .text.gpio_pin_get
                0x08004500       0x24 app/libapp.a(tm1638.c.obj)
 .text.gpio_pin_set_raw
                0x08004524       0x20 app/libapp.a(tm1638.c.obj)
 .text.gpio_pin_set
                0x08004544       0x1a app/libapp.a(tm1638.c.obj)
 .text.free_list_add_bidx
                0x0800455e       0x4e zephyr/libzephyr.a(heap.c.obj)
 .text.free_list_add
                0x080045ac       0x18 zephyr/libzephyr.a(heap.c.obj)
 .text.sys_heap_init
                0x080045c4       0x8a zephyr/libzephyr.a(heap.c.obj)
                0x080045c4                sys_heap_init
 .text.arch_printk_char_out
                0x0800464e        0x4 zephyr/libzephyr.a(printk.c.obj)
                0x0800464e                arch_printk_char_out
 .text.printk   0x08004652       0x1c zephyr/libzephyr.a(printk.c.obj)
                0x08004652                printk
 .text._ConfigAbsSyms
                0x0800466e        0x2 zephyr/libzephyr.a(configs.c.obj)
                0x0800466e                _ConfigAbsSyms
 .text.pm_device_driver_init
                0x08004670       0x24 zephyr/libzephyr.a(gpioport_mgr.c.obj)
 .text.LL_GPIO_SetPinSpeed
                0x08004694       0x3a zephyr/libzephyr.a(gpioport_mgr.c.obj)
 .text.LL_GPIO_SetPinPull
                0x080046ce       0x3a zephyr/libzephyr.a(gpioport_mgr.c.obj)
 .text.ll_gpio_set_pin_pull
                0x08004708        0x8 zephyr/libzephyr.a(gpioport_mgr.c.obj)
 .text.LL_GPIO_SetAFPin_0_7
                0x08004710       0x3a zephyr/libzephyr.a(gpioport_mgr.c.obj)
 .text.LL_GPIO_SetAFPin_8_15
                0x0800474a       0x3c zephyr/libzephyr.a(gpioport_mgr.c.obj)
 .text.LL_GPIO_SetPinMode
                0x08004786       0x3a zephyr/libzephyr.a(gpioport_mgr.c.obj)
 .text.stm32_gpioport_configure_pin
                0x080047c0       0x72 zephyr/libzephyr.a(gpioport_mgr.c.obj)
                0x080047c0                stm32_gpioport_configure_pin
 .text.arch_early_memset
                0x08004832        0x8 zephyr/arch/common/libarch__common.a(init.c.obj)
                0x08004832                arch_early_memset
 .text.arch_early_memcpy
                0x0800483a        0x8 zephyr/arch/common/libarch__common.a(init.c.obj)
                0x0800483a                arch_early_memcpy
 .text.z_do_kernel_oops
                0x08004842        0xc zephyr/arch/arch/arm/core/libarch__arm__core.a(fatal.c.obj)
                0x08004842                z_do_kernel_oops
 .text.z_arm_nmi
                0x0800484e        0xc zephyr/arch/arch/arm/core/libarch__arm__core.a(nmi.c.obj)
                0x0800484e                z_arm_nmi
 .text.memory_fault_recoverable
                0x0800485a        0x4 zephyr/arch/arch/arm/core/cortex_m/libarch__arm__core__cortex_m.a(fault.c.obj)
 .text.fault_handle
                0x0800485e       0x4a zephyr/arch/arch/arm/core/cortex_m/libarch__arm__core__cortex_m.a(fault.c.obj)
 .text.arm_irq_enable
                0x080048a8        0xa zephyr/arch/arch/arm/core/cortex_m/libarch__arm__core__cortex_m.a(irq_manage.c.obj)
                0x080048a8                arm_irq_enable
 .text.arm_irq_priority_set
                0x080048b2        0xc zephyr/arch/arch/arm/core/cortex_m/libarch__arm__core__cortex_m.a(irq_manage.c.obj)
                0x080048b2                arm_irq_priority_set
 .text.z_irq_spurious
                0x080048be        0xc zephyr/arch/arch/arm/core/cortex_m/libarch__arm__core__cortex_m.a(irq_manage.c.obj)
                0x080048be                z_irq_spurious
 .text.z_check_thread_stack_fail
                0x080048ca        0x8 zephyr/arch/arch/arm/core/cortex_m/libarch__arm__core__cortex_m.a(thread.c.obj)
                0x080048ca                z_check_thread_stack_fail
 .text.arch_coprocessors_disable
                0x080048d2        0x6 zephyr/arch/arch/arm/core/cortex_m/libarch__arm__core__cortex_m.a(thread.c.obj)
                0x080048d2                arch_coprocessors_disable
 .text.arch_irq_unlock_outlined
                0x080048d8        0xe zephyr/arch/arch/arm/core/cortex_m/libarch__arm__core__cortex_m.a(thread.c.obj)
                0x080048d8                arch_irq_unlock_outlined
 .text.arch_cpu_idle
                0x080048e6       0x1a zephyr/arch/arch/arm/core/cortex_m/libarch__arm__core__cortex_m.a(cpu_idle.c.obj)
                0x080048e6                arch_cpu_idle
 .text.mpu_partition_is_valid
                0x08004900       0x22 zephyr/arch/arch/arm/core/mpu/libarch__arm__core__mpu.a(arm_mpu.c.obj)
 .text.mpu_configure_region
                0x08004922       0x3e zephyr/arch/arch/arm/core/mpu/libarch__arm__core__mpu.a(arm_mpu.c.obj)
 .text.mpu_configure_regions
                0x08004960       0x50 zephyr/arch/arch/arm/core/mpu/libarch__arm__core__mpu.a(arm_mpu.c.obj)
 .text.mpu_configure_regions_from_dt
                0x080049b0      0x1f6 zephyr/arch/arch/arm/core/mpu/libarch__arm__core__mpu.a(arm_mpu.c.obj)
 .text.arm_core_mpu_configure_static_mpu_regions
                0x08004ba6        0x8 zephyr/arch/arch/arm/core/mpu/libarch__arm__core__mpu.a(arm_mpu.c.obj)
                0x08004ba6                arm_core_mpu_configure_static_mpu_regions
 .text.arm_core_mpu_configure_dynamic_mpu_regions
                0x08004bae        0x8 zephyr/arch/arch/arm/core/mpu/libarch__arm__core__mpu.a(arm_mpu.c.obj)
                0x08004bae                arm_core_mpu_configure_dynamic_mpu_regions
 .text.picolibc_put
                0x08004bb6        0xa zephyr/lib/libc/picolibc/liblib__libc__picolibc.a(stdio.c.obj)
 .text.stm32_exti_init
                0x08004bc0        0x8 zephyr/drivers/interrupt_controller/libdrivers__interrupt_controller.a(intc_exti_stm32.c.obj)
 .text.stm32_exti_gpio_intc_init
                0x08004bc8       0x92 zephyr/drivers/interrupt_controller/libdrivers__interrupt_controller.a(intc_gpio_stm32.c.obj)
 .text.stm32_gpio_intc_get_pin_irq_line
                0x08004c5a        0xa zephyr/drivers/interrupt_controller/libdrivers__interrupt_controller.a(intc_gpio_stm32.c.obj)
                0x08004c5a                stm32_gpio_intc_get_pin_irq_line
 .text.stm32_exti_set_line_src_port
                0x08004c64       0x1c zephyr/drivers/interrupt_controller/libdrivers__interrupt_controller.a(intc_gpio_stm32.c.obj)
                0x08004c64                stm32_exti_set_line_src_port
 .text.stm32_exti_get_line_src_port
                0x08004c80       0x1a zephyr/drivers/interrupt_controller/libdrivers__interrupt_controller.a(intc_gpio_stm32.c.obj)
                0x08004c80                stm32_exti_get_line_src_port
 .text.get_pll_div_frequency
                0x08004c9a        0xe zephyr/drivers/clock_control/libdrivers__clock_control.a(clock_stm32_ll_common.c.obj)
 .text.get_bus_clock
                0x08004ca8        0x6 zephyr/drivers/clock_control/libdrivers__clock_control.a(clock_stm32_ll_common.c.obj)
 .text.stm32_clock_control_on
                0x08004cae       0x44 zephyr/drivers/clock_control/libdrivers__clock_control.a(clock_stm32_ll_common.c.obj)
 .text.stm32_clock_control_off
                0x08004cf2       0x2e zephyr/drivers/clock_control/libdrivers__clock_control.a(clock_stm32_ll_common.c.obj)
 .text.stm32_clock_control_configure
                0x08004d20       0x48 zephyr/drivers/clock_control/libdrivers__clock_control.a(clock_stm32_ll_common.c.obj)
 .text.stm32_clock_control_get_status
                0x08004d68       0x3a zephyr/drivers/clock_control/libdrivers__clock_control.a(clock_stm32_ll_common.c.obj)
 .text.config_regulator_voltage
                0x08004da2        0x2 zephyr/drivers/clock_control/libdrivers__clock_control.a(clock_stm32_ll_common.c.obj)
                0x08004da2                config_regulator_voltage
 .text.get_pll_source
                0x08004da4        0x6 zephyr/drivers/clock_control/libdrivers__clock_control.a(clock_stm32f2_f4_f7.c.obj)
 .text.sys_slist_remove
                0x08004daa       0x26 zephyr/drivers/gpio/libdrivers__gpio.a(gpio_stm32.c.obj)
 .text.sys_slist_find_and_remove
                0x08004dd0       0x20 zephyr/drivers/gpio/libdrivers__gpio.a(gpio_stm32.c.obj)
 .text.gpio_manage_callback
                0x08004df0       0x3e zephyr/drivers/gpio/libdrivers__gpio.a(gpio_stm32.c.obj)
 .text.gpio_fire_callbacks
                0x08004e2e       0x40 zephyr/drivers/gpio/libdrivers__gpio.a(gpio_stm32.c.obj)
 .text.gpio_stm32_isr
                0x08004e6e        0xe zephyr/drivers/gpio/libdrivers__gpio.a(gpio_stm32.c.obj)
 .text.gpio_stm32_flags_to_conf
                0x08004e7c       0x82 zephyr/drivers/gpio/libdrivers__gpio.a(gpio_stm32.c.obj)
 .text.gpio_stm32_port_get_raw
                0x08004efe        0xc zephyr/drivers/gpio/libdrivers__gpio.a(gpio_stm32.c.obj)
 .text.gpio_stm32_port_set_masked_raw
                0x08004f0a       0x12 zephyr/drivers/gpio/libdrivers__gpio.a(gpio_stm32.c.obj)
 .text.gpio_stm32_port_set_bits_raw
                0x08004f1c        0xa zephyr/drivers/gpio/libdrivers__gpio.a(gpio_stm32.c.obj)
 .text.gpio_stm32_port_clear_bits_raw
                0x08004f26        0xc zephyr/drivers/gpio/libdrivers__gpio.a(gpio_stm32.c.obj)
 .text.gpio_stm32_port_toggle_bits
                0x08004f32        0xe zephyr/drivers/gpio/libdrivers__gpio.a(gpio_stm32.c.obj)
 .text.gpio_stm32_manage_callback
                0x08004f40        0xc zephyr/drivers/gpio/libdrivers__gpio.a(gpio_stm32.c.obj)
 .text.gpio_stm32_disable_pin_irqs
                0x08004f4c       0x30 zephyr/drivers/gpio/libdrivers__gpio.a(gpio_stm32.c.obj)
 .text.gpio_stm32_config
                0x08004f7c       0x98 zephyr/drivers/gpio/libdrivers__gpio.a(gpio_stm32.c.obj)
 .text.pinctrl_lookup_state
                0x08005014       0x32 zephyr/drivers/pinctrl/libdrivers__pinctrl.a(common.c.obj)
                0x08005014                pinctrl_lookup_state
 .text.pinctrl_configure_pins
                0x08005046       0x94 zephyr/drivers/pinctrl/libdrivers__pinctrl.a(pinctrl_stm32.c.obj)
                0x08005046                pinctrl_configure_pins
 .text.reset_stm32_status
                0x080050da       0x22 zephyr/drivers/reset/libdrivers__reset.a(reset_stm32.c.obj)
 .text.reset_stm32_line_assert
                0x080050fc       0x1e zephyr/drivers/reset/libdrivers__reset.a(reset_stm32.c.obj)
 .text.reset_stm32_line_deassert
                0x0800511a       0x20 zephyr/drivers/reset/libdrivers__reset.a(reset_stm32.c.obj)
 .text.reset_stm32_line_toggle
                0x0800513a       0x16 zephyr/drivers/reset/libdrivers__reset.a(reset_stm32.c.obj)
 .text.reset_line_toggle
                0x08005150       0x12 zephyr/drivers/serial/libdrivers__serial.a(uart_stm32.c.obj)
 .text.uart_stm32_parameters_set
                0x08005162      0x122 zephyr/drivers/serial/libdrivers__serial.a(uart_stm32.c.obj)
 .text.uart_stm32_config_get
                0x08005284       0x94 zephyr/drivers/serial/libdrivers__serial.a(uart_stm32.c.obj)
 .text.uart_stm32_poll_in_visitor
                0x08005318       0x34 zephyr/drivers/serial/libdrivers__serial.a(uart_stm32.c.obj)
 .text.uart_stm32_poll_out_visitor
                0x0800534c       0x3a zephyr/drivers/serial/libdrivers__serial.a(uart_stm32.c.obj)
 .text.poll_in_u8
                0x08005386        0x6 zephyr/drivers/serial/libdrivers__serial.a(uart_stm32.c.obj)
 .text.poll_out_u8
                0x0800538c        0x6 zephyr/drivers/serial/libdrivers__serial.a(uart_stm32.c.obj)
 .text.uart_stm32_err_check
                0x08005392       0x9a zephyr/drivers/serial/libdrivers__serial.a(uart_stm32.c.obj)
 .text.uart_stm32_clocks_enable
                0x0800542c       0x18 zephyr/drivers/serial/libdrivers__serial.a(uart_stm32.c.obj)
 .text.pinctrl_apply_state
                0x08005444       0x20 zephyr/drivers/serial/libdrivers__serial.a(uart_stm32.c.obj)
 .text.uart_stm32_registers_configure
                0x08005464       0x6c zephyr/drivers/serial/libdrivers__serial.a(uart_stm32.c.obj)
 .text.uart_stm32_init
                0x080054d0       0x28 zephyr/drivers/serial/libdrivers__serial.a(uart_stm32.c.obj)
 .text.sys_clock_announce
                0x080054f8       0x16 zephyr/drivers/timer/libdrivers__timer.a(cortex_m_systick.c.obj)
 .text.z_impl_k_busy_wait
                0x0800550e       0x20 zephyr/kernel/libkernel.a(busy_wait.c.obj)
                0x0800550e                z_impl_k_busy_wait
 .text.do_device_init
                0x0800552e       0x32 zephyr/kernel/libkernel.a(device.c.obj)
                0x0800552e                do_device_init
 .text.z_impl_device_is_ready
                0x08005560       0x20 zephyr/kernel/libkernel.a(device.c.obj)
                0x08005560                z_impl_device_is_ready
 .text.arch_system_halt
                0x08005580       0x10 zephyr/kernel/libkernel.a(fatal.c.obj)
                0x08005580                arch_system_halt
 .text.k_sys_fatal_error_handler
                0x08005590        0x6 zephyr/kernel/libkernel.a(fatal.c.obj)
                0x08005590                k_sys_fatal_error_handler
 .text.idle     0x08005596       0x16 zephyr/kernel/libkernel.a(idle.c.obj)
                0x08005596                idle
 .text.arch_spin_relax
                0x080055ac        0x4 zephyr/kernel/libkernel.a(idle.c.obj)
                0x080055ac                arch_spin_relax
 .text.setup_thread_stack
                0x080055b0       0x4c zephyr/kernel/libkernel.a(thread.c.obj)
 .text.z_init_thread_base
                0x080055fc       0x16 zephyr/kernel/libkernel.a(thread.c.obj)
                0x080055fc                z_init_thread_base
 .text.thread_active_elsewhere
                0x08005612        0x4 zephyr/kernel/libkernel.a(sched.c.obj)
 .text.add_to_waitq_locked
                0x08005616       0x60 zephyr/kernel/libkernel.a(sched.c.obj)
 .text.unpend_all
                0x08005676       0x46 zephyr/kernel/libkernel.a(sched.c.obj)
 .text.z_ready_thread
                0x080056bc       0x36 zephyr/kernel/libkernel.a(sched.c.obj)
                0x080056bc                z_ready_thread
 .text.z_sched_wake_thread_locked
                0x080056f2       0x34 zephyr/kernel/libkernel.a(sched.c.obj)
                0x080056f2                z_sched_wake_thread_locked
 .text.z_thread_timeout
                0x08005726       0x2e zephyr/kernel/libkernel.a(sched.c.obj)
                0x08005726                z_thread_timeout
 .text.init_ready_q
                0x08005754        0x8 zephyr/kernel/libkernel.a(sched.c.obj)
                0x08005754                init_ready_q
 .text.remove_timeout
                0x0800575c       0x2e zephyr/kernel/libkernel.a(timeout.c.obj)
 .text.next_timeout
                0x0800578a       0x36 zephyr/kernel/libkernel.a(timeout.c.obj)
 .text.z_abort_timeout
                0x080057c0       0x7e zephyr/kernel/libkernel.a(timeout.c.obj)
                0x080057c0                z_abort_timeout
 .text.sys_clock_tick_get_32
                0x0800583e        0x8 zephyr/kernel/libkernel.a(timeout.c.obj)
                0x0800583e                sys_clock_tick_get_32
 .text.z_impl_k_uptime_ticks
                0x08005846        0x8 zephyr/kernel/libkernel.a(timeout.c.obj)
                0x08005846                z_impl_k_uptime_ticks
 .text.main     0x0800584e        0x6 zephyr/kernel/libkernel.a(main_weak.c.obj)
                0x0800584e                main
 *(SORT_BY_ALIGNMENT(.gnu.linkonce.t.*))
 *(SORT_BY_ALIGNMENT(.glue_7t))
 .glue_7t       0x08005854        0x0 linker stubs
 *(SORT_BY_ALIGNMENT(.glue_7))
 .glue_7        0x08005854        0x0 linker stubs
 *(SORT_BY_ALIGNMENT(.vfp11_veneer))
 .vfp11_veneer  0x08005854        0x0 linker stubs
 *(SORT_BY_ALIGNMENT(.v4_bx))
 .v4_bx         0x08005854        0x0 linker stubs
                0x08005854                        . = ALIGN (0x4)
                0x08005854                        __text_region_end = .

.ARM.exidx      0x08005854        0x8
                0x08005854                        __exidx_start = .
 *(SORT_BY_ALIGNMENT(.ARM.exidx*) SORT_BY_ALIGNMENT(gnu.linkonce.armexidx.*))
 .ARM.exidx     0x08005854        0x8 C:/Users/razie/zephyr-sdk-1.0.1/gnu/arm-zephyr-eabi/bin/../lib/gcc/arm-zephyr-eabi/14.3.0/thumb/v7e-m/nofp\libgcc.a(_udivmoddi4.o)
                0x0800585c                        __exidx_end = .
                0x0800585c                        __rodata_region_start = .

initlevel       0x0800585c       0x90
                0x0800585c                        __init_start = .
                0x0800585c                        __init_EARLY_start = .
 *(SORT_BY_NAME(SORT_BY_ALIGNMENT(.z_init_EARLY_P_?_*)))
 *(SORT_BY_NAME(SORT_BY_ALIGNMENT(.z_init_EARLY_P_??_*)))
 *(SORT_BY_NAME(SORT_BY_ALIGNMENT(.z_init_EARLY_P_???_*)))
                0x0800585c                        __init_PRE_KERNEL_1_start = .
 *(SORT_BY_NAME(SORT_BY_ALIGNMENT(.z_init_PRE_KERNEL_1_P_?_*)))
 .z_init_PRE_KERNEL_1_P_1_SUB_00009_
                0x0800585c        0x8 zephyr/drivers/clock_control/libdrivers__clock_control.a(clock_stm32_ll_common.c.obj)
 .z_init_PRE_KERNEL_1_P_1_SUB_0_
                0x08005864        0x8 zephyr/libzephyr.a(soc_config.c.obj)
 *(SORT_BY_NAME(SORT_BY_ALIGNMENT(.z_init_PRE_KERNEL_1_P_??_*)))
 .z_init_PRE_KERNEL_1_P_35_SUB_00054_
                0x0800586c        0x8 zephyr/drivers/reset/libdrivers__reset.a(reset_stm32.c.obj)
 .z_init_PRE_KERNEL_1_P_40_SUB_00034_
                0x08005874        0x8 zephyr/libzephyr.a(gpioport_mgr.c.obj)
 .z_init_PRE_KERNEL_1_P_40_SUB_00035_
                0x0800587c        0x8 zephyr/libzephyr.a(gpioport_mgr.c.obj)
 .z_init_PRE_KERNEL_1_P_40_SUB_00064_
                0x08005884        0x8 zephyr/drivers/interrupt_controller/libdrivers__interrupt_controller.a(intc_exti_stm32.c.obj)
 .z_init_PRE_KERNEL_1_P_40_SUB_00079_
                0x0800588c        0x8 zephyr/libzephyr.a(gpioport_mgr.c.obj)
 .z_init_PRE_KERNEL_1_P_40_SUB_00097_
                0x08005894        0x8 zephyr/libzephyr.a(gpioport_mgr.c.obj)
 .z_init_PRE_KERNEL_1_P_40_SUB_00098_
                0x0800589c        0x8 zephyr/libzephyr.a(gpioport_mgr.c.obj)
 .z_init_PRE_KERNEL_1_P_40_SUB_00099_
                0x080058a4        0x8 zephyr/libzephyr.a(gpioport_mgr.c.obj)
 .z_init_PRE_KERNEL_1_P_40_SUB_00100_
                0x080058ac        0x8 zephyr/libzephyr.a(gpioport_mgr.c.obj)
 .z_init_PRE_KERNEL_1_P_40_SUB_00101_
                0x080058b4        0x8 zephyr/libzephyr.a(gpioport_mgr.c.obj)
 .z_init_PRE_KERNEL_1_P_40_SUB_0_
                0x080058bc        0x8 zephyr/drivers/interrupt_controller/libdrivers__interrupt_controller.a(intc_gpio_stm32.c.obj)
 .z_init_PRE_KERNEL_1_P_50_SUB_00068_
                0x080058c4        0x8 zephyr/drivers/serial/libdrivers__serial.a(uart_stm32.c.obj)
 .z_init_PRE_KERNEL_1_P_50_SUB_00071_
                0x080058cc        0x8 zephyr/drivers/serial/libdrivers__serial.a(uart_stm32.c.obj)
 .z_init_PRE_KERNEL_1_P_60_SUB_0_
                0x080058d4        0x8 zephyr/drivers/console/libdrivers__console.a(uart_console.c.obj)
 *(SORT_BY_NAME(SORT_BY_ALIGNMENT(.z_init_PRE_KERNEL_1_P_???_*)))
                0x080058dc                        __init_PRE_KERNEL_2_start = .
 *(SORT_BY_NAME(SORT_BY_ALIGNMENT(.z_init_PRE_KERNEL_2_P_?_*)))
 .z_init_PRE_KERNEL_2_P_0_SUB_0_
                0x080058dc        0x8 zephyr/drivers/timer/libdrivers__timer.a(cortex_m_systick.c.obj)
 *(SORT_BY_NAME(SORT_BY_ALIGNMENT(.z_init_PRE_KERNEL_2_P_??_*)))
 *(SORT_BY_NAME(SORT_BY_ALIGNMENT(.z_init_PRE_KERNEL_2_P_???_*)))
                0x080058e4                        __init_POST_KERNEL_start = .
 *(SORT_BY_NAME(SORT_BY_ALIGNMENT(.z_init_POST_KERNEL_P_?_*)))
 *(SORT_BY_NAME(SORT_BY_ALIGNMENT(.z_init_POST_KERNEL_P_??_*)))
 .z_init_POST_KERNEL_P_35_SUB_0_
                0x080058e4        0x8 zephyr/lib/libc/common/liblib__libc__common.a(malloc.c.obj)
 *(SORT_BY_NAME(SORT_BY_ALIGNMENT(.z_init_POST_KERNEL_P_???_*)))
                0x080058ec                        __init_APPLICATION_start = .
 *(SORT_BY_NAME(SORT_BY_ALIGNMENT(.z_init_APPLICATION_P_?_*)))
 *(SORT_BY_NAME(SORT_BY_ALIGNMENT(.z_init_APPLICATION_P_??_*)))
 *(SORT_BY_NAME(SORT_BY_ALIGNMENT(.z_init_APPLICATION_P_???_*)))
                0x080058ec                        __init_SMP_start = .
 *(SORT_BY_NAME(SORT_BY_ALIGNMENT(.z_init_SMP_P_?_*)))
 *(SORT_BY_NAME(SORT_BY_ALIGNMENT(.z_init_SMP_P_??_*)))
 *(SORT_BY_NAME(SORT_BY_ALIGNMENT(.z_init_SMP_P_???_*)))
                0x080058ec                        __init_end = .

device_area     0x080058ec      0x16c
                0x080058ec                        _device_list_start = .
 *(SORT_BY_NAME(SORT_BY_ALIGNMENT(._device.static.*_?_*)))
 ._device.static.1_1_
                0x080058ec       0x1c zephyr/drivers/clock_control/libdrivers__clock_control.a(clock_stm32_ll_common.c.obj)
                0x080058ec                __device_dts_ord_9
 *(SORT_BY_NAME(SORT_BY_ALIGNMENT(._device.static.*_??_*)))
 ._device.static.1_35_
                0x08005908       0x1c zephyr/drivers/reset/libdrivers__reset.a(reset_stm32.c.obj)
                0x08005908                __device_dts_ord_54
 ._device.static.1_40_
                0x08005924       0xe0 zephyr/libzephyr.a(gpioport_mgr.c.obj)
                0x08005924                __device_dts_ord_101
                0x08005940                __device_dts_ord_100
                0x0800595c                __device_dts_ord_99
                0x08005978                __device_dts_ord_98
                0x08005994                __device_dts_ord_97
                0x080059b0                __device_dts_ord_35
                0x080059cc                __device_dts_ord_79
                0x080059e8                __device_dts_ord_34
 ._device.static.1_40_
                0x08005a04       0x1c zephyr/drivers/interrupt_controller/libdrivers__interrupt_controller.a(intc_exti_stm32.c.obj)
                0x08005a04                __device_dts_ord_64
 ._device.static.1_50_
                0x08005a20       0x38 zephyr/drivers/serial/libdrivers__serial.a(uart_stm32.c.obj)
                0x08005a20                __device_dts_ord_68
                0x08005a3c                __device_dts_ord_71
 *(SORT_BY_NAME(SORT_BY_ALIGNMENT(._device.static.*_???_*)))
 *(SORT_BY_NAME(SORT_BY_ALIGNMENT(._device.static.*_????_*)))
 *(SORT_BY_NAME(SORT_BY_ALIGNMENT(._device.static.*_?????_*)))
                0x08005a58                        _device_list_end = .

sw_isr_table    0x08005a58      0x250
                0x08005a58                        . = ALIGN (0x4)
 *(SORT_BY_ALIGNMENT(.gnu.linkonce.sw_isr_table*))
 .gnu.linkonce.sw_isr_table
                0x08005a58      0x250 zephyr/CMakeFiles/zephyr_final.dir/isr_tables.c.obj
                0x08005a58                _sw_isr_table

initlevel_error
 *(SORT_BY_NAME(SORT_BY_ALIGNMENT(.z_init_*)))
                0x00000001                        ASSERT ((SIZEOF (initlevel_error) == 0x0), Undefined initialization levels used.)

app_shmem_regions
                0x08005ca8        0x0
                0x08005ca8                        __app_shmem_regions_start = .
 *(SORT_BY_NAME(SORT_BY_ALIGNMENT(.app_regions.*)))
                0x08005ca8                        __app_shmem_regions_end = .

k_p4wq_initparam_area
                0x08005ca8        0x0
                0x08005ca8                        _k_p4wq_initparam_list_start = .
 *(SORT_BY_NAME(SORT_BY_ALIGNMENT(._k_p4wq_initparam.static.*)))
                0x08005ca8                        _k_p4wq_initparam_list_end = .

_static_thread_data_area
                0x08005ca8       0xf0
                0x08005ca8                        __static_thread_data_list_start = .
 *(SORT_BY_NAME(SORT_BY_ALIGNMENT(.__static_thread_data.static.*)))
 .__static_thread_data.static._k_thread_data_autofan_id_
                0x08005ca8       0x30 app/libapp.a(main.c.obj)
                0x08005ca8                _k_thread_data_autofan_id
 .__static_thread_data.static._k_thread_data_botones_id_
                0x08005cd8       0x30 app/libapp.a(main.c.obj)
                0x08005cd8                _k_thread_data_botones_id
 .__static_thread_data.static._k_thread_data_juego_id_
                0x08005d08       0x30 app/libapp.a(main.c.obj)
                0x08005d08                _k_thread_data_juego_id
 .__static_thread_data.static._k_thread_data_main_id_
                0x08005d38       0x30 app/libapp.a(main.c.obj)
                0x08005d38                _k_thread_data_main_id
 .__static_thread_data.static._k_thread_data_tiempo_id_
                0x08005d68       0x30 app/libapp.a(main.c.obj)
                0x08005d68                _k_thread_data_tiempo_id
                0x08005d98                        __static_thread_data_list_end = .

device_deps     0x08005d98        0x0
                0x08005d98                        __device_deps_start = .
 *(SORT_BY_NAME(SORT_BY_ALIGNMENT(.__device_deps_pass2*)))
                0x08005d98                        __device_deps_end = .

gpio_driver_api_area
                0x08005d98       0x24
                0x08005d98                        _gpio_driver_api_list_start = .
 *(SORT_BY_NAME(SORT_BY_ALIGNMENT(._gpio_driver_api.static.*)))
 ._gpio_driver_api.static.gpio_stm32_driver_
                0x08005d98       0x24 zephyr/drivers/gpio/libdrivers__gpio.a(gpio_stm32.c.obj)
                0x08005d98                gpio_stm32_driver
                0x08005dbc                        _gpio_driver_api_list_end = .

reset_driver_api_area
                0x08005dbc       0x10
                0x08005dbc                        _reset_driver_api_list_start = .
 *(SORT_BY_NAME(SORT_BY_ALIGNMENT(._reset_driver_api.static.*)))
 ._reset_driver_api.static.reset_stm32_driver_api_
                0x08005dbc       0x10 zephyr/drivers/reset/libdrivers__reset.a(reset_stm32.c.obj)
                0x08005dcc                        _reset_driver_api_list_end = .

shared_irq_driver_api_area
                0x08005dcc        0x0
                0x08005dcc                        _shared_irq_driver_api_list_start = .
 *(SORT_BY_NAME(SORT_BY_ALIGNMENT(._shared_irq_driver_api.static.*)))
                0x08005dcc                        _shared_irq_driver_api_list_end = .

crypto_driver_api_area
                0x08005dcc        0x0
                0x08005dcc                        _crypto_driver_api_list_start = .
 *(SORT_BY_NAME(SORT_BY_ALIGNMENT(._crypto_driver_api.static.*)))
                0x08005dcc                        _crypto_driver_api_list_end = .

adc_driver_api_area
                0x08005dcc        0x0
                0x08005dcc                        _adc_driver_api_list_start = .
 *(SORT_BY_NAME(SORT_BY_ALIGNMENT(._adc_driver_api.static.*)))
                0x08005dcc                        _adc_driver_api_list_end = .

auxdisplay_driver_api_area
                0x08005dcc        0x0
                0x08005dcc                        _auxdisplay_driver_api_list_start = .
 *(SORT_BY_NAME(SORT_BY_ALIGNMENT(._auxdisplay_driver_api.static.*)))
                0x08005dcc                        _auxdisplay_driver_api_list_end = .

bbram_driver_api_area
                0x08005dcc        0x0
                0x08005dcc                        _bbram_driver_api_list_start = .
 *(SORT_BY_NAME(SORT_BY_ALIGNMENT(._bbram_driver_api.static.*)))
                0x08005dcc                        _bbram_driver_api_list_end = .

biometric_driver_api_area
                0x08005dcc        0x0
                0x08005dcc                        _biometric_driver_api_list_start = .
 *(SORT_BY_NAME(SORT_BY_ALIGNMENT(._biometric_driver_api.static.*)))
                0x08005dcc                        _biometric_driver_api_list_end = .

bt_hci_driver_api_area
                0x08005dcc        0x0
                0x08005dcc                        _bt_hci_driver_api_list_start = .
 *(SORT_BY_NAME(SORT_BY_ALIGNMENT(._bt_hci_driver_api.static.*)))
                0x08005dcc                        _bt_hci_driver_api_list_end = .

can_driver_api_area
                0x08005dcc        0x0
                0x08005dcc                        _can_driver_api_list_start = .
 *(SORT_BY_NAME(SORT_BY_ALIGNMENT(._can_driver_api.static.*)))
                0x08005dcc                        _can_driver_api_list_end = .

cellular_driver_api_area
                0x08005dcc        0x0
                0x08005dcc                        _cellular_driver_api_list_start = .
 *(SORT_BY_NAME(SORT_BY_ALIGNMENT(._cellular_driver_api.static.*)))
                0x08005dcc                        _cellular_driver_api_list_end = .

charger_driver_api_area
                0x08005dcc        0x0
                0x08005dcc                        _charger_driver_api_list_start = .
 *(SORT_BY_NAME(SORT_BY_ALIGNMENT(._charger_driver_api.static.*)))
                0x08005dcc                        _charger_driver_api_list_end = .

clock_control_driver_api_area
                0x08005dcc       0x1c
                0x08005dcc                        _clock_control_driver_api_list_start = .
 *(SORT_BY_NAME(SORT_BY_ALIGNMENT(._clock_control_driver_api.static.*)))
 ._clock_control_driver_api.static.stm32_clock_control_api_
                0x08005dcc       0x1c zephyr/drivers/clock_control/libdrivers__clock_control.a(clock_stm32_ll_common.c.obj)
                0x08005de8                        _clock_control_driver_api_list_end = .

comparator_driver_api_area
                0x08005de8        0x0
                0x08005de8                        _comparator_driver_api_list_start = .
 *(SORT_BY_NAME(SORT_BY_ALIGNMENT(._comparator_driver_api.static.*)))
                0x08005de8                        _comparator_driver_api_list_end = .

coredump_driver_api_area
                0x08005de8        0x0
                0x08005de8                        _coredump_driver_api_list_start = .
 *(SORT_BY_NAME(SORT_BY_ALIGNMENT(._coredump_driver_api.static.*)))
                0x08005de8                        _coredump_driver_api_list_end = .

counter_driver_api_area
                0x08005de8        0x0
                0x08005de8                        _counter_driver_api_list_start = .
 *(SORT_BY_NAME(SORT_BY_ALIGNMENT(._counter_driver_api.static.*)))
                0x08005de8                        _counter_driver_api_list_end = .

crc_driver_api_area
                0x08005de8        0x0
                0x08005de8                        _crc_driver_api_list_start = .
 *(SORT_BY_NAME(SORT_BY_ALIGNMENT(._crc_driver_api.static.*)))
                0x08005de8                        _crc_driver_api_list_end = .

dac_driver_api_area
                0x08005de8        0x0
                0x08005de8                        _dac_driver_api_list_start = .
 *(SORT_BY_NAME(SORT_BY_ALIGNMENT(._dac_driver_api.static.*)))
                0x08005de8                        _dac_driver_api_list_end = .

dai_driver_api_area
                0x08005de8        0x0
                0x08005de8                        _dai_driver_api_list_start = .
 *(SORT_BY_NAME(SORT_BY_ALIGNMENT(._dai_driver_api.static.*)))
                0x08005de8                        _dai_driver_api_list_end = .

display_driver_api_area
                0x08005de8        0x0
                0x08005de8                        _display_driver_api_list_start = .
 *(SORT_BY_NAME(SORT_BY_ALIGNMENT(._display_driver_api.static.*)))
                0x08005de8                        _display_driver_api_list_end = .

dma_driver_api_area
                0x08005de8        0x0
                0x08005de8                        _dma_driver_api_list_start = .
 *(SORT_BY_NAME(SORT_BY_ALIGNMENT(._dma_driver_api.static.*)))
                0x08005de8                        _dma_driver_api_list_end = .

edac_driver_api_area
                0x08005de8        0x0
                0x08005de8                        _edac_driver_api_list_start = .
 *(SORT_BY_NAME(SORT_BY_ALIGNMENT(._edac_driver_api.static.*)))
                0x08005de8                        _edac_driver_api_list_end = .

eeprom_driver_api_area
                0x08005de8        0x0
                0x08005de8                        _eeprom_driver_api_list_start = .
 *(SORT_BY_NAME(SORT_BY_ALIGNMENT(._eeprom_driver_api.static.*)))
                0x08005de8                        _eeprom_driver_api_list_end = .

emul_bbram_driver_api_area
                0x08005de8        0x0
                0x08005de8                        _emul_bbram_driver_api_list_start = .
 *(SORT_BY_NAME(SORT_BY_ALIGNMENT(._emul_bbram_driver_api.static.*)))
                0x08005de8                        _emul_bbram_driver_api_list_end = .

fuel_gauge_emul_driver_api_area
                0x08005de8        0x0
                0x08005de8                        _fuel_gauge_emul_driver_api_list_start = .
 *(SORT_BY_NAME(SORT_BY_ALIGNMENT(._fuel_gauge_emul_driver_api.static.*)))
                0x08005de8                        _fuel_gauge_emul_driver_api_list_end = .

emul_sensor_driver_api_area
                0x08005de8        0x0
                0x08005de8                        _emul_sensor_driver_api_list_start = .
 *(SORT_BY_NAME(SORT_BY_ALIGNMENT(._emul_sensor_driver_api.static.*)))
                0x08005de8                        _emul_sensor_driver_api_list_end = .

entropy_driver_api_area
                0x08005de8        0x0
                0x08005de8                        _entropy_driver_api_list_start = .
 *(SORT_BY_NAME(SORT_BY_ALIGNMENT(._entropy_driver_api.static.*)))
                0x08005de8                        _entropy_driver_api_list_end = .

espi_driver_api_area
                0x08005de8        0x0
                0x08005de8                        _espi_driver_api_list_start = .
 *(SORT_BY_NAME(SORT_BY_ALIGNMENT(._espi_driver_api.static.*)))
                0x08005de8                        _espi_driver_api_list_end = .

espi_saf_driver_api_area
                0x08005de8        0x0
                0x08005de8                        _espi_saf_driver_api_list_start = .
 *(SORT_BY_NAME(SORT_BY_ALIGNMENT(._espi_saf_driver_api.static.*)))
                0x08005de8                        _espi_saf_driver_api_list_end = .

flash_driver_api_area
                0x08005de8        0x0
                0x08005de8                        _flash_driver_api_list_start = .
 *(SORT_BY_NAME(SORT_BY_ALIGNMENT(._flash_driver_api.static.*)))
                0x08005de8                        _flash_driver_api_list_end = .

fpga_driver_api_area
                0x08005de8        0x0
                0x08005de8                        _fpga_driver_api_list_start = .
 *(SORT_BY_NAME(SORT_BY_ALIGNMENT(._fpga_driver_api.static.*)))
                0x08005de8                        _fpga_driver_api_list_end = .

fuel_gauge_driver_api_area
                0x08005de8        0x0
                0x08005de8                        _fuel_gauge_driver_api_list_start = .
 *(SORT_BY_NAME(SORT_BY_ALIGNMENT(._fuel_gauge_driver_api.static.*)))
                0x08005de8                        _fuel_gauge_driver_api_list_end = .

gnss_driver_api_area
                0x08005de8        0x0
                0x08005de8                        _gnss_driver_api_list_start = .
 *(SORT_BY_NAME(SORT_BY_ALIGNMENT(._gnss_driver_api.static.*)))
                0x08005de8                        _gnss_driver_api_list_end = .

haptics_driver_api_area
                0x08005de8        0x0
                0x08005de8                        _haptics_driver_api_list_start = .
 *(SORT_BY_NAME(SORT_BY_ALIGNMENT(._haptics_driver_api.static.*)))
                0x08005de8                        _haptics_driver_api_list_end = .

hwspinlock_driver_api_area
                0x08005de8        0x0
                0x08005de8                        _hwspinlock_driver_api_list_start = .
 *(SORT_BY_NAME(SORT_BY_ALIGNMENT(._hwspinlock_driver_api.static.*)))
                0x08005de8                        _hwspinlock_driver_api_list_end = .

i2c_driver_api_area
                0x08005de8        0x0
                0x08005de8                        _i2c_driver_api_list_start = .
 *(SORT_BY_NAME(SORT_BY_ALIGNMENT(._i2c_driver_api.static.*)))
                0x08005de8                        _i2c_driver_api_list_end = .

i2c_target_driver_api_area
                0x08005de8        0x0
                0x08005de8                        _i2c_target_driver_api_list_start = .
 *(SORT_BY_NAME(SORT_BY_ALIGNMENT(._i2c_target_driver_api.static.*)))
                0x08005de8                        _i2c_target_driver_api_list_end = .

i2s_driver_api_area
                0x08005de8        0x0
                0x08005de8                        _i2s_driver_api_list_start = .
 *(SORT_BY_NAME(SORT_BY_ALIGNMENT(._i2s_driver_api.static.*)))
                0x08005de8                        _i2s_driver_api_list_end = .

i3c_driver_api_area
                0x08005de8        0x0
                0x08005de8                        _i3c_driver_api_list_start = .
 *(SORT_BY_NAME(SORT_BY_ALIGNMENT(._i3c_driver_api.static.*)))
                0x08005de8                        _i3c_driver_api_list_end = .

ipm_driver_api_area
                0x08005de8        0x0
                0x08005de8                        _ipm_driver_api_list_start = .
 *(SORT_BY_NAME(SORT_BY_ALIGNMENT(._ipm_driver_api.static.*)))
                0x08005de8                        _ipm_driver_api_list_end = .

led_driver_api_area
                0x08005de8        0x0
                0x08005de8                        _led_driver_api_list_start = .
 *(SORT_BY_NAME(SORT_BY_ALIGNMENT(._led_driver_api.static.*)))
                0x08005de8                        _led_driver_api_list_end = .

led_strip_driver_api_area
                0x08005de8        0x0
                0x08005de8                        _led_strip_driver_api_list_start = .
 *(SORT_BY_NAME(SORT_BY_ALIGNMENT(._led_strip_driver_api.static.*)))
                0x08005de8                        _led_strip_driver_api_list_end = .

lora_driver_api_area
                0x08005de8        0x0
                0x08005de8                        _lora_driver_api_list_start = .
 *(SORT_BY_NAME(SORT_BY_ALIGNMENT(._lora_driver_api.static.*)))
                0x08005de8                        _lora_driver_api_list_end = .

mbox_driver_api_area
                0x08005de8        0x0
                0x08005de8                        _mbox_driver_api_list_start = .
 *(SORT_BY_NAME(SORT_BY_ALIGNMENT(._mbox_driver_api.static.*)))
                0x08005de8                        _mbox_driver_api_list_end = .

mdio_driver_api_area
                0x08005de8        0x0
                0x08005de8                        _mdio_driver_api_list_start = .
 *(SORT_BY_NAME(SORT_BY_ALIGNMENT(._mdio_driver_api.static.*)))
                0x08005de8                        _mdio_driver_api_list_end = .

mipi_dbi_driver_api_area
                0x08005de8        0x0
                0x08005de8                        _mipi_dbi_driver_api_list_start = .
 *(SORT_BY_NAME(SORT_BY_ALIGNMENT(._mipi_dbi_driver_api.static.*)))
                0x08005de8                        _mipi_dbi_driver_api_list_end = .

mipi_dsi_driver_api_area
                0x08005de8        0x0
                0x08005de8                        _mipi_dsi_driver_api_list_start = .
 *(SORT_BY_NAME(SORT_BY_ALIGNMENT(._mipi_dsi_driver_api.static.*)))
                0x08005de8                        _mipi_dsi_driver_api_list_end = .

mspi_driver_api_area
                0x08005de8        0x0
                0x08005de8                        _mspi_driver_api_list_start = .
 *(SORT_BY_NAME(SORT_BY_ALIGNMENT(._mspi_driver_api.static.*)))
                0x08005de8                        _mspi_driver_api_list_end = .

opamp_driver_api_area
                0x08005de8        0x0
                0x08005de8                        _opamp_driver_api_list_start = .
 *(SORT_BY_NAME(SORT_BY_ALIGNMENT(._opamp_driver_api.static.*)))
                0x08005de8                        _opamp_driver_api_list_end = .

otp_driver_api_area
                0x08005de8        0x0
                0x08005de8                        _otp_driver_api_list_start = .
 *(SORT_BY_NAME(SORT_BY_ALIGNMENT(._otp_driver_api.static.*)))
                0x08005de8                        _otp_driver_api_list_end = .

peci_driver_api_area
                0x08005de8        0x0
                0x08005de8                        _peci_driver_api_list_start = .
 *(SORT_BY_NAME(SORT_BY_ALIGNMENT(._peci_driver_api.static.*)))
                0x08005de8                        _peci_driver_api_list_end = .

ps2_driver_api_area
                0x08005de8        0x0
                0x08005de8                        _ps2_driver_api_list_start = .
 *(SORT_BY_NAME(SORT_BY_ALIGNMENT(._ps2_driver_api.static.*)))
                0x08005de8                        _ps2_driver_api_list_end = .

ptp_clock_driver_api_area
                0x08005de8        0x0
                0x08005de8                        _ptp_clock_driver_api_list_start = .
 *(SORT_BY_NAME(SORT_BY_ALIGNMENT(._ptp_clock_driver_api.static.*)))
                0x08005de8                        _ptp_clock_driver_api_list_end = .

pwm_driver_api_area
                0x08005de8        0x0
                0x08005de8                        _pwm_driver_api_list_start = .
 *(SORT_BY_NAME(SORT_BY_ALIGNMENT(._pwm_driver_api.static.*)))
                0x08005de8                        _pwm_driver_api_list_end = .

regulator_parent_driver_api_area
                0x08005de8        0x0
                0x08005de8                        _regulator_parent_driver_api_list_start = .
 *(SORT_BY_NAME(SORT_BY_ALIGNMENT(._regulator_parent_driver_api.static.*)))
                0x08005de8                        _regulator_parent_driver_api_list_end = .

regulator_driver_api_area
                0x08005de8        0x0
                0x08005de8                        _regulator_driver_api_list_start = .
 *(SORT_BY_NAME(SORT_BY_ALIGNMENT(._regulator_driver_api.static.*)))
                0x08005de8                        _regulator_driver_api_list_end = .

retained_mem_driver_api_area
                0x08005de8        0x0
                0x08005de8                        _retained_mem_driver_api_list_start = .
 *(SORT_BY_NAME(SORT_BY_ALIGNMENT(._retained_mem_driver_api.static.*)))
                0x08005de8                        _retained_mem_driver_api_list_end = .

rtc_driver_api_area
                0x08005de8        0x0
                0x08005de8                        _rtc_driver_api_list_start = .
 *(SORT_BY_NAME(SORT_BY_ALIGNMENT(._rtc_driver_api.static.*)))
                0x08005de8                        _rtc_driver_api_list_end = .

sdhc_driver_api_area
                0x08005de8        0x0
                0x08005de8                        _sdhc_driver_api_list_start = .
 *(SORT_BY_NAME(SORT_BY_ALIGNMENT(._sdhc_driver_api.static.*)))
                0x08005de8                        _sdhc_driver_api_list_end = .

sensor_driver_api_area
                0x08005de8        0x0
                0x08005de8                        _sensor_driver_api_list_start = .
 *(SORT_BY_NAME(SORT_BY_ALIGNMENT(._sensor_driver_api.static.*)))
                0x08005de8                        _sensor_driver_api_list_end = .

smbus_driver_api_area
                0x08005de8        0x0
                0x08005de8                        _smbus_driver_api_list_start = .
 *(SORT_BY_NAME(SORT_BY_ALIGNMENT(._smbus_driver_api.static.*)))
                0x08005de8                        _smbus_driver_api_list_end = .

spi_driver_api_area
                0x08005de8        0x0
                0x08005de8                        _spi_driver_api_list_start = .
 *(SORT_BY_NAME(SORT_BY_ALIGNMENT(._spi_driver_api.static.*)))
                0x08005de8                        _spi_driver_api_list_end = .

syscon_driver_api_area
                0x08005de8        0x0
                0x08005de8                        _syscon_driver_api_list_start = .
 *(SORT_BY_NAME(SORT_BY_ALIGNMENT(._syscon_driver_api.static.*)))
                0x08005de8                        _syscon_driver_api_list_end = .

tee_driver_api_area
                0x08005de8        0x0
                0x08005de8                        _tee_driver_api_list_start = .
 *(SORT_BY_NAME(SORT_BY_ALIGNMENT(._tee_driver_api.static.*)))
                0x08005de8                        _tee_driver_api_list_end = .

uaol_driver_api_area
                0x08005de8        0x0
                0x08005de8                        _uaol_driver_api_list_start = .
 *(SORT_BY_NAME(SORT_BY_ALIGNMENT(._uaol_driver_api.static.*)))
                0x08005de8                        _uaol_driver_api_list_end = .

video_driver_api_area
                0x08005de8        0x0
                0x08005de8                        _video_driver_api_list_start = .
 *(SORT_BY_NAME(SORT_BY_ALIGNMENT(._video_driver_api.static.*)))
                0x08005de8                        _video_driver_api_list_end = .

virtio_driver_api_area
                0x08005de8        0x0
                0x08005de8                        _virtio_driver_api_list_start = .
 *(SORT_BY_NAME(SORT_BY_ALIGNMENT(._virtio_driver_api.static.*)))
                0x08005de8                        _virtio_driver_api_list_end = .

w1_driver_api_area
                0x08005de8        0x0
                0x08005de8                        _w1_driver_api_list_start = .
 *(SORT_BY_NAME(SORT_BY_ALIGNMENT(._w1_driver_api.static.*)))
                0x08005de8                        _w1_driver_api_list_end = .

wdt_driver_api_area
                0x08005de8        0x0
                0x08005de8                        _wdt_driver_api_list_start = .
 *(SORT_BY_NAME(SORT_BY_ALIGNMENT(._wdt_driver_api.static.*)))
                0x08005de8                        _wdt_driver_api_list_end = .

wuc_driver_api_area
                0x08005de8        0x0
                0x08005de8                        _wuc_driver_api_list_start = .
 *(SORT_BY_NAME(SORT_BY_ALIGNMENT(._wuc_driver_api.static.*)))
                0x08005de8                        _wuc_driver_api_list_end = .

can_transceiver_driver_api_area
                0x08005de8        0x0
                0x08005de8                        _can_transceiver_driver_api_list_start = .
 *(SORT_BY_NAME(SORT_BY_ALIGNMENT(._can_transceiver_driver_api.static.*)))
                0x08005de8                        _can_transceiver_driver_api_list_end = .

nrf_clock_control_driver_api_area
                0x08005de8        0x0
                0x08005de8                        _nrf_clock_control_driver_api_list_start = .
 *(SORT_BY_NAME(SORT_BY_ALIGNMENT(._nrf_clock_control_driver_api.static.*)))
                0x08005de8                        _nrf_clock_control_driver_api_list_end = .

i3c_target_driver_api_area
                0x08005de8        0x0
                0x08005de8                        _i3c_target_driver_api_list_start = .
 *(SORT_BY_NAME(SORT_BY_ALIGNMENT(._i3c_target_driver_api.static.*)))
                0x08005de8                        _i3c_target_driver_api_list_end = .

its_driver_api_area
                0x08005de8        0x0
                0x08005de8                        _its_driver_api_list_start = .
 *(SORT_BY_NAME(SORT_BY_ALIGNMENT(._its_driver_api.static.*)))
                0x08005de8                        _its_driver_api_list_end = .

vtd_driver_api_area
                0x08005de8        0x0
                0x08005de8                        _vtd_driver_api_list_start = .
 *(SORT_BY_NAME(SORT_BY_ALIGNMENT(._vtd_driver_api.static.*)))
                0x08005de8                        _vtd_driver_api_list_end = .

renesas_elc_driver_api_area
                0x08005de8        0x0
                0x08005de8                        _renesas_elc_driver_api_list_start = .
 *(SORT_BY_NAME(SORT_BY_ALIGNMENT(._renesas_elc_driver_api.static.*)))
                0x08005de8                        _renesas_elc_driver_api_list_end = .

tgpio_driver_api_area
                0x08005de8        0x0
                0x08005de8                        _tgpio_driver_api_list_start = .
 *(SORT_BY_NAME(SORT_BY_ALIGNMENT(._tgpio_driver_api.static.*)))
                0x08005de8                        _tgpio_driver_api_list_end = .

pcie_ctrl_driver_api_area
                0x08005de8        0x0
                0x08005de8                        _pcie_ctrl_driver_api_list_start = .
 *(SORT_BY_NAME(SORT_BY_ALIGNMENT(._pcie_ctrl_driver_api.static.*)))
                0x08005de8                        _pcie_ctrl_driver_api_list_end = .

pcie_ep_driver_api_area
                0x08005de8        0x0
                0x08005de8                        _pcie_ep_driver_api_list_start = .
 *(SORT_BY_NAME(SORT_BY_ALIGNMENT(._pcie_ep_driver_api.static.*)))
                0x08005de8                        _pcie_ep_driver_api_list_end = .

psi5_driver_api_area
                0x08005de8        0x0
                0x08005de8                        _psi5_driver_api_list_start = .
 *(SORT_BY_NAME(SORT_BY_ALIGNMENT(._psi5_driver_api.static.*)))
                0x08005de8                        _psi5_driver_api_list_end = .

sent_driver_api_area
                0x08005de8        0x0
                0x08005de8                        _sent_driver_api_list_start = .
 *(SORT_BY_NAME(SORT_BY_ALIGNMENT(._sent_driver_api.static.*)))
                0x08005de8                        _sent_driver_api_list_end = .

svc_driver_api_area
                0x08005de8        0x0
                0x08005de8                        _svc_driver_api_list_start = .
 *(SORT_BY_NAME(SORT_BY_ALIGNMENT(._svc_driver_api.static.*)))
                0x08005de8                        _svc_driver_api_list_end = .

stepper_driver_api_area
                0x08005de8        0x0
                0x08005de8                        _stepper_driver_api_list_start = .
 *(SORT_BY_NAME(SORT_BY_ALIGNMENT(._stepper_driver_api.static.*)))
                0x08005de8                        _stepper_driver_api_list_end = .

stepper_ctrl_driver_api_area
                0x08005de8        0x0
                0x08005de8                        _stepper_ctrl_driver_api_list_start = .
 *(SORT_BY_NAME(SORT_BY_ALIGNMENT(._stepper_ctrl_driver_api.static.*)))
                0x08005de8                        _stepper_ctrl_driver_api_list_end = .

uart_driver_api_area
                0x08005de8       0x14
                0x08005de8                        _uart_driver_api_list_start = .
 *(SORT_BY_NAME(SORT_BY_ALIGNMENT(._uart_driver_api.static.*)))
 ._uart_driver_api.static.uart_stm32_driver_api_
                0x08005de8       0x14 zephyr/drivers/serial/libdrivers__serial.a(uart_stm32.c.obj)
                0x08005dfc                        _uart_driver_api_list_end = .

bc12_emul_driver_api_area
                0x08005dfc        0x0
                0x08005dfc                        _bc12_emul_driver_api_list_start = .
 *(SORT_BY_NAME(SORT_BY_ALIGNMENT(._bc12_emul_driver_api.static.*)))
                0x08005dfc                        _bc12_emul_driver_api_list_end = .

bc12_driver_api_area
                0x08005dfc        0x0
                0x08005dfc                        _bc12_driver_api_list_start = .
 *(SORT_BY_NAME(SORT_BY_ALIGNMENT(._bc12_driver_api.static.*)))
                0x08005dfc                        _bc12_driver_api_list_end = .

usbc_ppc_driver_api_area
                0x08005dfc        0x0
                0x08005dfc                        _usbc_ppc_driver_api_list_start = .
 *(SORT_BY_NAME(SORT_BY_ALIGNMENT(._usbc_ppc_driver_api.static.*)))
                0x08005dfc                        _usbc_ppc_driver_api_list_end = .

tcpc_driver_api_area
                0x08005dfc        0x0
                0x08005dfc                        _tcpc_driver_api_list_start = .
 *(SORT_BY_NAME(SORT_BY_ALIGNMENT(._tcpc_driver_api.static.*)))
                0x08005dfc                        _tcpc_driver_api_list_end = .

usbc_vbus_driver_api_area
                0x08005dfc        0x0
                0x08005dfc                        _usbc_vbus_driver_api_list_start = .
 *(SORT_BY_NAME(SORT_BY_ALIGNMENT(._usbc_vbus_driver_api.static.*)))
                0x08005dfc                        _usbc_vbus_driver_api_list_end = .

ivshmem_driver_api_area
                0x08005dfc        0x0
                0x08005dfc                        _ivshmem_driver_api_list_start = .
 *(SORT_BY_NAME(SORT_BY_ALIGNMENT(._ivshmem_driver_api.static.*)))
                0x08005dfc                        _ivshmem_driver_api_list_end = .

ethphy_driver_api_area
                0x08005dfc        0x0
                0x08005dfc                        _ethphy_driver_api_list_start = .
 *(SORT_BY_NAME(SORT_BY_ALIGNMENT(._ethphy_driver_api.static.*)))
                0x08005dfc                        _ethphy_driver_api_list_end = .

ztest           0x08005dfc        0x0
                0x08005dfc                        _ztest_expected_result_entry_list_start = .
 *(SORT_BY_NAME(SORT_BY_ALIGNMENT(._ztest_expected_result_entry.static.*)))
                0x08005dfc                        _ztest_expected_result_entry_list_end = .
                0x08005dfc                        _ztest_suite_node_list_start = .
 *(SORT_BY_NAME(SORT_BY_ALIGNMENT(._ztest_suite_node.static.*)))
                0x08005dfc                        _ztest_suite_node_list_end = .
                0x08005dfc                        _ztest_unit_test_list_start = .
 *(SORT_BY_NAME(SORT_BY_ALIGNMENT(._ztest_unit_test.static.*)))
                0x08005dfc                        _ztest_unit_test_list_end = .
                0x08005dfc                        _ztest_test_rule_list_start = .
 *(SORT_BY_NAME(SORT_BY_ALIGNMENT(._ztest_test_rule.static.*)))
                0x08005dfc                        _ztest_test_rule_list_end = .

init_array      0x08005dfc        0x0
                0x08005dfc                        __zephyr_init_array_start = .
 *(SORT_BY_INIT_PRIORITY(.init_array.*) SORT_BY_INIT_PRIORITY(.ctors.*))
 *(SORT_BY_ALIGNMENT(.init_array) SORT_BY_ALIGNMENT(.ctors))
                0x08005dfc                        __zephyr_init_array_end = .
                0x00000001                        ASSERT ((__zephyr_init_array_start == __zephyr_init_array_end), GNU-style constructors required but STATIC_INIT_GNU not enabled)

bt_l2cap_fixed_chan_area
                0x08005dfc        0x0
                0x08005dfc                        _bt_l2cap_fixed_chan_list_start = .
 *(SORT_BY_NAME(SORT_BY_ALIGNMENT(._bt_l2cap_fixed_chan.static.*)))
                0x08005dfc                        _bt_l2cap_fixed_chan_list_end = .

bt_gatt_service_static_area
                0x08005dfc        0x0
                0x08005dfc                        _bt_gatt_service_static_list_start = .
 *(SORT_BY_NAME(SORT_BY_ALIGNMENT(._bt_gatt_service_static.static.*)))
                0x08005dfc                        _bt_gatt_service_static_list_end = .

log_strings_area
                0x08005dfc        0x0
                0x08005dfc                        _log_strings_list_start = .
 *(SORT_BY_NAME(SORT_BY_ALIGNMENT(._log_strings.static.*)))
                0x08005dfc                        _log_strings_list_end = .

log_stmesp_ptr_area
                0x08005dfc        0x0
                0x08005dfc                        _log_stmesp_ptr_list_start = .
 *(SORT_BY_NAME(SORT_BY_ALIGNMENT(._log_stmesp_ptr.static.*)))
                0x08005dfc                        _log_stmesp_ptr_list_end = .

log_stmesp_str_area
                0x08005dfc        0x0
                0x08005dfc                        _log_stmesp_str_list_start = .
 *(SORT_BY_NAME(SORT_BY_ALIGNMENT(._log_stmesp_str.static.*)))
                0x08005dfc                        _log_stmesp_str_list_end = .

log_const_area  0x08005dfc        0x0
                0x08005dfc                        _log_const_list_start = .
 *(SORT_BY_NAME(SORT_BY_ALIGNMENT(._log_const.static.*)))
                0x08005dfc                        _log_const_list_end = .

log_backend_area
                0x08005dfc        0x0
                0x08005dfc                        _log_backend_list_start = .
 *(SORT_BY_NAME(SORT_BY_ALIGNMENT(._log_backend.static.*)))
                0x08005dfc                        _log_backend_list_end = .

log_link_area   0x08005dfc        0x0
                0x08005dfc                        _log_link_list_start = .
 *(SORT_BY_NAME(SORT_BY_ALIGNMENT(._log_link.static.*)))
                0x08005dfc                        _log_link_list_end = .

tracing_backend_area
                0x08005dfc        0x0
                0x08005dfc                        _tracing_backend_list_start = .
 *(SORT_BY_NAME(SORT_BY_ALIGNMENT(._tracing_backend.static.*)))
                0x08005dfc                        _tracing_backend_list_end = .

zephyr_dbg_info
                0x08005dfc       0x44
 *(SORT_BY_ALIGNMENT(.dbg_thread_info))
 .dbg_thread_info
                0x08005dfc       0x44 zephyr/libzephyr.a(thread_info.c.obj)
                0x08005dfc                _kernel_openocd_size_t_size
                0x08005dfc                _kernel_thread_info_size_t_size
                0x08005e00                _kernel_openocd_num_offsets
                0x08005e00                _kernel_thread_info_num_offsets
                0x08005e04                _kernel_openocd_offsets
                0x08005e04                _kernel_thread_info_offsets

intc_table_area
                0x08005e40        0x0
                0x08005e40                        _intc_table_list_start = .
 *(SORT_BY_NAME(SORT_BY_ALIGNMENT(._intc_table.static.*)))
                0x08005e40                        _intc_table_list_end = .

symbol_to_keep  0x08005e40        0x0
                0x08005e40                        __symbol_to_keep_start = .
 *(SORT_BY_NAME(SORT_BY_ALIGNMENT(.symbol_to_keep*)))
                0x08005e40                        __symbol_to_keep_end = .

shell_area      0x08005e40        0x0
                0x08005e40                        _shell_list_start = .
 *(SORT_BY_NAME(SORT_BY_ALIGNMENT(._shell.static.*)))
                0x08005e40                        _shell_list_end = .

shell_root_cmds_area
                0x08005e40        0x0
                0x08005e40                        _shell_root_cmds_list_start = .
 *(SORT_BY_NAME(SORT_BY_ALIGNMENT(._shell_root_cmds.static.*)))
                0x08005e40                        _shell_root_cmds_list_end = .

shell_subcmds_area
                0x08005e40        0x0
                0x08005e40                        _shell_subcmds_list_start = .
 *(SORT_BY_NAME(SORT_BY_ALIGNMENT(._shell_subcmds.static.*)))
                0x08005e40                        _shell_subcmds_list_end = .

shell_dynamic_subcmds_area
                0x08005e40        0x0
                0x08005e40                        _shell_dynamic_subcmds_list_start = .
 *(SORT_BY_NAME(SORT_BY_ALIGNMENT(._shell_dynamic_subcmds.static.*)))
                0x08005e40                        _shell_dynamic_subcmds_list_end = .

cfb_font_area   0x08005e40        0x0
                0x08005e40                        _cfb_font_list_start = .
 *(SORT_BY_NAME(SORT_BY_ALIGNMENT(._cfb_font.static.*)))
                0x08005e40                        _cfb_font_list_end = .

tdata           0x08005e40        0x8
 *(SORT_BY_ALIGNMENT(.tdata) SORT_BY_ALIGNMENT(.tdata.*) SORT_BY_ALIGNMENT(.gnu.linkonce.td.*))
 .tdata._rand_next
                0x08005e40        0x8 C:/Users/razie/zephyr-sdk-1.0.1/gnu/arm-zephyr-eabi/bin/../lib/gcc/arm-zephyr-eabi/14.3.0/../../../../arm-zephyr-eabi/lib/thumb/v7e-m/nofp\libc.a(libc_stdlib_random.c.o)
                0x08005e40                _rand_next

tbss            0x08005e48        0x4
 *(SORT_BY_ALIGNMENT(.tbss) SORT_BY_ALIGNMENT(.tbss.*) SORT_BY_ALIGNMENT(.gnu.linkonce.tb.*) SORT_BY_ALIGNMENT(.tcommon))
 .tbss.z_tls_current
                0x08005e48        0x4 zephyr/libzephyr.a(thread_entry.c.obj)
                0x08005e48                z_tls_current
                0x08005e40                        PROVIDE (__tdata_start = LOADADDR (tdata))
                0x00000008                        PROVIDE (__tdata_align = ALIGNOF (tdata))
                0x00000008                        PROVIDE (__tdata_size = (((SIZEOF (tdata) + __tdata_align) - 0x1) & ~ ((__tdata_align - 0x1))))
                [!provide]                        PROVIDE (__tdata_end = (__tdata_start + __tdata_size))
                0x00000004                        PROVIDE (__tbss_align = ALIGNOF (tbss))
                [!provide]                        PROVIDE (__tbss_start = ADDR (tbss))
                0x00000004                        PROVIDE (__tbss_size = (((SIZEOF (tbss) + __tbss_align) - 0x1) & ~ ((__tbss_align - 0x1))))
                [!provide]                        PROVIDE (__tbss_end = (__tbss_start + __tbss_size))
                [!provide]                        PROVIDE (__tls_start = __tdata_start)
                [!provide]                        PROVIDE (__tls_end = __tbss_end)
                [!provide]                        PROVIDE (__tls_size = (__tbss_end - __tdata_start))

rodata          0x08005e48      0x9ac
 *(SORT_BY_ALIGNMENT(.rodata))
 .rodata        0x08005e48        0x8 zephyr/drivers/interrupt_controller/libdrivers__interrupt_controller.a(intc_exti_stm32.c.obj)
 *(SORT_BY_ALIGNMENT(.rodata.*))
 .rodata.leer_botones.str1.4
                0x08005e50      0x764 app/libapp.a(main.c.obj)
                                 0x15 (size before relaxing)
 .rodata.iniciar_juego.str1.4
                0x080065b4       0x40 app/libapp.a(main.c.obj)
 .rodata.menu.str1.4
                0x080065b4       0xa5 app/libapp.a(main.c.obj)
 .rodata.ajustar_brillo.str1.4
                0x080065b4       0x16 app/libapp.a(main.c.obj)
 .rodata.mostrar_boton.str1.4
                0x080065b4       0x26 app/libapp.a(main.c.obj)
 .rodata.mainloop.str1.4
                0x080065b4       0x79 app/libapp.a(main.c.obj)
 .rodata.str1.4
                0x080065b4       0x38 app/libapp.a(main.c.obj)
 .rodata.dio_pin
                0x080065b4        0x8 app/libapp.a(main.c.obj)
 .rodata.clk_pin
                0x080065bc        0x8 app/libapp.a(main.c.obj)
 .rodata.stb_pin
                0x080065c4        0x8 app/libapp.a(main.c.obj)
 .rodata.digit_font
                0x080065cc        0xa app/libapp.a(tm1638.c.obj)
 .rodata.str1.4
                0x080065d6       0x7e zephyr/libzephyr.a(gpioport_mgr.c.obj)
 *fill*         0x080065d6        0x2 
 .rodata.gpio_stm32_cfg_h