C:/Users/razie/OneDrive/Documentos/PowerShell/STM32/deps/zephyr/include/zephyr/kernel.h:702:23:k_msleep	8	static
C:/zephyr/TM1638/src/main.c:157:6:leer_botones	16	static
C:/zephyr/TM1638/src/main.c:184:6:actualizar_tiempo	16	static
C:/zephyr/TM1638/src/main.c:204:6:iniciar_juego	24	static
C:/zephyr/TM1638/src/main.c:268:6:autofan	16	static
C:/zephyr/TM1638/src/main.c:56:6:menu	8	static
C:/zephyr/TM1638/src/main.c:64:6:ajustar_brillo	16	static
C:/zephyr/TM1638/src/main.c:100:6:mostrar_bienvenida	8	static
C:/zephyr/TM1638/src/main.c:112:6:mostrar_boton	16	static
C:/zephyr/TM1638/src/main.c:295:6:mainloop	32	static
