C:/Users/razie/OneDrive/Documentos/PowerShell/STM32/deps/zephyr/include/zephyr/drivers/gpio.h:998:19:z_impl_gpio_pin_configure	16	static
C:/Users/razie/OneDrive/Documentos/PowerShell/STM32/deps/zephyr/include/zephyr/drivers/gpio.h:1066:19:gpio_pin_configure_dt	8	static
C:/Users/razie/OneDrive/Documentos/PowerShell/STM32/deps/zephyr/include/zephyr/drivers/gpio.h:1314:19:gpio_port_get	16	static
C:/Users/razie/OneDrive/Documentos/PowerShell/STM32/deps/zephyr/include/zephyr/drivers/gpio.h:1602:19:gpio_pin_get	16	static
C:/Users/razie/OneDrive/Documentos/PowerShell/STM32/deps/zephyr/include/zephyr/drivers/gpio.h:1650:19:gpio_pin_set_raw	8	static
C:/Users/razie/OneDrive/Documentos/PowerShell/STM32/deps/zephyr/include/zephyr/drivers/gpio.h:1690:19:gpio_pin_set	8	static
C:/zephyr/TM1638/src/tm1638.c:67:13:send_byte	16	static
C:/zephyr/TM1638/src/tm1638.c:99:13:write_at	16	static
C:/zephyr/TM1638/src/tm1638.c:80:16:recv_byte	16	static
C:/zephyr/TM1638/src/tm1638.c:113:16:scan_keys_raw	16	static
C:/zephyr/TM1638/src/tm1638.c:168:5:tm1638_set_brightness	16	static
C:/zephyr/TM1638/src/tm1638.c:183:5:tm1638_set_digit	8	static
C:/zephyr/TM1638/src/tm1638.c:226:5:tm1638_clear	8	static
C:/zephyr/TM1638/src/tm1638.c:137:5:tm1638_init	32	static
C:/zephyr/TM1638/src/tm1638.c:237:5:tm1638_clear_digits	8	static
C:/zephyr/TM1638/src/tm1638.c:196:5:tm1638_display	16	static
C:/zephyr/TM1638/src/tm1638.c:248:5:tm1638_clear_leds	8	static
C:/zephyr/TM1638/src/tm1638.c:259:5:tm1638_set_led	8	static
C:/zephyr/TM1638/src/tm1638.c:275:5:tm1638_get_button	8	static
