C:/Users/razie/zephyr-sdk-1.0.1/gnu/arm-zephyr-eabi/arm-zephyr-eabi/sys-include/sys/lock.h:35:6:__retarget_lock_init_recursive	8	static
C:/Users/razie/zephyr-sdk-1.0.1/gnu/arm-zephyr-eabi/arm-zephyr-eabi/sys-include/sys/lock.h:34:6:__retarget_lock_init	8	static
C:/Users/razie/zephyr-sdk-1.0.1/gnu/arm-zephyr-eabi/arm-zephyr-eabi/sys-include/sys/lock.h:37:6:__retarget_lock_close_recursive	8	static
C:/Users/razie/zephyr-sdk-1.0.1/gnu/arm-zephyr-eabi/arm-zephyr-eabi/sys-include/sys/lock.h:36:6:__retarget_lock_close	8	static
C:/Users/razie/zephyr-sdk-1.0.1/gnu/arm-zephyr-eabi/arm-zephyr-eabi/sys-include/sys/lock.h:39:6:__retarget_lock_acquire_recursive	8	static
C:/Users/razie/zephyr-sdk-1.0.1/gnu/arm-zephyr-eabi/arm-zephyr-eabi/sys-include/sys/lock.h:38:6:__retarget_lock_acquire	8	static
C:/Users/razie/OneDrive/Documentos/PowerShell/STM32/deps/zephyr/lib/libc/picolibc/locks.c:91:5:__retarget_lock_try_acquire_recursive	8	static
C:/Users/razie/OneDrive/Documentos/PowerShell/STM32/deps/zephyr/lib/libc/picolibc/locks.c:98:5:__retarget_lock_try_acquire	8	static
C:/Users/razie/zephyr-sdk-1.0.1/gnu/arm-zephyr-eabi/arm-zephyr-eabi/sys-include/sys/lock.h:41:6:__retarget_lock_release_recursive	8	static
C:/Users/razie/zephyr-sdk-1.0.1/gnu/arm-zephyr-eabi/arm-zephyr-eabi/sys-include/sys/lock.h:40:6:__retarget_lock_release	8	static
